Archive member included to satisfy reference by file (symbol)

c:/program files (x86)/gnu arm embedded toolchain/10 2021.10/bin/../lib/gcc/arm-none-eabi/10.3.1/../../../../arm-none-eabi/lib/thumb/v6-m/nofp\libc_nano.a(lib_a-errno.o)
                              build/sysmem.o (__errno)
c:/program files (x86)/gnu arm embedded toolchain/10 2021.10/bin/../lib/gcc/arm-none-eabi/10.3.1/../../../../arm-none-eabi/lib/thumb/v6-m/nofp\libc_nano.a(lib_a-exit.o)
                              c:/program files (x86)/gnu arm embedded toolchain/10 2021.10/bin/../lib/gcc/arm-none-eabi/10.3.1/../../../../arm-none-eabi/lib/thumb/v6-m/nofp/crt0.o (exit)
c:/program files (x86)/gnu arm embedded toolchain/10 2021.10/bin/../lib/gcc/arm-none-eabi/10.3.1/../../../../arm-none-eabi/lib/thumb/v6-m/nofp\libc_nano.a(lib_a-impure.o)
                              c:/program files (x86)/gnu arm embedded toolchain/10 2021.10/bin/../lib/gcc/arm-none-eabi/10.3.1/../../../../arm-none-eabi/lib/thumb/v6-m/nofp\libc_nano.a(lib_a-exit.o) (_global_impure_ptr)
c:/program files (x86)/gnu arm embedded toolchain/10 2021.10/bin/../lib/gcc/arm-none-eabi/10.3.1/../../../../arm-none-eabi/lib/thumb/v6-m/nofp\libc_nano.a(lib_a-init.o)
                              c:/program files (x86)/gnu arm embedded toolchain/10 2021.10/bin/../lib/gcc/arm-none-eabi/10.3.1/../../../../arm-none-eabi/lib/thumb/v6-m/nofp/crt0.o (__libc_init_array)
c:/program files (x86)/gnu arm embedded toolchain/10 2021.10/bin/../lib/gcc/arm-none-eabi/10.3.1/../../../../arm-none-eabi/lib/thumb/v6-m/nofp\libc_nano.a(lib_a-memcpy-stub.o)
                              build/queue.o (memcpy)
c:/program files (x86)/gnu arm embedded toolchain/10 2021.10/bin/../lib/gcc/arm-none-eabi/10.3.1/../../../../arm-none-eabi/lib/thumb/v6-m/nofp\libc_nano.a(lib_a-memset.o)
                              c:/program files (x86)/gnu arm embedded toolchain/10 2021.10/bin/../lib/gcc/arm-none-eabi/10.3.1/../../../../arm-none-eabi/lib/thumb/v6-m/nofp/crt0.o (memset)
c:/program files (x86)/gnu arm embedded toolchain/10 2021.10/bin/../lib/gcc/arm-none-eabi/10.3.1/thumb/v6-m/nofp\libgcc.a(_udivsi3.o)
                              build/stm32c0xx_hal.o (__aeabi_uidiv)
c:/program files (x86)/gnu arm embedded toolchain/10 2021.10/bin/../lib/gcc/arm-none-eabi/10.3.1/thumb/v6-m/nofp\libgcc.a(_divsi3.o)
                              build/stm32c0xx_hal_uart_ex.o (__aeabi_idiv)
c:/program files (x86)/gnu arm embedded toolchain/10 2021.10/bin/../lib/gcc/arm-none-eabi/10.3.1/thumb/v6-m/nofp\libgcc.a(_dvmd_tls.o)
                              c:/program files (x86)/gnu arm embedded toolchain/10 2021.10/bin/../lib/gcc/arm-none-eabi/10.3.1/thumb/v6-m/nofp\libgcc.a(_udivsi3.o) (__aeabi_idiv0)

Discarded input sections

 .text          0x00000000        0x0 c:/program files (x86)/gnu arm embedded toolchain/10 2021.10/bin/../lib/gcc/arm-none-eabi/10.3.1/thumb/v6-m/nofp/crti.o
 .data          0x00000000        0x0 c:/program files (x86)/gnu arm embedded toolchain/10 2021.10/bin/../lib/gcc/arm-none-eabi/10.3.1/thumb/v6-m/nofp/crti.o
 .bss           0x00000000        0x0 c:/program files (x86)/gnu arm embedded toolchain/10 2021.10/bin/../lib/gcc/arm-none-eabi/10.3.1/thumb/v6-m/nofp/crti.o
 .data          0x00000000        0x4 c:/program files (x86)/gnu arm embedded toolchain/10 2021.10/bin/../lib/gcc/arm-none-eabi/10.3.1/thumb/v6-m/nofp/crtbegin.o
 .rodata        0x00000000       0x24 c:/program files (x86)/gnu arm embedded toolchain/10 2021.10/bin/../lib/gcc/arm-none-eabi/10.3.1/thumb/v6-m/nofp/crtbegin.o
 .text          0x00000000       0x80 c:/program files (x86)/gnu arm embedded toolchain/10 2021.10/bin/../lib/gcc/arm-none-eabi/10.3.1/../../../../arm-none-eabi/lib/thumb/v6-m/nofp/crt0.o
 .data          0x00000000        0x0 c:/program files (x86)/gnu arm embedded toolchain/10 2021.10/bin/../lib/gcc/arm-none-eabi/10.3.1/../../../../arm-none-eabi/lib/thumb/v6-m/nofp/crt0.o
 .bss           0x00000000        0x0 c:/program files (x86)/gnu arm embedded toolchain/10 2021.10/bin/../lib/gcc/arm-none-eabi/10.3.1/../../../../arm-none-eabi/lib/thumb/v6-m/nofp/crt0.o
 .ARM.extab     0x00000000        0x0 c:/program files (x86)/gnu arm embedded toolchain/10 2021.10/bin/../lib/gcc/arm-none-eabi/10.3.1/../../../../arm-none-eabi/lib/thumb/v6-m/nofp/crt0.o
 .ARM.exidx     0x00000000       0x10 c:/program files (x86)/gnu arm embedded toolchain/10 2021.10/bin/../lib/gcc/arm-none-eabi/10.3.1/../../../../arm-none-eabi/lib/thumb/v6-m/nofp/crt0.o
 .ARM.attributes
                0x00000000       0x1b c:/program files (x86)/gnu arm embedded toolchain/10 2021.10/bin/../lib/gcc/arm-none-eabi/10.3.1/../../../../arm-none-eabi/lib/thumb/v6-m/nofp/crt0.o
 .text          0x00000000        0x0 build/main.o
 .data          0x00000000        0x0 build/main.o
 .bss           0x00000000        0x0 build/main.o
 .text.Q_onError
                0x00000000        0x2 build/main.o
 .text          0x00000000        0x0 build/gpio.o
[...]
Memory Configuration

Name             Origin             Length             Attributes
RAM              0x20000000         0x00003000         xrw
FLASH            0x08000000         0x00008000         xr
*default*        0x00000000         0xffffffff

Linker script and memory map

LOAD c:/program files (x86)/gnu arm embedded toolchain/10 2021.10/bin/../lib/gcc/arm-none-eabi/10.3.1/thumb/v6-m/nofp/crti.o
LOAD c:/program files (x86)/gnu arm embedded toolchain/10 2021.10/bin/../lib/gcc/arm-none-eabi/10.3.1/thumb/v6-m/nofp/crtbegin.o
LOAD c:/program files (x86)/gnu arm embedded toolchain/10 2021.10/bin/../lib/gcc/arm-none-eabi/10.3.1/../../../../arm-none-eabi/lib/thumb/v6-m/nofp/crt0.o
LOAD build/main.o
LOAD build/gpio.o
LOAD build/app_freertos.o
LOAD build/stm32c0xx_it.o
LOAD build/stm32c0xx_hal_msp.o
LOAD build/stm32c0xx_nucleo.o
LOAD build/stm32c0xx_hal_usart_ex.o
LOAD build/stm32c0xx_hal.o
LOAD build/stm32c0xx_hal_cortex.o
LOAD build/stm32c0xx_hal_rcc.o
LOAD build/stm32c0xx_hal_rcc_ex.o
LOAD build/stm32c0xx_hal_flash.o
LOAD build/stm32c0xx_hal_flash_ex.o
LOAD build/stm32c0xx_hal_gpio.o
LOAD build/stm32c0xx_hal_dma.o
LOAD build/stm32c0xx_hal_dma_ex.o
LOAD build/stm32c0xx_hal_pwr.o
LOAD build/stm32c0xx_hal_pwr_ex.o
LOAD build/stm32c0xx_hal_exti.o
LOAD build/stm32c0xx_hal_tim.o
LOAD build/stm32c0xx_hal_tim_ex.o
LOAD build/stm32c0xx_hal_usart.o
LOAD build/stm32c0xx_hal_uart_ex.o
LOAD build/stm32c0xx_hal_uart.o
LOAD build/system_stm32c0xx.o
LOAD build/qep_hsm.o
LOAD build/qep_msm.o
LOAD build/qf_act.o
LOAD build/qf_defer.o
LOAD build/qf_dyn.o
LOAD build/qf_mem.o
LOAD build/qf_ps.o
LOAD build/qf_qact.o
LOAD build/qf_qeq.o
LOAD build/qf_qmact.o
LOAD build/qf_time.o
LOAD build/qf_port.o
LOAD build/croutine.o
LOAD build/event_groups.o
LOAD build/list.o
LOAD build/queue.o
LOAD build/stream_buffer.o
LOAD build/tasks.o
LOAD build/timers.o
LOAD build/cmsis_os2.o
LOAD build/port.o
LOAD build/sysmem.o
LOAD build/syscalls.o
LOAD build/heap_4.o
LOAD build/startup_stm32c031xx.o
LOAD c:/program files (x86)/gnu arm embedded toolchain/10 2021.10/bin/../lib/gcc/arm-none-eabi/10.3.1/../../../../arm-none-eabi/lib/thumb/v6-m/nofp\libc_nano.a
LOAD c:/program files (x86)/gnu arm embedded toolchain/10 2021.10/bin/../lib/gcc/arm-none-eabi/10.3.1/../../../../arm-none-eabi/lib/thumb/v6-m/nofp\libm.a
LOAD c:/program files (x86)/gnu arm embedded toolchain/10 2021.10/bin/../lib/gcc/arm-none-eabi/10.3.1/../../../../arm-none-eabi/lib/thumb/v6-m/nofp\libnosys.a
START GROUP
LOAD c:/program files (x86)/gnu arm embedded toolchain/10 2021.10/bin/../lib/gcc/arm-none-eabi/10.3.1/thumb/v6-m/nofp\libgcc.a
LOAD c:/program files (x86)/gnu arm embedded toolchain/10 2021.10/bin/../lib/gcc/arm-none-eabi/10.3.1/../../../../arm-none-eabi/lib/thumb/v6-m/nofp\libc_nano.a
END GROUP
START GROUP
LOAD c:/program files (x86)/gnu arm embedded toolchain/10 2021.10/bin/../lib/gcc/arm-none-eabi/10.3.1/thumb/v6-m/nofp\libgcc.a
LOAD c:/program files (x86)/gnu arm embedded toolchain/10 2021.10/bin/../lib/gcc/arm-none-eabi/10.3.1/../../../../arm-none-eabi/lib/thumb/v6-m/nofp\libc_nano.a
END GROUP
LOAD c:/program files (x86)/gnu arm embedded toolchain/10 2021.10/bin/../lib/gcc/arm-none-eabi/10.3.1/thumb/v6-m/nofp/crtend.o
LOAD c:/program files (x86)/gnu arm embedded toolchain/10 2021.10/bin/../lib/gcc/arm-none-eabi/10.3.1/thumb/v6-m/nofp/crtn.o
                0x20003000                _estack = (ORIGIN (RAM) + LENGTH (RAM))
                0x00000200                _Min_Heap_Size = 0x200
                0x00000400                _Min_Stack_Size = 0x400

.isr_vector     0x08000000       0xc0
                0x08000000                . = ALIGN (0x4)
 *(.isr_vector)
 .isr_vector    0x08000000       0xc0 build/startup_stm32c031xx.o
                0x08000000                g_pfnVectors
                0x080000c0                . = ALIGN (0x4)

.text           0x080000c0     0x2c08
                0x080000c0                . = ALIGN (0x4)
 *(.text)
 .text          0x080000c0       0x48 c:/program files (x86)/gnu arm embedded toolchain/10 2021.10/bin/../lib/gcc/arm-none-eabi/10.3.1/thumb/v6-m/nofp/crtbegin.o
 .text          0x08000108      0x114 c:/program files (x86)/gnu arm embedded toolchain/10 2021.10/bin/../lib/gcc/arm-none-eabi/10.3.1/thumb/v6-m/nofp\libgcc.a(_udivsi3.o)
                0x08000108                __aeabi_uidiv
                0x08000108                __udivsi3
                0x08000214                __aeabi_uidivmod
 .text          0x0800021c        0x4 c:/program files (x86)/gnu arm embedded toolchain/10 2021.10/bin/../lib/gcc/arm-none-eabi/10.3.1/thumb/v6-m/nofp\libgcc.a(_dvmd_tls.o)
                0x0800021c                __aeabi_idiv0
                0x0800021c                __aeabi_ldiv0
 *(.text*)
 .text.Error_Handler
                0x08000220        0x4 build/main.o
                0x08000220                Error_Handler
 .text.SystemClock_Config
                0x08000224       0x64 build/main.o
                0x08000224                SystemClock_Config
 .text.main     0x08000288       0x50 build/main.o
                0x08000288                main
 .text.MX_GPIO_Init
                0x080002d8       0xac build/gpio.o
                0x080002d8                MX_GPIO_Init
 .text.StartDefaultTask
                0x08000384        0xc build/app_freertos.o
                0x08000384                StartDefaultTask
 .text.StartTask02
                0x08000390        0xc build/app_freertos.o
                0x08000390                StartTask02
 .text.StartTask03
                0x0800039c        0xc build/app_freertos.o
                0x0800039c                StartTask03
 .text.MX_FREERTOS_Init
                0x080003a8       0x54 build/app_freertos.o
                0x080003a8                MX_FREERTOS_Init
 .text.HardFault_Handler
                0x080003fc        0x2 build/stm32c0xx_it.o
                0x080003fc                HardFault_Handler
 .text.SysTick_Handler
                0x080003fe       0x16 build/stm32c0xx_it.o
                0x080003fe                SysTick_Handler
 .text.FLASH_IRQHandler
                0x08000414        0x8 build/stm32c0xx_it.o
                0x08000414                FLASH_IRQHandler
 .text.RCC_IRQHandler
                0x0800041c        0x2 build/stm32c0xx_it.o
                0x0800041c                RCC_IRQHandler
 .text.EXTI4_15_IRQHandler
                0x0800041e        0xc build/stm32c0xx_it.o
                0x0800041e                EXTI4_15_IRQHandler
 *fill*         0x0800042a        0x2 
 .text.HAL_MspInit
                0x0800042c       0x5c build/stm32c0xx_hal_msp.o
                0x0800042c                HAL_MspInit
 .text.COM1_MspInit
                0x08000488       0x68 build/stm32c0xx_nucleo.o
 .text.BSP_LED_Init
                0x080004f0       0x84 build/stm32c0xx_nucleo.o
                0x080004f0                BSP_LED_Init
 .text.BSP_PB_Init
                0x08000574       0x90 build/stm32c0xx_nucleo.o
                0x08000574                BSP_PB_Init
 .text.BSP_PB_Callback
                0x08000604        0x2 build/stm32c0xx_nucleo.o
                0x08000604                BSP_PB_Callback
 .text.BUTTON_USER_EXTI_Callback
                0x08000606        0xa build/stm32c0xx_nucleo.o
 .text.MX_USART2_Init
                0x08000610       0x34 build/stm32c0xx_nucleo.o
                0x08000610                MX_USART2_Init
 .text.BSP_COM_Init
                0x08000644       0x34 build/stm32c0xx_nucleo.o
                0x08000644                BSP_COM_Init
 .text.HAL_InitTick
                0x08000678       0x58 build/stm32c0xx_hal.o
                0x08000678                HAL_InitTick
 .text.HAL_Init
                0x080006d0       0x18 build/stm32c0xx_hal.o
                0x080006d0                HAL_Init
 .text.HAL_IncTick
                0x080006e8       0x18 build/stm32c0xx_hal.o
                0x080006e8                HAL_IncTick
 .text.HAL_GetTick
                0x08000700        0xc build/stm32c0xx_hal.o
                0x08000700                HAL_GetTick
 .text.HAL_NVIC_SetPriority
                0x0800070c       0x60 build/stm32c0xx_hal_cortex.o
                0x0800070c                HAL_NVIC_SetPriority
 .text.HAL_NVIC_EnableIRQ
                0x0800076c       0x18 build/stm32c0xx_hal_cortex.o
                0x0800076c                HAL_NVIC_EnableIRQ
 .text.HAL_SYSTICK_Config
                0x08000784       0x38 build/stm32c0xx_hal_cortex.o
                0x08000784                HAL_SYSTICK_Config
 .text.HAL_RCC_OscConfig
                0x080007bc      0x2bc build/stm32c0xx_hal_rcc.o
                0x080007bc                HAL_RCC_OscConfig
 .text.HAL_RCC_GetSysClockFreq
                0x08000a78       0x5c build/stm32c0xx_hal_rcc.o
                0x08000a78                HAL_RCC_GetSysClockFreq
 .text.HAL_RCC_ClockConfig
                0x08000ad4      0x184 build/stm32c0xx_hal_rcc.o
                0x08000ad4                HAL_RCC_ClockConfig
 .text.HAL_RCC_GetHCLKFreq
                0x08000c58       0x30 build/stm32c0xx_hal_rcc.o
                0x08000c58                HAL_RCC_GetHCLKFreq
 .text.HAL_RCC_GetPCLK1Freq
                0x08000c88       0x28 build/stm32c0xx_hal_rcc.o
                0x08000c88                HAL_RCC_GetPCLK1Freq
 .text.HAL_FLASH_EndOfOperationCallback
                0x08000cb0        0x2 build/stm32c0xx_hal_flash.o
                0x08000cb0                HAL_FLASH_EndOfOperationCallback
 .text.HAL_FLASH_OperationErrorCallback
                0x08000cb2        0x2 build/stm32c0xx_hal_flash.o
                0x08000cb2                HAL_FLASH_OperationErrorCallback
 .text.HAL_FLASH_IRQHandler
                0x08000cb4       0xc0 build/stm32c0xx_hal_flash.o
                0x08000cb4                HAL_FLASH_IRQHandler
 .text.FLASH_PageErase
                0x08000d74       0x1c build/stm32c0xx_hal_flash_ex.o
                0x08000d74                FLASH_PageErase
 .text.HAL_GPIO_Init
                0x08000d90      0x1bc build/stm32c0xx_hal_gpio.o
                0x08000d90                HAL_GPIO_Init
 .text.HAL_GPIO_WritePin
                0x08000f4c        0xc build/stm32c0xx_hal_gpio.o
                0x08000f4c                HAL_GPIO_WritePin
 .text.HAL_GPIO_EXTI_Rising_Callback
                0x08000f58        0x2 build/stm32c0xx_hal_gpio.o
                0x08000f58                HAL_GPIO_EXTI_Rising_Callback
 .text.HAL_GPIO_EXTI_Falling_Callback
                0x08000f5a        0x2 build/stm32c0xx_hal_gpio.o
                0x08000f5a                HAL_GPIO_EXTI_Falling_Callback
 .text.HAL_GPIO_EXTI_IRQHandler
                0x08000f5c       0x30 build/stm32c0xx_hal_gpio.o
                0x08000f5c                HAL_GPIO_EXTI_IRQHandler
 .text.HAL_EXTI_RegisterCallback
                0x08000f8c       0x24 build/stm32c0xx_hal_exti.o
                0x08000f8c                HAL_EXTI_RegisterCallback
 .text.HAL_EXTI_GetHandle
                0x08000fb0        0xe build/stm32c0xx_hal_exti.o
                0x08000fb0                HAL_EXTI_GetHandle
 *fill*         0x08000fbe        0x2 
 .text.UART_EndRxTransfer
                0x08000fc0       0x64 build/stm32c0xx_hal_uart.o
 .text.HAL_UART_MspInit
                0x08001024        0x2 build/stm32c0xx_hal_uart.o
                0x08001024                HAL_UART_MspInit
 *fill*         0x08001026        0x2 
 .text.UART_SetConfig
                0x08001028      0x1c8 build/stm32c0xx_hal_uart.o
                0x08001028                UART_SetConfig
 .text.UART_AdvFeatureConfig
                0x080011f0       0xe0 build/stm32c0xx_hal_uart.o
                0x080011f0                UART_AdvFeatureConfig
 .text.UART_WaitOnFlagUntilTimeout
                0x080012d0       0x9e build/stm32c0xx_hal_uart.o
                0x080012d0                UART_WaitOnFlagUntilTimeout
 *fill*         0x0800136e        0x2 
 .text.UART_CheckIdleState
                0x08001370       0xd4 build/stm32c0xx_hal_uart.o
                0x08001370                UART_CheckIdleState
 .text.HAL_UART_Init
                0x08001444       0x70 build/stm32c0xx_hal_uart.o
                0x08001444                HAL_UART_Init
 .text.SystemInit
                0x080014b4       0x10 build/system_stm32c0xx.o
                0x080014b4                SystemInit
 .text.vListInitialise
                0x080014c4       0x16 build/list.o
                0x080014c4                vListInitialise
 .text.vListInitialiseItem
                0x080014da        0x6 build/list.o
                0x080014da                vListInitialiseItem
 .text.vListInsert
                0x080014e0       0x2e build/list.o
                0x080014e0                vListInsert
 .text.uxListRemove
                0x0800150e       0x26 build/list.o
                0x0800150e                uxListRemove
 .text.prvIsQueueEmpty
                0x08001534       0x1c build/queue.o
 .text.prvCopyDataFromQueue
                0x08001550       0x24 build/queue.o
 .text.prvUnlockQueue
                0x08001574       0x72 build/queue.o
 .text.xQueueGenericReset
                0x080015e6       0xb4 build/queue.o
                0x080015e6                xQueueGenericReset
 .text.prvInitialiseNewQueue
                0x0800169a       0x22 build/queue.o
 .text.xQueueGenericCreateStatic
                0x080016bc       0x4c build/queue.o
                0x080016bc                xQueueGenericCreateStatic
 .text.xQueueReceive
                0x08001708      0x116 build/queue.o
                0x08001708                xQueueReceive
 *fill*         0x0800181e        0x2 
 .text.vQueueAddToRegistry
                0x08001820       0x4c build/queue.o
                0x08001820                vQueueAddToRegistry
 .text.vQueueWaitForMessageRestricted
                0x0800186c       0x50 build/queue.o
                0x0800186c                vQueueWaitForMessageRestricted
 .text.prvResetNextTaskUnblockTime
                0x080018bc       0x2c build/tasks.o
 .text.prvInitialiseNewTask
                0x080018e8       0x94 build/tasks.o
 .text.prvInitialiseTaskLists
                0x0800197c       0x68 build/tasks.o
 .text.prvAddNewTaskToReadyList
                0x080019e4       0xc4 build/tasks.o
 .text.prvDeleteTCB
                0x08001aa8       0x2c build/tasks.o
 .text.prvCheckTasksWaitingTermination
                0x08001ad4       0x44 build/tasks.o
 .text.prvIdleTask
                0x08001b18       0x18 build/tasks.o
 .text.prvAddCurrentTaskToDelayedList
                0x08001b30       0x94 build/tasks.o
 .text.xTaskCreateStatic
                0x08001bc4       0x6e build/tasks.o
                0x08001bc4                xTaskCreateStatic
 .text.xTaskCreate
                0x08001c32       0x6c build/tasks.o
                0x08001c32                xTaskCreate
 *fill*         0x08001c9e        0x2 
 .text.vTaskStartScheduler
                0x08001ca0       0x88 build/tasks.o
                0x08001ca0                vTaskStartScheduler
 .text.vTaskSuspendAll
                0x08001d28       0x10 build/tasks.o
                0x08001d28                vTaskSuspendAll
 .text.xTaskGetTickCount
                0x08001d38        0xc build/tasks.o
                0x08001d38                xTaskGetTickCount
 .text.xTaskIncrementTick
                0x08001d44      0x164 build/tasks.o
                0x08001d44                xTaskIncrementTick
 .text.xTaskResumeAll
                0x08001ea8      0x140 build/tasks.o
                0x08001ea8                xTaskResumeAll
 .text.vTaskDelay
                0x08001fe8       0x30 build/tasks.o
                0x08001fe8                vTaskDelay
 .text.vTaskSwitchContext
                0x08002018       0x8c build/tasks.o
                0x08002018                vTaskSwitchContext
 .text.vTaskPlaceOnEventList
                0x080020a4       0x24 build/tasks.o
                0x080020a4                vTaskPlaceOnEventList
 .text.vTaskPlaceOnEventListRestricted
                0x080020c8       0x48 build/tasks.o
                0x080020c8                vTaskPlaceOnEventListRestricted
 .text.xTaskRemoveFromEventList
                0x08002110       0xe8 build/tasks.o
                0x08002110                xTaskRemoveFromEventList
 .text.vTaskInternalSetTimeOutState
                0x080021f8       0x18 build/tasks.o
                0x080021f8                vTaskInternalSetTimeOutState
 .text.xTaskCheckForTimeOut
                0x08002210       0x6c build/tasks.o
                0x08002210                xTaskCheckForTimeOut
 .text.vTaskMissedYield
                0x0800227c        0xc build/tasks.o
                0x0800227c                vTaskMissedYield
 .text.xTaskGetSchedulerState
                0x08002288       0x24 build/tasks.o
                0x08002288                xTaskGetSchedulerState
 .text.prvGetNextExpireTime
                0x080022ac       0x24 build/timers.o
 .text.prvInsertTimerInActiveList
                0x080022d0       0x48 build/timers.o
 .text.prvReloadTimer
                0x08002318       0x2a build/timers.o
 *fill*         0x08002342        0x2 
 .text.prvProcessExpiredTimer
                0x08002344       0x3c build/timers.o
 .text.prvSwitchTimerLists
                0x08002380       0x30 build/timers.o
 .text.prvSampleTimeNow
                0x080023b0       0x2c build/timers.o
 .text.prvProcessTimerOrBlockTask
                0x080023dc       0x70 build/timers.o
 .text.prvProcessReceivedCommands
                0x0800244c       0xf0 build/timers.o
 .text.prvTimerTask
                0x0800253c       0x16 build/timers.o
 *fill*         0x08002552        0x2 
 .text.prvCheckForValidListAndQueue
                0x08002554       0x70 build/timers.o
 .text.xTimerCreateTimerTask
                0x080025c4       0x5c build/timers.o
                0x080025c4                xTimerCreateTimerTask
 .text.osKernelInitialize
                0x08002620       0x50 build/cmsis_os2.o
                0x08002620                osKernelInitialize
 .text.osKernelStart
                0x08002670       0x68 build/cmsis_os2.o
                0x08002670                osKernelStart
 .text.osThreadNew
                0x080026d8       0xf0 build/cmsis_os2.o
                0x080026d8                osThreadNew
 .text.osDelay  0x080027c8       0x3e build/cmsis_os2.o
                0x080027c8                osDelay
 *fill*         0x08002806        0x2 
 .text.vApplicationGetIdleTaskMemory
                0x08002808       0x18 build/cmsis_os2.o
                0x08002808                vApplicationGetIdleTaskMemory
 .text.vApplicationGetTimerTaskMemory
                0x08002820       0x18 build/cmsis_os2.o
                0x08002820                vApplicationGetTimerTaskMemory
 .text.prvTaskExitError
                0x08002838       0x24 build/port.o
 *fill*         0x0800285c        0x4 
 .text.vPortStartFirstTask
                0x08002860       0x34 build/port.o
 .text.pxPortInitialiseStack
                0x08002894       0x20 build/port.o
                0x08002894                pxPortInitialiseStack
 .text.SVC_Handler
                0x080028b4        0x2 build/port.o
                0x080028b4                SVC_Handler
 *fill*         0x080028b6        0x2 
 .text.vPortYield
                0x080028b8       0x18 build/port.o
                0x080028b8                vPortYield
 .text.vPortEnterCritical
                0x080028d0       0x18 build/port.o
                0x080028d0                vPortEnterCritical
 .text.vPortExitCritical
                0x080028e8       0x20 build/port.o
                0x080028e8                vPortExitCritical
 .text.ulSetInterruptMaskFromISR
                0x08002908        0x8 build/port.o
                0x08002908                ulSetInterruptMaskFromISR
 .text.vClearInterruptMaskFromISR
                0x08002910        0x6 build/port.o
                0x08002910                vClearInterruptMaskFromISR
 *fill*         0x08002916        0xa 
 .text.PendSV_Handler
                0x08002920       0x44 build/port.o
                0x08002920                PendSV_Handler
 .text.xPortSysTickHandler
                0x08002964       0x24 build/port.o
                0x08002964                xPortSysTickHandler
 .text.vPortSetupTimerInterrupt
                0x08002988       0x34 build/port.o
                0x08002988                vPortSetupTimerInterrupt
 .text.xPortStartScheduler
                0x080029bc       0x3c build/port.o
                0x080029bc                xPortStartScheduler
 .text.prvHeapInit
                0x080029f8       0x58 build/heap_4.o
 .text.prvInsertBlockIntoFreeList
                0x08002a50       0x54 build/heap_4.o
 .text.pvPortMalloc
                0x08002aa4       0xec build/heap_4.o
                0x08002aa4                pvPortMalloc
 .text.vPortFree
                0x08002b90       0x60 build/heap_4.o
                0x08002b90                vPortFree
 .text.Reset_Handler
                0x08002bf0       0x50 build/startup_stm32c031xx.o
                0x08002bf0                Reset_Handler
 .text.Default_Handler
                0x08002c40        0x2 build/startup_stm32c031xx.o
                0x08002c40                TIM1_CC_IRQHandler
                0x08002c40                NMI_Handler
                0x08002c40                I2C1_IRQHandler
                0x08002c40                DMAMUX1_IRQHandler
                0x08002c40                SPI1_IRQHandler
                0x08002c40                EXTI2_3_IRQHandler
                0x08002c40                ADC1_IRQHandler
                0x08002c40                TIM17_IRQHandler
                0x08002c40                RTC_IRQHandler
                0x08002c40                TIM16_IRQHandler
                0x08002c40                TIM3_IRQHandler
                0x08002c40                DMA1_Channel1_IRQHandler
                0x08002c40                Default_Handler
                0x08002c40                TIM14_IRQHandler
                0x08002c40                EXTI0_1_IRQHandler
                0x08002c40                WWDG_IRQHandler
                0x08002c40                DMA1_Channel2_3_IRQHandler
                0x08002c40                USART2_IRQHandler
                0x08002c40                USART1_IRQHandler
                0x08002c40                TIM1_BRK_UP_TRG_COM_IRQHandler
 *fill*         0x08002c42        0x2 
 .text.__libc_init_array
                0x08002c44       0x48 c:/program files (x86)/gnu arm embedded toolchain/10 2021.10/bin/../lib/gcc/arm-none-eabi/10.3.1/../../../../arm-none-eabi/lib/thumb/v6-m/nofp\libc_nano.a(lib_a-init.o)
                0x08002c44                __libc_init_array
 .text.memcpy   0x08002c8c       0x12 c:/program files (x86)/gnu arm embedded toolchain/10 2021.10/bin/../lib/gcc/arm-none-eabi/10.3.1/../../../../arm-none-eabi/lib/thumb/v6-m/nofp\libc_nano.a(lib_a-memcpy-stub.o)
                0x08002c8c                memcpy
 .text.memset   0x08002c9e       0x10 c:/program files (x86)/gnu arm embedded toolchain/10 2021.10/bin/../lib/gcc/arm-none-eabi/10.3.1/../../../../arm-none-eabi/lib/thumb/v6-m/nofp\libc_nano.a(lib_a-memset.o)
                0x08002c9e                memset
 *(.glue_7)
 .glue_7        0x08002cae        0x0 linker stubs
 *(.glue_7t)
 .glue_7t       0x08002cae        0x0 linker stubs
 *(.eh_frame)
 *fill*         0x08002cae        0x2 
 .eh_frame      0x08002cb0        0x0 c:/program files (x86)/gnu arm embedded toolchain/10 2021.10/bin/../lib/gcc/arm-none-eabi/10.3.1/thumb/v6-m/nofp/crtbegin.o
 *(.init)
 .init          0x08002cb0        0x4 c:/program files (x86)/gnu arm embedded toolchain/10 2021.10/bin/../lib/gcc/arm-none-eabi/10.3.1/thumb/v6-m/nofp/crti.o
                0x08002cb0                _init
 .init          0x08002cb4        0x8 c:/program files (x86)/gnu arm embedded toolchain/10 2021.10/bin/../lib/gcc/arm-none-eabi/10.3.1/thumb/v6-m/nofp/crtn.o
 *(.fini)
 .fini          0x08002cbc        0x4 c:/program files (x86)/gnu arm embedded toolchain/10 2021.10/bin/../lib/gcc/arm-none-eabi/10.3.1/thumb/v6-m/nofp/crti.o
                0x08002cbc                _fini
 .fini          0x08002cc0        0x8 c:/program files (x86)/gnu arm embedded toolchain/10 2021.10/bin/../lib/gcc/arm-none-eabi/10.3.1/thumb/v6-m/nofp/crtn.o
                0x08002cc8                . = ALIGN (0x4)
                0x08002cc8                _etext = .

.vfp11_veneer   0x08002cc8        0x0
 .vfp11_veneer  0x08002cc8        0x0 linker stubs

.v4_bx          0x08002cc8        0x0
 .v4_bx         0x08002cc8        0x0 linker stubs

.iplt           0x08002cc8        0x0
 .iplt          0x08002cc8        0x0 c:/program files (x86)/gnu arm embedded toolchain/10 2021.10/bin/../lib/gcc/arm-none-eabi/10.3.1/thumb/v6-m/nofp/crtbegin.o

.rodata         0x08002cc8      0x154
                0x08002cc8                . = ALIGN (0x4)
 *(.rodata)
 *(.rodata*)
 .rodata.str1.4
                0x08002cc8       0x24 build/app_freertos.o
 .rodata.defaultTask_attributes
                0x08002cec       0x24 build/app_freertos.o
                0x08002cec                defaultTask_attributes
 .rodata.myTask02_attributes
                0x08002d10       0x24 build/app_freertos.o
                0x08002d10                myTask02_attributes
 .rodata.myTask03_attributes
                0x08002d34       0x24 build/app_freertos.o
                0x08002d34                myTask03_attributes
 .rodata.LED_PIN
                0x08002d58        0x4 build/stm32c0xx_nucleo.o
 .rodata.LED_PORT
                0x08002d5c        0x8 build/stm32c0xx_nucleo.o
 .rodata.UARTPrescTable
                0x08002d64       0x18 build/stm32c0xx_hal_uart.o
                0x08002d64                UARTPrescTable
 .rodata.AHBPrescTable
                0x08002d7c       0x40 build/system_stm32c0xx.o
                0x08002d7c                AHBPrescTable
 .rodata.APBPrescTable
                0x08002dbc       0x20 build/system_stm32c0xx.o
                0x08002dbc                APBPrescTable
 .rodata.vTaskStartScheduler.str1.4
                0x08002ddc        0x5 build/tasks.o
 *fill*         0x08002de1        0x3 
 .rodata.prvProcessReceivedCommands
                0x08002de4       0x28 build/timers.o
 .rodata.prvCheckForValidListAndQueue.str1.4
                0x08002e0c        0x5 build/timers.o
 *fill*         0x08002e11        0x3 
 .rodata.xTimerCreateTimerTask.str1.4
                0x08002e14        0x8 build/timers.o
                0x08002e1c                . = ALIGN (0x4)

.rel.dyn        0x08002e1c        0x0
 .rel.iplt      0x08002e1c        0x0 c:/program files (x86)/gnu arm embedded toolchain/10 2021.10/bin/../lib/gcc/arm-none-eabi/10.3.1/thumb/v6-m/nofp/crtbegin.o

.ARM.extab
 *(.ARM.extab* .gnu.linkonce.armextab.*)

.ARM            0x08002e1c        0x0
                0x08002e1c                __exidx_start = .
 *(.ARM.exidx*)
                0x08002e1c                __exidx_end = .

.preinit_array  0x08002e1c        0x0
                0x08002e1c                PROVIDE (__preinit_array_start = .)
 *(.preinit_array*)
                0x08002e1c                PROVIDE (__preinit_array_end = .)

.init_array     0x08002e1c        0x4
                0x08002e1c                PROVIDE (__init_array_start = .)
 *(SORT_BY_NAME(.init_array.*))
 *(.init_array*)
 .init_array    0x08002e1c        0x4 c:/program files (x86)/gnu arm embedded toolchain/10 2021.10/bin/../lib/gcc/arm-none-eabi/10.3.1/thumb/v6-m/nofp/crtbegin.o
                0x08002e20                PROVIDE (__init_array_end = .)

.fini_array     0x08002e20        0x4
                [!provide]                PROVIDE (__fini_array_start = .)
 *(SORT_BY_NAME(.fini_array.*))
 *(.fini_array*)
 .fini_array    0x08002e20        0x4 c:/program files (x86)/gnu arm embedded toolchain/10 2021.10/bin/../lib/gcc/arm-none-eabi/10.3.1/thumb/v6-m/nofp/crtbegin.o
                [!provide]                PROVIDE (__fini_array_end = .)
                0x08002e24                _sidata = LOADADDR (.data)

.data           0x20000000       0x18 load address 0x08002e24
                0x20000000                . = ALIGN (0x4)
                0x20000000                _sdata = .
 *(.data)
 *(.data*)
 .data.COM_USART
                0x20000000        0x4 build/stm32c0xx_nucleo.o
                0x20000000                COM_USART
 .data.uwTickFreq
                0x20000004        0x1 build/stm32c0xx_hal.o
                0x20000004                uwTickFreq
 *fill*         0x20000005        0x3 
 .data.uwTickPrio
                0x20000008        0x4 build/stm32c0xx_hal.o
                0x20000008                uwTickPrio
 .data.SystemCoreClock
                0x2000000c        0x4 build/system_stm32c0xx.o
                0x2000000c                SystemCoreClock
 .data.uxTopUsedPriority
                0x20000010        0x4 build/tasks.o
                0x20000010                uxTopUsedPriority
 .data.uxCriticalNesting
                0x20000014        0x4 build/port.o
                0x20000018                . = ALIGN (0x4)
                0x20000018                _edata = .

.igot.plt       0x20000018        0x0 load address 0x08002e3c
 .igot.plt      0x20000018        0x0 c:/program files (x86)/gnu arm embedded toolchain/10 2021.10/bin/../lib/gcc/arm-none-eabi/10.3.1/thumb/v6-m/nofp/crtbegin.o
                0x20000018                . = ALIGN (0x4)

.bss            0x20000018     0x1c38 load address 0x08002e3c
                0x20000018                _sbss = .
                0x20000018                __bss_start__ = _sbss
 *(.bss)
 .bss           0x20000018       0x1c c:/program files (x86)/gnu arm embedded toolchain/10 2021.10/bin/../lib/gcc/arm-none-eabi/10.3.1/thumb/v6-m/nofp/crtbegin.o
 *(.bss*)
 .bss.BspCOMInit
                0x20000034       0x10 build/main.o
                0x20000034                BspCOMInit
 .bss.defaultTaskHandle
                0x20000044        0x4 build/app_freertos.o
                0x20000044                defaultTaskHandle
 .bss.myTask02Handle
                0x20000048        0x4 build/app_freertos.o
                0x20000048                myTask02Handle
 .bss.myTask03Handle
                0x2000004c        0x4 build/app_freertos.o
                0x2000004c                myTask03Handle
 .bss.hcom_uart
                0x20000050       0x94 build/stm32c0xx_nucleo.o
                0x20000050                hcom_uart
 .bss.hpb_exti  0x200000e4        0xc build/stm32c0xx_nucleo.o
                0x200000e4                hpb_exti
 .bss.uwTick    0x200000f0        0x4 build/stm32c0xx_hal.o
                0x200000f0                uwTick
 .bss.pFlash    0x200000f4       0x18 build/stm32c0xx_hal_flash.o
                0x200000f4                pFlash
 .bss.xQueueRegistry
                0x2000010c       0x40 build/queue.o
                0x2000010c                xQueueRegistry
 .bss.pxCurrentTCB
                0x2000014c        0x4 build/tasks.o
                0x2000014c                pxCurrentTCB
 .bss.pxDelayedTaskList
                0x20000150        0x4 build/tasks.o
 .bss.pxOverflowDelayedTaskList
                0x20000154        0x4 build/tasks.o
 .bss.pxReadyTasksLists
                0x20000158      0x460 build/tasks.o
 .bss.uxCurrentNumberOfTasks
                0x200005b8        0x4 build/tasks.o
 .bss.uxDeletedTasksWaitingCleanUp
                0x200005bc        0x4 build/tasks.o
 .bss.uxSchedulerSuspended
                0x200005c0        0x4 build/tasks.o
 .bss.uxTaskNumber
                0x200005c4        0x4 build/tasks.o
 .bss.uxTopReadyPriority
                0x200005c8        0x4 build/tasks.o
 .bss.xDelayedTaskList1
                0x200005cc       0x14 build/tasks.o
 .bss.xDelayedTaskList2
                0x200005e0       0x14 build/tasks.o
 .bss.xIdleTaskHandle
                0x200005f4        0x4 build/tasks.o
 .bss.xNextTaskUnblockTime
                0x200005f8        0x4 build/tasks.o
 .bss.xNumOfOverflows
                0x200005fc        0x4 build/tasks.o
 .bss.xPendedTicks
                0x20000600        0x4 build/tasks.o
 .bss.xPendingReadyList
                0x20000604       0x14 build/tasks.o
 .bss.xSchedulerRunning
                0x20000618        0x4 build/tasks.o
 .bss.xSuspendedTaskList
                0x2000061c       0x14 build/tasks.o
 .bss.xTasksWaitingTermination
                0x20000630       0x14 build/tasks.o
 .bss.xTickCount
                0x20000644        0x4 build/tasks.o
 .bss.xYieldPending
                0x20000648        0x4 build/tasks.o
 .bss.pxCurrentTimerList
                0x2000064c        0x4 build/timers.o
 .bss.pxOverflowTimerList
                0x20000650        0x4 build/timers.o
 .bss.ucStaticTimerQueueStorage.1
                0x20000654       0xa0 build/timers.o
 .bss.xActiveTimerList1
                0x200006f4       0x14 build/timers.o
 .bss.xActiveTimerList2
                0x20000708       0x14 build/timers.o
 .bss.xLastTime.2
                0x2000071c        0x4 build/timers.o
 .bss.xStaticTimerQueue.0
                0x20000720       0x50 build/timers.o
 .bss.xTimerQueue
                0x20000770        0x4 build/timers.o
 .bss.xTimerTaskHandle
                0x20000774        0x4 build/timers.o
 .bss.Idle_Stack.2
                0x20000778      0x200 build/cmsis_os2.o
 .bss.Idle_TCB.3
                0x20000978       0x5c build/cmsis_os2.o
 .bss.KernelState
                0x200009d4        0x4 build/cmsis_os2.o
 .bss.Timer_Stack.0
                0x200009d8      0x200 build/cmsis_os2.o
 .bss.Timer_TCB.1
                0x20000bd8       0x5c build/cmsis_os2.o
 .bss.pxEnd     0x20000c34        0x4 build/heap_4.o
 .bss.ucHeap    0x20000c38     0x1000 build/heap_4.o
 .bss.xFreeBytesRemaining
                0x20001c38        0x4 build/heap_4.o
 .bss.xMinimumEverFreeBytesRemaining
                0x20001c3c        0x4 build/heap_4.o
 .bss.xNumberOfSuccessfulAllocations
                0x20001c40        0x4 build/heap_4.o
 .bss.xNumberOfSuccessfulFrees
                0x20001c44        0x4 build/heap_4.o
 .bss.xStart    0x20001c48        0x8 build/heap_4.o
 *(COMMON)
                0x20001c50                . = ALIGN (0x4)
                0x20001c50                _ebss = .
                0x20001c50                __bss_end__ = _ebss

._user_heap_stack
                0x20001c50      0x600 load address 0x08002e3c
                0x20001c50                . = ALIGN (0x8)
                [!provide]                PROVIDE (end = .)
                0x20001c50                PROVIDE (_end = .)
                0x20001e50                . = (. + _Min_Heap_Size)
 *fill*         0x20001c50      0x200 
                0x20002250                . = (. + _Min_Stack_Size)
 *fill*         0x20001e50      0x400 
                0x20002250                . = ALIGN (0x8)

/DISCARD/
 libc.a(*)
 libm.a(*)
 libgcc.a(*)
OUTPUT(build/vs_4.elf elf32-littlearm)
LOAD linker stubs
LOAD c:/program files (x86)/gnu arm embedded toolchain/10 2021.10/bin/../lib/gcc/arm-none-eabi/10.3.1/../../../../arm-none-eabi/lib/thumb/v6-m/nofp\libc.a
LOAD c:/program files (x86)/gnu arm embedded toolchain/10 2021.10/bin/../lib/gcc/arm-none-eabi/10.3.1/../../../../arm-none-eabi/lib/thumb/v6-m/nofp\libm.a
LOAD c:/program files (x86)/gnu arm embedded toolchain/10 2021.10/bin/../lib/gcc/arm-none-eabi/10.3.1/thumb/v6-m/nofp\libgcc.a

.ARM.attributes
                0x00000000       0x28
 .ARM.attributes
                0x00000000       0x1e c:/program files (x86)/gnu arm embedded toolchain/10 2021.10/bin/../lib/gcc/arm-none-eabi/10.3.1/thumb/v6-m/nofp/crti.o
 .ARM.attributes
                0x0000001e       0x2c c:/program files (x86)/gnu arm embedded toolchain/10 2021.10/bin/../lib/gcc/arm-none-eabi/10.3.1/thumb/v6-m/nofp/crtbegin.o
 .ARM.attributes
                0x0000004a       0x2c build/main.o
 .ARM.attributes
                0x00000076       0x2c build/gpio.o
 .ARM.attributes
                0x000000a2       0x2c build/app_freertos.o
 .ARM.attributes
                0x000000ce       0x2c build/stm32c0xx_it.o
 .ARM.attributes
                0x000000fa       0x2c build/stm32c0xx_hal_msp.o
 .ARM.attributes
                0x00000126       0x2c build/stm32c0xx_nucleo.o
 .ARM.attributes
                0x00000152       0x2c build/stm32c0xx_hal.o
 .ARM.attributes
                0x0000017e       0x2c build/stm32c0xx_hal_cortex.o
 .ARM.attributes
                0x000001aa       0x2c build/stm32c0xx_hal_rcc.o
 .ARM.attributes
                0x000001d6       0x2c build/stm32c0xx_hal_flash.o
 .ARM.attributes
                0x00000202       0x2c build/stm32c0xx_hal_flash_ex.o
 .ARM.attributes
                0x0000022e       0x2c build/stm32c0xx_hal_gpio.o
 .ARM.attributes
                0x0000025a       0x2c build/stm32c0xx_hal_exti.o
 .ARM.attributes
                0x00000286       0x2c build/stm32c0xx_hal_uart.o
 .ARM.attributes
                0x000002b2       0x2c build/system_stm32c0xx.o
 .ARM.attributes
                0x000002de       0x2c build/list.o
 .ARM.attributes
                0x0000030a       0x2c build/queue.o
 .ARM.attributes
                0x00000336       0x2c build/tasks.o
 .ARM.attributes
                0x00000362       0x2c build/timers.o
 .ARM.attributes
                0x0000038e       0x2c build/cmsis_os2.o
 .ARM.attributes
                0x000003ba       0x2c build/port.o
 .ARM.attributes
                0x000003e6       0x2c build/heap_4.o
 .ARM.attributes
                0x00000412       0x22 build/startup_stm32c031xx.o
 .ARM.attributes
                0x00000434       0x2c c:/program files (x86)/gnu arm embedded toolchain/10 2021.10/bin/../lib/gcc/arm-none-eabi/10.3.1/../../../../arm-none-eabi/lib/thumb/v6-m/nofp\libc_nano.a(lib_a-init.o)
 .ARM.attributes
                0x00000460       0x2c c:/program files (x86)/gnu arm embedded toolchain/10 2021.10/bin/../lib/gcc/arm-none-eabi/10.3.1/../../../../arm-none-eabi/lib/thumb/v6-m/nofp\libc_nano.a(lib_a-memcpy-stub.o)
 .ARM.attributes
                0x0000048c       0x2c c:/program files (x86)/gnu arm embedded toolchain/10 2021.10/bin/../lib/gcc/arm-none-eabi/10.3.1/../../../../arm-none-eabi/lib/thumb/v6-m/nofp\libc_nano.a(lib_a-memset.o)
 .ARM.attributes
                0x000004b8       0x1e c:/program files (x86)/gnu arm embedded toolchain/10 2021.10/bin/../lib/gcc/arm-none-eabi/10.3.1/thumb/v6-m/nofp\libgcc.a(_udivsi3.o)
 .ARM.attributes
                0x000004d6       0x1e c:/program files (x86)/gnu arm embedded toolchain/10 2021.10/bin/../lib/gcc/arm-none-eabi/10.3.1/thumb/v6-m/nofp\libgcc.a(_dvmd_tls.o)
 .ARM.attributes
                0x000004f4       0x1e c:/program files (x86)/gnu arm embedded toolchain/10 2021.10/bin/../lib/gcc/arm-none-eabi/10.3.1/thumb/v6-m/nofp/crtn.o

.comment        0x00000000       0x49
 .comment       0x00000000       0x49 build/main.o
                                 0x4a (size before relaxing)
 .comment       0x00000049       0x4a build/gpio.o
 .comment       0x00000049       0x4a build/app_freertos.o
 .comment       0x00000049       0x4a build/stm32c0xx_it.o
 .comment       0x00000049       0x4a build/stm32c0xx_hal_msp.o
 .comment       0x00000049       0x4a build/stm32c0xx_nucleo.o
 .comment       0x00000049       0x4a build/stm32c0xx_hal.o
 .comment       0x00000049       0x4a build/stm32c0xx_hal_cortex.o
 .comment       0x00000049       0x4a build/stm32c0xx_hal_rcc.o
 .comment       0x00000049       0x4a build/stm32c0xx_hal_flash.o
 .comment       0x00000049       0x4a build/stm32c0xx_hal_flash_ex.o
 .comment       0x00000049       0x4a build/stm32c0xx_hal_gpio.o
 .comment       0x00000049       0x4a build/stm32c0xx_hal_exti.o
 .comment       0x00000049       0x4a build/stm32c0xx_hal_uart.o
 .comment       0x00000049       0x4a build/system_stm32c0xx.o
 .comment       0x00000049       0x4a build/list.o
 .comment       0x00000049       0x4a build/queue.o
 .comment       0x00000049       0x4a build/tasks.o
 .comment       0x00000049       0x4a build/timers.o
 .comment       0x00000049       0x4a build/cmsis_os2.o
 .comment       0x00000049       0x4a build/port.o
 .comment       0x00000049       0x4a build/heap_4.o

.debug_info     0x00000000    0x1bc61
 .debug_info    0x00000000      0x735 build/main.o
 .debug_info    0x00000735      0x5db build/gpio.o
 .debug_info    0x00000d10      0x4ae build/app_freertos.o
 .debug_info    0x000011be      0x1a1 build/stm32c0xx_it.o
 .debug_info    0x0000135f      0x3c9 build/stm32c0xx_hal_msp.o
 .debug_info    0x00001728     0x19f5 build/stm32c0xx_nucleo.o
 .debug_info    0x0000311d      0x9fa build/stm32c0xx_hal.o
 .debug_info    0x00003b17      0xaf5 build/stm32c0xx_hal_cortex.o
 .debug_info    0x0000460c      0xc17 build/stm32c0xx_hal_rcc.o
 .debug_info    0x00005223      0x85e build/stm32c0xx_hal_flash.o
 .debug_info    0x00005a81      0xb88 build/stm32c0xx_hal_flash_ex.o
 .debug_info    0x00006609      0x6c1 build/stm32c0xx_hal_gpio.o
 .debug_info    0x00006cca      0x7ab build/stm32c0xx_hal_exti.o
 .debug_info    0x00007475     0x657b build/stm32c0xx_hal_uart.o
 .debug_info    0x0000d9f0      0x3d6 build/system_stm32c0xx.o
 .debug_info    0x0000ddc6      0x30f build/list.o
 .debug_info    0x0000e0d5     0x2486 build/queue.o
 .debug_info    0x0001055b     0x3061 build/tasks.o
 .debug_info    0x000135bc     0x19eb build/timers.o
 .debug_info    0x00014fa7     0x631f build/cmsis_os2.o
 .debug_info    0x0001b2c6      0x35c build/port.o
 .debug_info    0x0001b622      0x61d build/heap_4.o
 .debug_info    0x0001bc3f       0x22 build/startup_stm32c031xx.o

.debug_abbrev   0x00000000     0x34ab
 .debug_abbrev  0x00000000      0x238 build/main.o
 .debug_abbrev  0x00000238      0x180 build/gpio.o
 .debug_abbrev  0x000003b8      0x13d build/app_freertos.o
 .debug_abbrev  0x000004f5       0xbb build/stm32c0xx_it.o
 .debug_abbrev  0x000005b0      0x129 build/stm32c0xx_hal_msp.o
 .debug_abbrev  0x000006d9      0x376 build/stm32c0xx_nucleo.o
 .debug_abbrev  0x00000a4f      0x322 build/stm32c0xx_hal.o
 .debug_abbrev  0x00000d71      0x2d4 build/stm32c0xx_hal_cortex.o
 .debug_abbrev  0x00001045      0x293 build/stm32c0xx_hal_rcc.o
 .debug_abbrev  0x000012d8      0x32d build/stm32c0xx_hal_flash.o
 .debug_abbrev  0x00001605      0x29d build/stm32c0xx_hal_flash_ex.o
 .debug_abbrev  0x000018a2      0x23c build/stm32c0xx_hal_gpio.o
 .debug_abbrev  0x00001ade      0x1b4 build/stm32c0xx_hal_exti.o
 .debug_abbrev  0x00001c92      0x34d build/stm32c0xx_hal_uart.o
 .debug_abbrev  0x00001fdf      0x12c build/system_stm32c0xx.o
 .debug_abbrev  0x0000210b      0x124 build/list.o
 .debug_abbrev  0x0000222f      0x2f6 build/queue.o
 .debug_abbrev  0x00002525      0x30d build/tasks.o
 .debug_abbrev  0x00002832      0x32b build/timers.o
 .debug_abbrev  0x00002b5d      0x505 build/cmsis_os2.o
 .debug_abbrev  0x00003062      0x1ec build/port.o
 .debug_abbrev  0x0000324e      0x24b build/heap_4.o
 .debug_abbrev  0x00003499       0x12 build/startup_stm32c031xx.o

.debug_loc      0x00000000    0x16a1d
 .debug_loc     0x00000000       0x76 build/main.o
 .debug_loc     0x00000076       0x2c build/gpio.o
 .debug_loc     0x000000a2       0xef build/app_freertos.o
 .debug_loc     0x00000191       0x60 build/stm32c0xx_it.o
 .debug_loc     0x000001f1       0x2c build/stm32c0xx_hal_msp.o
 .debug_loc     0x0000021d      0x830 build/stm32c0xx_nucleo.o
 .debug_loc     0x00000a4d      0x2cb build/stm32c0xx_hal.o
 .debug_loc     0x00000d18      0x498 build/stm32c0xx_hal_cortex.o
 .debug_loc     0x000011b0      0x78d build/stm32c0xx_hal_rcc.o
 .debug_loc     0x0000193d      0x5fb build/stm32c0xx_hal_flash.o
 .debug_loc     0x00001f38      0x76b build/stm32c0xx_hal_flash_ex.o
 .debug_loc     0x000026a3      0x50a build/stm32c0xx_hal_gpio.o
 .debug_loc     0x00002bad      0xcb2 build/stm32c0xx_hal_exti.o
 .debug_loc     0x0000385f     0x4cfa build/stm32c0xx_hal_uart.o
 .debug_loc     0x00008559       0x2e build/system_stm32c0xx.o
 .debug_loc     0x00008587       0xcd build/list.o
 .debug_loc     0x00008654     0x2a7b build/queue.o
 .debug_loc     0x0000b0cf     0x33b8 build/tasks.o
 .debug_loc     0x0000e487     0x1618 build/timers.o
 .debug_loc     0x0000fa9f     0x6879 build/cmsis_os2.o
 .debug_loc     0x00016318      0x15e build/port.o
 .debug_loc     0x00016476      0x5a7 build/heap_4.o

.debug_aranges  0x00000000     0x10d8
 .debug_aranges
                0x00000000       0x38 build/main.o
 .debug_aranges
                0x00000038       0x20 build/gpio.o
 .debug_aranges
                0x00000058       0x38 build/app_freertos.o
 .debug_aranges
                0x00000090       0x40 build/stm32c0xx_it.o
 .debug_aranges
                0x000000d0       0x20 build/stm32c0xx_hal_msp.o
 .debug_aranges
                0x000000f0       0xc8 build/stm32c0xx_nucleo.o
 .debug_aranges
                0x000001b8       0xf0 build/stm32c0xx_hal.o
 .debug_aranges
                0x000002a8       0xa0 build/stm32c0xx_hal_cortex.o
 .debug_aranges
                0x00000348       0x90 build/stm32c0xx_hal_rcc.o
 .debug_aranges
                0x000003d8       0x88 build/stm32c0xx_hal_flash.o
 .debug_aranges
                0x00000460       0xd0 build/stm32c0xx_hal_flash_ex.o
 .debug_aranges
                0x00000530       0x68 build/stm32c0xx_hal_gpio.o
 .debug_aranges
                0x00000598       0x60 build/stm32c0xx_hal_exti.o
 .debug_aranges
                0x000005f8      0x248 build/stm32c0xx_hal_uart.o
 .debug_aranges
                0x00000840       0x28 build/system_stm32c0xx.o
 .debug_aranges
                0x00000868       0x40 build/list.o
 .debug_aranges
                0x000008a8      0x170 build/queue.o
 .debug_aranges
                0x00000a18      0x210 build/tasks.o
 .debug_aranges
                0x00000c28      0x108 build/timers.o
 .debug_aranges
                0x00000d30      0x298 build/cmsis_os2.o
 .debug_aranges
                0x00000fc8       0x88 build/port.o
 .debug_aranges
                0x00001050       0x60 build/heap_4.o
 .debug_aranges
                0x000010b0       0x28 build/startup_stm32c031xx.o

.debug_ranges   0x00000000     0x1978
 .debug_ranges  0x00000000       0x28 build/main.o
 .debug_ranges  0x00000028       0x10 build/gpio.o
 .debug_ranges  0x00000038       0x28 build/app_freertos.o
 .debug_ranges  0x00000060       0x30 build/stm32c0xx_it.o
 .debug_ranges  0x00000090       0x10 build/stm32c0xx_hal_msp.o
 .debug_ranges  0x000000a0       0xb8 build/stm32c0xx_nucleo.o
 .debug_ranges  0x00000158       0xe0 build/stm32c0xx_hal.o
 .debug_ranges  0x00000238       0xf0 build/stm32c0xx_hal_cortex.o
 .debug_ranges  0x00000328       0xb8 build/stm32c0xx_hal_rcc.o
 .debug_ranges  0x000003e0       0x90 build/stm32c0xx_hal_flash.o
 .debug_ranges  0x00000470       0xc0 build/stm32c0xx_hal_flash_ex.o
 .debug_ranges  0x00000530       0x58 build/stm32c0xx_hal_gpio.o
 .debug_ranges  0x00000588       0x50 build/stm32c0xx_hal_exti.o
 .debug_ranges  0x000005d8      0x238 build/stm32c0xx_hal_uart.o
 .debug_ranges  0x00000810       0x18 build/system_stm32c0xx.o
 .debug_ranges  0x00000828       0x30 build/list.o
 .debug_ranges  0x00000858      0x2a0 build/queue.o
 .debug_ranges  0x00000af8      0x460 build/tasks.o
 .debug_ranges  0x00000f58       0xf8 build/timers.o
 .debug_ranges  0x00001050      0x840 build/cmsis_os2.o
 .debug_ranges  0x00001890       0x78 build/port.o
 .debug_ranges  0x00001908       0x50 build/heap_4.o
 .debug_ranges  0x00001958       0x20 build/startup_stm32c031xx.o

.debug_line     0x00000000    0x13ea0
 .debug_line    0x00000000      0x3df build/main.o
 .debug_line    0x000003df      0x236 build/gpio.o
 .debug_line    0x00000615      0x218 build/app_freertos.o
 .debug_line    0x0000082d      0x2a9 build/stm32c0xx_it.o
 .debug_line    0x00000ad6      0x1ae build/stm32c0xx_hal_msp.o
 .debug_line    0x00000c84      0x7ce build/stm32c0xx_nucleo.o
 .debug_line    0x00001452      0x5d7 build/stm32c0xx_hal.o
 .debug_line    0x00001a29      0x69d build/stm32c0xx_hal_cortex.o
 .debug_line    0x000020c6      0xa7f build/stm32c0xx_hal_rcc.o
 .debug_line    0x00002b45      0x6d9 build/stm32c0xx_hal_flash.o
 .debug_line    0x0000321e      0x88d build/stm32c0xx_hal_flash_ex.o
 .debug_line    0x00003aab      0x6d4 build/stm32c0xx_hal_gpio.o
 .debug_line    0x0000417f      0x7ea build/stm32c0xx_hal_exti.o
 .debug_line    0x00004969     0x4990 build/stm32c0xx_hal_uart.o
 .debug_line    0x000092f9      0x220 build/system_stm32c0xx.o
 .debug_line    0x00009519      0x368 build/list.o
 .debug_line    0x00009881     0x1d49 build/queue.o
 .debug_line    0x0000b5ca     0x31ec build/tasks.o
 .debug_line    0x0000e7b6      0xe30 build/timers.o
 .debug_line    0x0000f5e6     0x3c97 build/cmsis_os2.o
 .debug_line    0x0001327d      0x444 build/port.o
 .debug_line    0x000136c1      0x766 build/heap_4.o
 .debug_line    0x00013e27       0x79 build/startup_stm32c031xx.o

.debug_str      0x00000000     0x5fa8
 .debug_str     0x00000000      0x596 build/main.o
                                0x5f2 (size before relaxing)
 .debug_str     0x00000596      0x2f1 build/gpio.o
                                0x4c9 (size before relaxing)
 .debug_str     0x00000887      0x534 build/app_freertos.o
                                0x6d8 (size before relaxing)
 .debug_str     0x00000dbb       0xc2 build/stm32c0xx_it.o
                                0x271 (size before relaxing)
 .debug_str     0x00000e7d       0x29 build/stm32c0xx_hal_msp.o
                                0x3ee (size before relaxing)
 .debug_str     0x00000ea6      0x86e build/stm32c0xx_nucleo.o
                                0xf58 (size before relaxing)
 .debug_str     0x00001714      0x39a build/stm32c0xx_hal.o
                                0x7b5 (size before relaxing)
 .debug_str     0x00001aae      0x338 build/stm32c0xx_hal_cortex.o
                                0x712 (size before relaxing)
 .debug_str     0x00001de6      0x246 build/stm32c0xx_hal_rcc.o
                                0x6e3 (size before relaxing)
 .debug_str     0x0000202c      0x224 build/stm32c0xx_hal_flash.o
                                0x50c (size before relaxing)
 .debug_str     0x00002250      0x39a build/stm32c0xx_hal_flash_ex.o
                                0x69c (size before relaxing)
 .debug_str     0x000025ea      0x133 build/stm32c0xx_hal_gpio.o
                                0x424 (size before relaxing)
 .debug_str     0x0000271d      0x147 build/stm32c0xx_hal_exti.o
                                0x445 (size before relaxing)
 .debug_str     0x00002864      0x87d build/stm32c0xx_hal_uart.o
                               0x1124 (size before relaxing)
 .debug_str     0x000030e1       0x44 build/system_stm32c0xx.o
                                0x2e4 (size before relaxing)
 .debug_str     0x00003125      0x14d build/list.o
                                0x301 (size before relaxing)
 .debug_str     0x00003272      0xa55 build/queue.o
                                0xd77 (size before relaxing)
 .debug_str     0x00003cc7      0xd07 build/tasks.o
                               0x135a (size before relaxing)
 .debug_str     0x000049ce      0x5f6 build/timers.o
                                0xc6a (size before relaxing)
 .debug_str     0x00004fc4      0xc16 build/cmsis_os2.o
                               0x1d57 (size before relaxing)
 .debug_str     0x00005bda       0xd4 build/port.o
                                0x3b7 (size before relaxing)
 .debug_str     0x00005cae      0x2d6 build/heap_4.o
                                0x525 (size before relaxing)
 .debug_str     0x00005f84       0x24 build/startup_stm32c031xx.o
                                 0x7a (size before relaxing)

.debug_frame    0x00000000     0x2cf4
 .debug_frame   0x00000000       0x60 build/main.o
 .debug_frame   0x00000060       0x30 build/gpio.o
 .debug_frame   0x00000090       0x70 build/app_freertos.o
 .debug_frame   0x00000100       0x78 build/stm32c0xx_it.o
 .debug_frame   0x00000178       0x28 build/stm32c0xx_hal_msp.o
 .debug_frame   0x000001a0      0x220 build/stm32c0xx_nucleo.o
 .debug_frame   0x000003c0      0x1ec build/stm32c0xx_hal.o
 .debug_frame   0x000005ac      0x134 build/stm32c0xx_hal_cortex.o
 .debug_frame   0x000006e0      0x168 build/stm32c0xx_hal_rcc.o
 .debug_frame   0x00000848      0x138 build/stm32c0xx_hal_flash.o
 .debug_frame   0x00000980      0x1f0 build/stm32c0xx_hal_flash_ex.o
 .debug_frame   0x00000b70       0xe8 build/stm32c0xx_hal_gpio.o
 .debug_frame   0x00000c58       0xec build/stm32c0xx_hal_exti.o
 .debug_frame   0x00000d44      0x6dc build/stm32c0xx_hal_uart.o
 .debug_frame   0x00001420       0x30 build/system_stm32c0xx.o
 .debug_frame   0x00001450       0x6c build/list.o
 .debug_frame   0x000014bc      0x43c build/queue.o
 .debug_frame   0x000018f8      0x628 build/tasks.o
 .debug_frame   0x00001f20      0x2e8 build/timers.o
 .debug_frame   0x00002208      0x868 build/cmsis_os2.o
 .debug_frame   0x00002a70      0x114 build/port.o
 .debug_frame   0x00002b84       0xdc build/heap_4.o
 .debug_frame   0x00002c60       0x2c c:/program files (x86)/gnu arm embedded toolchain/10 2021.10/bin/../lib/gcc/arm-none-eabi/10.3.1/../../../../arm-none-eabi/lib/thumb/v6-m/nofp\libc_nano.a(lib_a-init.o)
 .debug_frame   0x00002c8c       0x28 c:/program files (x86)/gnu arm embedded toolchain/10 2021.10/bin/../lib/gcc/arm-none-eabi/10.3.1/../../../../arm-none-eabi/lib/thumb/v6-m/nofp\libc_nano.a(lib_a-memcpy-stub.o)
 .debug_frame   0x00002cb4       0x20 c:/program files (x86)/gnu arm embedded toolchain/10 2021.10/bin/../lib/gcc/arm-none-eabi/10.3.1/../../../../arm-none-eabi/lib/thumb/v6-m/nofp\libc_nano.a(lib_a-memset.o)
 .debug_frame   0x00002cd4       0x20 c:/program files (x86)/gnu arm embedded toolchain/10 2021.10/bin/../lib/gcc/arm-none-eabi/10.3.1/thumb/v6-m/nofp\libgcc.a(_udivsi3.o)

Cross Reference Table

Symbol                                            File
ADC1_IRQHandler                                   build/startup_stm32c031xx.o
AHBPrescTable                                     build/system_stm32c0xx.o
                                                  build/stm32c0xx_hal_rcc.o
APBPrescTable                                     build/system_stm32c0xx.o
                                                  build/stm32c0xx_hal_rcc.o
BSP_COM_DeInit                                    build/stm32c0xx_nucleo.o
BSP_COM_Init                                      build/stm32c0xx_nucleo.o
                                                  build/main.o
BSP_COM_SelectLogPort                             build/stm32c0xx_nucleo.o
BSP_GetBoardID                                    build/stm32c0xx_nucleo.o
BSP_GetBoardName                                  build/stm32c0xx_nucleo.o
BSP_GetVersion                                    build/stm32c0xx_nucleo.o
BSP_LED_DeInit                                    build/stm32c0xx_nucleo.o
BSP_LED_GetState                                  build/stm32c0xx_nucleo.o
BSP_LED_Init                                      build/stm32c0xx_nucleo.o
                                                  build/main.o
BSP_LED_Off                                       build/stm32c0xx_nucleo.o
BSP_LED_On                                        build/stm32c0xx_nucleo.o
BSP_LED_Toggle                                    build/stm32c0xx_nucleo.o
BSP_PB_Callback                                   build/stm32c0xx_nucleo.o
BSP_PB_DeInit                                     build/stm32c0xx_nucleo.o
BSP_PB_GetState                                   build/stm32c0xx_nucleo.o
BSP_PB_IRQHandler                                 build/stm32c0xx_nucleo.o
BSP_PB_Init                                       build/stm32c0xx_nucleo.o
                                                  build/main.o
BspCOMInit                                        build/main.o
COM_USART                                         build/stm32c0xx_nucleo.o
DMA1_Channel1_IRQHandler                          build/startup_stm32c031xx.o
DMA1_Channel2_3_IRQHandler                        build/startup_stm32c031xx.o
DMAMUX1_IRQHandler                                build/startup_stm32c031xx.o
Default_Handler                                   build/startup_stm32c031xx.o
EXTI0_1_IRQHandler                                build/startup_stm32c031xx.o
EXTI2_3_IRQHandler                                build/startup_stm32c031xx.o
EXTI4_15_IRQHandler                               build/stm32c0xx_it.o
Error_Handler                                     build/main.o
FLASH_FlushCaches                                 build/stm32c0xx_hal_flash_ex.o
FLASH_IRQHandler                                  build/stm32c0xx_it.o
FLASH_PageErase                                   build/stm32c0xx_hal_flash_ex.o
                                                  build/stm32c0xx_hal_flash.o
FLASH_WaitForLastOperation                        build/stm32c0xx_hal_flash.o
                                                  build/stm32c0xx_hal_flash_ex.o
HAL_DBGMCU_DisableDBGStandbyMode                  build/stm32c0xx_hal.o
HAL_DBGMCU_DisableDBGStopMode                     build/stm32c0xx_hal.o
HAL_DBGMCU_EnableDBGStandbyMode                   build/stm32c0xx_hal.o
HAL_DBGMCU_EnableDBGStopMode                      build/stm32c0xx_hal.o
HAL_DMAEx_ConfigMuxRequestGenerator               build/stm32c0xx_hal_dma_ex.o
HAL_DMAEx_ConfigMuxSync                           build/stm32c0xx_hal_dma_ex.o
HAL_DMAEx_DisableMuxRequestGenerator              build/stm32c0xx_hal_dma_ex.o
HAL_DMAEx_EnableMuxRequestGenerator               build/stm32c0xx_hal_dma_ex.o
HAL_DMAEx_MUX_IRQHandler                          build/stm32c0xx_hal_dma_ex.o
HAL_DMA_Abort                                     build/stm32c0xx_hal_dma.o
                                                  build/stm32c0xx_hal_uart.o
HAL_DMA_Abort_IT                                  build/stm32c0xx_hal_dma.o
                                                  build/stm32c0xx_hal_uart.o
HAL_DMA_DeInit                                    build/stm32c0xx_hal_dma.o
HAL_DMA_GetError                                  build/stm32c0xx_hal_dma.o
                                                  build/stm32c0xx_hal_uart.o
HAL_DMA_GetState                                  build/stm32c0xx_hal_dma.o
HAL_DMA_IRQHandler                                build/stm32c0xx_hal_dma.o
HAL_DMA_Init                                      build/stm32c0xx_hal_dma.o
HAL_DMA_PollForTransfer                           build/stm32c0xx_hal_dma.o
HAL_DMA_RegisterCallback                          build/stm32c0xx_hal_dma.o
HAL_DMA_Start                                     build/stm32c0xx_hal_dma.o
HAL_DMA_Start_IT                                  build/stm32c0xx_hal_dma.o
                                                  build/stm32c0xx_hal_uart.o
HAL_DMA_UnRegisterCallback                        build/stm32c0xx_hal_dma.o
HAL_DeInit                                        build/stm32c0xx_hal.o
HAL_Delay                                         build/stm32c0xx_hal.o
HAL_EXTI_ClearConfigLine                          build/stm32c0xx_hal_exti.o
HAL_EXTI_ClearPending                             build/stm32c0xx_hal_exti.o
HAL_EXTI_GenerateSWI                              build/stm32c0xx_hal_exti.o
HAL_EXTI_GetConfigLine                            build/stm32c0xx_hal_exti.o
HAL_EXTI_GetHandle                                build/stm32c0xx_hal_exti.o
                                                  build/stm32c0xx_nucleo.o
HAL_EXTI_GetPending                               build/stm32c0xx_hal_exti.o
HAL_EXTI_IRQHandler                               build/stm32c0xx_hal_exti.o
                                                  build/stm32c0xx_nucleo.o
HAL_EXTI_RegisterCallback                         build/stm32c0xx_hal_exti.o
                                                  build/stm32c0xx_nucleo.o
HAL_EXTI_SetConfigLine                            build/stm32c0xx_hal_exti.o
HAL_FLASHEx_DisableDebugger                       build/stm32c0xx_hal_flash_ex.o
HAL_FLASHEx_EnableDebugger                        build/stm32c0xx_hal_flash_ex.o
HAL_FLASHEx_EnableSecMemProtection                build/stm32c0xx_hal_flash_ex.o
HAL_FLASHEx_Erase                                 build/stm32c0xx_hal_flash_ex.o
HAL_FLASHEx_Erase_IT                              build/stm32c0xx_hal_flash_ex.o
HAL_FLASHEx_FlashEmptyCheck                       build/stm32c0xx_hal_flash_ex.o
HAL_FLASHEx_ForceFlashEmpty                       build/stm32c0xx_hal_flash_ex.o
HAL_FLASHEx_OBGetConfig                           build/stm32c0xx_hal_flash_ex.o
HAL_FLASHEx_OBProgram                             build/stm32c0xx_hal_flash_ex.o
HAL_FLASH_EndOfOperationCallback                  build/stm32c0xx_hal_flash.o
HAL_FLASH_GetError                                build/stm32c0xx_hal_flash.o
HAL_FLASH_IRQHandler                              build/stm32c0xx_hal_flash.o
                                                  build/stm32c0xx_it.o
HAL_FLASH_Lock                                    build/stm32c0xx_hal_flash.o
HAL_FLASH_OB_Launch                               build/stm32c0xx_hal_flash.o
HAL_FLASH_OB_Lock                                 build/stm32c0xx_hal_flash.o
HAL_FLASH_OB_Unlock                               build/stm32c0xx_hal_flash.o
HAL_FLASH_OperationErrorCallback                  build/stm32c0xx_hal_flash.o
HAL_FLASH_Program                                 build/stm32c0xx_hal_flash.o
HAL_FLASH_Program_IT                              build/stm32c0xx_hal_flash.o
HAL_FLASH_Unlock                                  build/stm32c0xx_hal_flash.o
HAL_GPIO_DeInit                                   build/stm32c0xx_hal_gpio.o
                                                  build/stm32c0xx_nucleo.o
HAL_GPIO_EXTI_Falling_Callback                    build/stm32c0xx_hal_gpio.o
HAL_GPIO_EXTI_IRQHandler                          build/stm32c0xx_hal_gpio.o
                                                  build/stm32c0xx_it.o
HAL_GPIO_EXTI_Rising_Callback                     build/stm32c0xx_hal_gpio.o
HAL_GPIO_Init                                     build/stm32c0xx_hal_gpio.o
                                                  build/stm32c0xx_hal_rcc_ex.o
                                                  build/stm32c0xx_hal_rcc.o
                                                  build/stm32c0xx_nucleo.o
                                                  build/gpio.o
HAL_GPIO_LockPin                                  build/stm32c0xx_hal_gpio.o
HAL_GPIO_ReadPin                                  build/stm32c0xx_hal_gpio.o
                                                  build/stm32c0xx_nucleo.o
HAL_GPIO_TogglePin                                build/stm32c0xx_hal_gpio.o
                                                  build/stm32c0xx_nucleo.o
HAL_GPIO_WriteMultipleStatePin                    build/stm32c0xx_hal_gpio.o
HAL_GPIO_WritePin                                 build/stm32c0xx_hal_gpio.o
                                                  build/stm32c0xx_nucleo.o
                                                  build/gpio.o
HAL_GetDEVID                                      build/stm32c0xx_hal.o
HAL_GetHalVersion                                 build/stm32c0xx_hal.o
HAL_GetREVID                                      build/stm32c0xx_hal.o
HAL_GetTick                                       build/stm32c0xx_hal.o
                                                  build/stm32c0xx_hal_uart.o
                                                  build/stm32c0xx_hal_uart_ex.o
                                                  build/stm32c0xx_hal_dma.o
                                                  build/stm32c0xx_hal_flash.o
                                                  build/stm32c0xx_hal_rcc_ex.o
                                                  build/stm32c0xx_hal_rcc.o
HAL_GetTickFreq                                   build/stm32c0xx_hal.o
HAL_GetTickPrio                                   build/stm32c0xx_hal.o
HAL_GetUIDw0                                      build/stm32c0xx_hal.o
HAL_GetUIDw1                                      build/stm32c0xx_hal.o
HAL_GetUIDw2                                      build/stm32c0xx_hal.o
HAL_HalfDuplex_EnableReceiver                     build/stm32c0xx_hal_uart.o
HAL_HalfDuplex_EnableTransmitter                  build/stm32c0xx_hal_uart.o
HAL_HalfDuplex_Init                               build/stm32c0xx_hal_uart.o
HAL_IncTick                                       build/stm32c0xx_hal.o
                                                  build/stm32c0xx_it.o
HAL_Init                                          build/stm32c0xx_hal.o
                                                  build/main.o
HAL_InitTick                                      build/stm32c0xx_hal.o
                                                  build/stm32c0xx_hal_rcc.o
HAL_LIN_Init                                      build/stm32c0xx_hal_uart.o
HAL_LIN_SendBreak                                 build/stm32c0xx_hal_uart.o
HAL_MPU_ConfigRegion                              build/stm32c0xx_hal_cortex.o
HAL_MPU_Disable                                   build/stm32c0xx_hal_cortex.o
HAL_MPU_DisableRegion                             build/stm32c0xx_hal_cortex.o
HAL_MPU_Enable                                    build/stm32c0xx_hal_cortex.o
HAL_MPU_EnableRegion                              build/stm32c0xx_hal_cortex.o
HAL_MspDeInit                                     build/stm32c0xx_hal.o
HAL_MspInit                                       build/stm32c0xx_hal_msp.o
HAL_MultiProcessorEx_AddressLength_Set            build/stm32c0xx_hal_uart_ex.o
HAL_MultiProcessor_DisableMuteMode                build/stm32c0xx_hal_uart.o
HAL_MultiProcessor_EnableMuteMode                 build/stm32c0xx_hal_uart.o
HAL_MultiProcessor_EnterMuteMode                  build/stm32c0xx_hal_uart.o
HAL_MultiProcessor_Init                           build/stm32c0xx_hal_uart.o
HAL_NVIC_ClearPendingIRQ                          build/stm32c0xx_hal_cortex.o
HAL_NVIC_DisableIRQ                               build/stm32c0xx_hal_cortex.o
                                                  build/stm32c0xx_nucleo.o
HAL_NVIC_EnableIRQ                                build/stm32c0xx_hal_cortex.o
                                                  build/stm32c0xx_nucleo.o
                                                  build/stm32c0xx_hal_msp.o
                                                  build/gpio.o
HAL_NVIC_GetPendingIRQ                            build/stm32c0xx_hal_cortex.o
HAL_NVIC_GetPriority                              build/stm32c0xx_hal_cortex.o
HAL_NVIC_SetPendingIRQ                            build/stm32c0xx_hal_cortex.o
HAL_NVIC_SetPriority                              build/stm32c0xx_hal_cortex.o
                                                  build/stm32c0xx_hal.o
                                                  build/stm32c0xx_nucleo.o
                                                  build/stm32c0xx_hal_msp.o
                                                  build/gpio.o
HAL_NVIC_SystemReset                              build/stm32c0xx_hal_cortex.o
HAL_PWREx_BKUPRead                                build/stm32c0xx_hal_pwr_ex.o
HAL_PWREx_BKUPWrite                               build/stm32c0xx_hal_pwr_ex.o
HAL_PWREx_DisableFlashPowerDown                   build/stm32c0xx_hal_pwr_ex.o
HAL_PWREx_DisableGPIOPullDown                     build/stm32c0xx_hal_pwr_ex.o
HAL_PWREx_DisableGPIOPullUp                       build/stm32c0xx_hal_pwr_ex.o
HAL_PWREx_DisableInternalWakeUpLine               build/stm32c0xx_hal_pwr_ex.o
HAL_PWREx_DisablePullUpPullDownConfig             build/stm32c0xx_hal_pwr_ex.o
HAL_PWREx_EnableFlashPowerDown                    build/stm32c0xx_hal_pwr_ex.o
HAL_PWREx_EnableGPIOPullDown                      build/stm32c0xx_hal_pwr_ex.o
HAL_PWREx_EnableGPIOPullUp                        build/stm32c0xx_hal_pwr_ex.o
HAL_PWREx_EnableInternalWakeUpLine                build/stm32c0xx_hal_pwr_ex.o
HAL_PWREx_EnablePullUpPullDownConfig              build/stm32c0xx_hal_pwr_ex.o
HAL_PWREx_EnterSHUTDOWNMode                       build/stm32c0xx_hal_pwr_ex.o
HAL_PWR_DeInit                                    build/stm32c0xx_hal_pwr.o
HAL_PWR_DisableSEVOnPend                          build/stm32c0xx_hal_pwr.o
HAL_PWR_DisableSleepOnExit                        build/stm32c0xx_hal_pwr.o
HAL_PWR_DisableWakeUpPin                          build/stm32c0xx_hal_pwr.o
HAL_PWR_EnableSEVOnPend                           build/stm32c0xx_hal_pwr.o
HAL_PWR_EnableSleepOnExit                         build/stm32c0xx_hal_pwr.o
HAL_PWR_EnableWakeUpPin                           build/stm32c0xx_hal_pwr.o
HAL_PWR_EnterSLEEPMode                            build/stm32c0xx_hal_pwr.o
HAL_PWR_EnterSTANDBYMode                          build/stm32c0xx_hal_pwr.o
HAL_PWR_EnterSTOPMode                             build/stm32c0xx_hal_pwr.o
HAL_RCCEx_DisableLSCO                             build/stm32c0xx_hal_rcc_ex.o
HAL_RCCEx_EnableLSCO                              build/stm32c0xx_hal_rcc_ex.o
HAL_RCCEx_GetPeriphCLKConfig                      build/stm32c0xx_hal_rcc_ex.o
HAL_RCCEx_GetPeriphCLKFreq                        build/stm32c0xx_hal_rcc_ex.o
HAL_RCCEx_PeriphCLKConfig                         build/stm32c0xx_hal_rcc_ex.o
HAL_RCC_CSSCallback                               build/stm32c0xx_hal_rcc.o
HAL_RCC_ClockConfig                               build/stm32c0xx_hal_rcc.o
                                                  build/main.o
HAL_RCC_DeInit                                    build/stm32c0xx_hal_rcc.o
HAL_RCC_DisableLSECSS                             build/stm32c0xx_hal_rcc.o
HAL_RCC_EnableCSS                                 build/stm32c0xx_hal_rcc.o
HAL_RCC_EnableLSECSS                              build/stm32c0xx_hal_rcc.o
HAL_RCC_GetClockConfig                            build/stm32c0xx_hal_rcc.o
HAL_RCC_GetHCLKFreq                               build/stm32c0xx_hal_rcc.o
HAL_RCC_GetOscConfig                              build/stm32c0xx_hal_rcc.o
HAL_RCC_GetPCLK1Freq                              build/stm32c0xx_hal_rcc.o
                                                  build/stm32c0xx_hal_uart.o
                                                  build/stm32c0xx_hal_rcc_ex.o
HAL_RCC_GetSysClockFreq                           build/stm32c0xx_hal_rcc.o
                                                  build/stm32c0xx_hal_uart.o
                                                  build/stm32c0xx_hal_rcc_ex.o
HAL_RCC_LSECSSCallback                            build/stm32c0xx_hal_rcc.o
HAL_RCC_MCOConfig                                 build/stm32c0xx_hal_rcc.o
HAL_RCC_NMI_IRQHandler                            build/stm32c0xx_hal_rcc.o
HAL_RCC_OscConfig                                 build/stm32c0xx_hal_rcc.o
                                                  build/main.o
HAL_RS485Ex_Init                                  build/stm32c0xx_hal_uart_ex.o
HAL_ResumeTick                                    build/stm32c0xx_hal.o
HAL_SYSCFG_DisableRemap                           build/stm32c0xx_hal.o
HAL_SYSCFG_EnableRemap                            build/stm32c0xx_hal.o
HAL_SYSCFG_GetPinBinding                          build/stm32c0xx_hal.o
HAL_SYSCFG_SetPinBinding                          build/stm32c0xx_hal.o
HAL_SYSTICK_CLKSourceConfig                       build/stm32c0xx_hal_cortex.o
HAL_SYSTICK_Callback                              build/stm32c0xx_hal_cortex.o
HAL_SYSTICK_Config                                build/stm32c0xx_hal_cortex.o
                                                  build/stm32c0xx_hal.o
HAL_SYSTICK_IRQHandler                            build/stm32c0xx_hal_cortex.o
HAL_SetTickFreq                                   build/stm32c0xx_hal.o
HAL_SuspendTick                                   build/stm32c0xx_hal.o
HAL_UARTEx_DisableFifoMode                        build/stm32c0xx_hal_uart_ex.o
HAL_UARTEx_DisableStopMode                        build/stm32c0xx_hal_uart_ex.o
HAL_UARTEx_EnableFifoMode                         build/stm32c0xx_hal_uart_ex.o
HAL_UARTEx_EnableStopMode                         build/stm32c0xx_hal_uart_ex.o
HAL_UARTEx_GetRxEventType                         build/stm32c0xx_hal_uart_ex.o
HAL_UARTEx_ReceiveToIdle                          build/stm32c0xx_hal_uart_ex.o
HAL_UARTEx_ReceiveToIdle_DMA                      build/stm32c0xx_hal_uart_ex.o
HAL_UARTEx_ReceiveToIdle_IT                       build/stm32c0xx_hal_uart_ex.o
HAL_UARTEx_RxEventCallback                        build/stm32c0xx_hal_uart.o
HAL_UARTEx_RxFifoFullCallback                     build/stm32c0xx_hal_uart_ex.o
                                                  build/stm32c0xx_hal_uart.o
HAL_UARTEx_SetRxFifoThreshold                     build/stm32c0xx_hal_uart_ex.o
HAL_UARTEx_SetTxFifoThreshold                     build/stm32c0xx_hal_uart_ex.o
HAL_UARTEx_StopModeWakeUpSourceConfig             build/stm32c0xx_hal_uart_ex.o
HAL_UARTEx_TxFifoEmptyCallback                    build/stm32c0xx_hal_uart_ex.o
                                                  build/stm32c0xx_hal_uart.o
HAL_UARTEx_WakeupCallback                         build/stm32c0xx_hal_uart_ex.o
                                                  build/stm32c0xx_hal_uart.o
HAL_UART_Abort                                    build/stm32c0xx_hal_uart.o
HAL_UART_AbortCpltCallback                        build/stm32c0xx_hal_uart.o
HAL_UART_AbortReceive                             build/stm32c0xx_hal_uart.o
HAL_UART_AbortReceiveCpltCallback                 build/stm32c0xx_hal_uart.o
HAL_UART_AbortReceive_IT                          build/stm32c0xx_hal_uart.o
HAL_UART_AbortTransmit                            build/stm32c0xx_hal_uart.o
HAL_UART_AbortTransmitCpltCallback                build/stm32c0xx_hal_uart.o
HAL_UART_AbortTransmit_IT                         build/stm32c0xx_hal_uart.o
HAL_UART_Abort_IT                                 build/stm32c0xx_hal_uart.o
HAL_UART_DMAPause                                 build/stm32c0xx_hal_uart.o
HAL_UART_DMAResume                                build/stm32c0xx_hal_uart.o
HAL_UART_DMAStop                                  build/stm32c0xx_hal_uart.o
HAL_UART_DeInit                                   build/stm32c0xx_hal_uart.o
                                                  build/stm32c0xx_nucleo.o
HAL_UART_DisableReceiverTimeout                   build/stm32c0xx_hal_uart.o
HAL_UART_EnableReceiverTimeout                    build/stm32c0xx_hal_uart.o
HAL_UART_ErrorCallback                            build/stm32c0xx_hal_uart.o
HAL_UART_GetError                                 build/stm32c0xx_hal_uart.o
HAL_UART_GetState                                 build/stm32c0xx_hal_uart.o
HAL_UART_IRQHandler                               build/stm32c0xx_hal_uart.o
HAL_UART_Init                                     build/stm32c0xx_hal_uart.o
                                                  build/stm32c0xx_nucleo.o
HAL_UART_MspDeInit                                build/stm32c0xx_hal_uart.o
HAL_UART_MspInit                                  build/stm32c0xx_hal_uart.o
                                                  build/stm32c0xx_hal_uart_ex.o
HAL_UART_Receive                                  build/stm32c0xx_hal_uart.o
HAL_UART_Receive_DMA                              build/stm32c0xx_hal_uart.o
HAL_UART_Receive_IT                               build/stm32c0xx_hal_uart.o
HAL_UART_ReceiverTimeout_Config                   build/stm32c0xx_hal_uart.o
HAL_UART_RxCpltCallback                           build/stm32c0xx_hal_uart.o
HAL_UART_RxHalfCpltCallback                       build/stm32c0xx_hal_uart.o
HAL_UART_Transmit                                 build/stm32c0xx_hal_uart.o
                                                  build/stm32c0xx_nucleo.o
HAL_UART_Transmit_DMA                             build/stm32c0xx_hal_uart.o
HAL_UART_Transmit_IT                              build/stm32c0xx_hal_uart.o
HAL_UART_TxCpltCallback                           build/stm32c0xx_hal_uart.o
HAL_UART_TxHalfCpltCallback                       build/stm32c0xx_hal_uart.o
HardFault_Handler                                 build/stm32c0xx_it.o
I2C1_IRQHandler                                   build/startup_stm32c031xx.o
MX_FREERTOS_Init                                  build/app_freertos.o
                                                  build/main.o
MX_GPIO_Init                                      build/gpio.o
                                                  build/main.o
MX_USART2_Init                                    build/stm32c0xx_nucleo.o
NMI_Handler                                       build/startup_stm32c031xx.o
PendSV_Handler                                    build/port.o
QActive_ctor                                      build/qf_qact.o
QActive_defer                                     build/qf_defer.o
QActive_flushDeferred                             build/qf_defer.o
QActive_get_                                      build/qf_port.o
QActive_maxPubSignal_                             build/qf_ps.o
                                                  build/qf_port.o
QActive_postFromISR_                              build/qf_port.o
QActive_postLIFO_                                 build/qf_port.o
                                                  build/qf_defer.o
QActive_post_                                     build/qf_port.o
                                                  build/qf_time.o
                                                  build/qf_ps.o
QActive_psInit                                    build/qf_ps.o
QActive_publishFromISR_                           build/qf_port.o
QActive_publish_                                  build/qf_ps.o
QActive_recall                                    build/qf_defer.o
QActive_register_                                 build/qf_qact.o
                                                  build/qf_port.o
QActive_registry_                                 build/qf_act.o
                                                  build/qf_port.o
                                                  build/qf_qact.o
                                                  build/qf_ps.o
QActive_setAttr                                   build/qf_port.o
QActive_start                                     build/qf_port.o
QActive_subscrList_                               build/qf_ps.o
                                                  build/qf_port.o
QActive_subscribe                                 build/qf_ps.o
QActive_unregister_                               build/qf_qact.o
QActive_unsubscribe                               build/qf_ps.o
QActive_unsubscribeAll                            build/qf_ps.o
QEQueue_get                                       build/qf_qeq.o
                                                  build/qf_defer.o
QEQueue_init                                      build/qf_qeq.o
QEQueue_post                                      build/qf_qeq.o
                                                  build/qf_defer.o
QEQueue_postLIFO                                  build/qf_qeq.o
QF_LOG2                                           build/qf_act.o
                                                  build/qf_port.o
                                                  build/qf_ps.o
QF_bzero_                                         build/qf_act.o
                                                  build/qf_port.o
                                                  build/qf_qmact.o
                                                  build/qf_qact.o
QF_deleteRef_                                     build/qf_dyn.o
QF_gc                                             build/qf_dyn.o
                                                  build/qf_port.o
                                                  build/qf_ps.o
                                                  build/qf_defer.o
QF_gcFromISR                                      build/qf_port.o
QF_getPoolMin                                     build/qf_dyn.o
QF_init                                           build/qf_port.o
QF_newRef_                                        build/qf_dyn.o
QF_newXFromISR_                                   build/qf_port.o
QF_newX_                                          build/qf_dyn.o
QF_onCleanup                                      build/qf_port.o
QF_onStartup                                      build/qf_port.o
QF_poolGetMaxBlockSize                            build/qf_dyn.o
QF_poolInit                                       build/qf_dyn.o
QF_priv_                                          build/qf_act.o
                                                  build/qf_port.o
                                                  build/qf_dyn.o
QF_run                                            build/qf_port.o
QF_stop                                           build/qf_port.o
QHsm_childState                                   build/qep_hsm.o
QHsm_ctor                                         build/qep_hsm.o
                                                  build/qf_qact.o
QHsm_dispatch_                                    build/qep_hsm.o
                                                  build/qf_qact.o
QHsm_init_                                        build/qep_hsm.o
                                                  build/qf_qact.o
QHsm_isIn_                                        build/qep_hsm.o
                                                  build/qf_qact.o
QHsm_top                                          build/qep_hsm.o
QMActive_ctor                                     build/qf_qmact.o
QMPool_get                                        build/qf_mem.o
                                                  build/qf_dyn.o
QMPool_getFromISR                                 build/qf_port.o
QMPool_init                                       build/qf_mem.o
                                                  build/qf_dyn.o
QMPool_put                                        build/qf_mem.o
                                                  build/qf_dyn.o
QMPool_putFromISR                                 build/qf_port.o
QMsm_childStateObj                                build/qep_msm.o
QMsm_ctor                                         build/qep_msm.o
                                                  build/qf_qmact.o
QMsm_dispatch_                                    build/qep_msm.o
                                                  build/qf_qmact.o
QMsm_init_                                        build/qep_msm.o
                                                  build/qf_qmact.o
QMsm_isIn_                                        build/qep_msm.o
                                                  build/qf_qmact.o
QP_versionStr                                     build/qf_act.o
QTimeEvt_armX                                     build/qf_time.o
QTimeEvt_ctorX                                    build/qf_time.o
QTimeEvt_currCtr                                  build/qf_time.o
QTimeEvt_disarm                                   build/qf_time.o
QTimeEvt_expire_                                  build/qf_time.o
                                                  build/qf_port.o
QTimeEvt_init                                     build/qf_time.o
                                                  build/qf_port.o
QTimeEvt_noActive                                 build/qf_time.o
QTimeEvt_rearm                                    build/qf_time.o
QTimeEvt_tickFromISR_                             build/qf_port.o
QTimeEvt_tick_                                    build/qf_time.o
QTimeEvt_timeEvtHead_                             build/qf_time.o
                                                  build/qf_port.o
QTimeEvt_wasDisarmed                              build/qf_time.o
Q_onError                                         build/main.o
                                                  build/qf_port.o
                                                  build/qf_time.o
                                                  build/qf_qeq.o
                                                  build/qf_qact.o
                                                  build/qf_ps.o
                                                  build/qf_mem.o
                                                  build/qf_dyn.o
                                                  build/qf_defer.o
                                                  build/qep_msm.o
                                                  build/qep_hsm.o
RCC_IRQHandler                                    build/stm32c0xx_it.o
RTC_IRQHandler                                    build/startup_stm32c031xx.o
Reset_Handler                                     build/startup_stm32c031xx.o
SPI1_IRQHandler                                   build/startup_stm32c031xx.o
SVC_Handler                                       build/port.o
StartDefaultTask                                  build/app_freertos.o
StartTask02                                       build/app_freertos.o
StartTask03                                       build/app_freertos.o
SysTick_Handler                                   build/stm32c0xx_it.o
SystemClock_Config                                build/main.o
SystemCoreClock                                   build/system_stm32c0xx.o
                                                  build/port.o
                                                  build/cmsis_os2.o
                                                  build/stm32c0xx_hal_rcc.o
                                                  build/stm32c0xx_hal.o
SystemCoreClockUpdate                             build/system_stm32c0xx.o
SystemInit                                        build/system_stm32c0xx.o
                                                  build/startup_stm32c031xx.o
TIM14_IRQHandler                                  build/startup_stm32c031xx.o
TIM16_IRQHandler                                  build/startup_stm32c031xx.o
TIM17_IRQHandler                                  build/startup_stm32c031xx.o
TIM1_BRK_UP_TRG_COM_IRQHandler                    build/startup_stm32c031xx.o
TIM1_CC_IRQHandler                                build/startup_stm32c031xx.o
TIM3_IRQHandler                                   build/startup_stm32c031xx.o
UARTPrescTable                                    build/stm32c0xx_hal_uart.o
UART_AdvFeatureConfig                             build/stm32c0xx_hal_uart.o
                                                  build/stm32c0xx_hal_uart_ex.o
UART_CheckIdleState                               build/stm32c0xx_hal_uart.o
                                                  build/stm32c0xx_hal_uart_ex.o
UART_SetConfig                                    build/stm32c0xx_hal_uart.o
                                                  build/stm32c0xx_hal_uart_ex.o
UART_Start_Receive_DMA                            build/stm32c0xx_hal_uart.o
                                                  build/stm32c0xx_hal_uart_ex.o
UART_Start_Receive_IT                             build/stm32c0xx_hal_uart.o
                                                  build/stm32c0xx_hal_uart_ex.o
UART_WaitOnFlagUntilTimeout                       build/stm32c0xx_hal_uart.o
                                                  build/stm32c0xx_hal_uart_ex.o
USART1_IRQHandler                                 build/startup_stm32c031xx.o
USART2_IRQHandler                                 build/startup_stm32c031xx.o
WWDG_IRQHandler                                   build/startup_stm32c031xx.o
_Min_Stack_Size                                   build/sysmem.o
__aeabi_idiv                                      c:/program files (x86)/gnu arm embedded toolchain/10 2021.10/bin/../lib/gcc/arm-none-eabi/10.3.1/thumb/v6-m/nofp\libgcc.a(_divsi3.o)
                                                  build/stm32c0xx_hal_uart_ex.o
__aeabi_idiv0                                     c:/program files (x86)/gnu arm embedded toolchain/10 2021.10/bin/../lib/gcc/arm-none-eabi/10.3.1/thumb/v6-m/nofp\libgcc.a(_dvmd_tls.o)
                                                  c:/program files (x86)/gnu arm embedded toolchain/10 2021.10/bin/../lib/gcc/arm-none-eabi/10.3.1/thumb/v6-m/nofp\libgcc.a(_divsi3.o)
                                                  c:/program files (x86)/gnu arm embedded toolchain/10 2021.10/bin/../lib/gcc/arm-none-eabi/10.3.1/thumb/v6-m/nofp\libgcc.a(_udivsi3.o)
__aeabi_idivmod                                   c:/program files (x86)/gnu arm embedded toolchain/10 2021.10/bin/../lib/gcc/arm-none-eabi/10.3.1/thumb/v6-m/nofp\libgcc.a(_divsi3.o)
__aeabi_ldiv0                                     c:/program files (x86)/gnu arm embedded toolchain/10 2021.10/bin/../lib/gcc/arm-none-eabi/10.3.1/thumb/v6-m/nofp\libgcc.a(_dvmd_tls.o)
__aeabi_uidiv                                     c:/program files (x86)/gnu arm embedded toolchain/10 2021.10/bin/../lib/gcc/arm-none-eabi/10.3.1/thumb/v6-m/nofp\libgcc.a(_udivsi3.o)
                                                  build/port.o
                                                  build/stm32c0xx_hal_uart.o
                                                  build/stm32c0xx_hal_dma.o
                                                  build/stm32c0xx_hal_rcc_ex.o
                                                  build/stm32c0xx_hal.o
__aeabi_uidivmod                                  c:/program files (x86)/gnu arm embedded toolchain/10 2021.10/bin/../lib/gcc/arm-none-eabi/10.3.1/thumb/v6-m/nofp\libgcc.a(_udivsi3.o)
__bss_end__                                       c:/program files (x86)/gnu arm embedded toolchain/10 2021.10/bin/../lib/gcc/arm-none-eabi/10.3.1/../../../../arm-none-eabi/lib/thumb/v6-m/nofp/crt0.o
__bss_start__                                     c:/program files (x86)/gnu arm embedded toolchain/10 2021.10/bin/../lib/gcc/arm-none-eabi/10.3.1/../../../../arm-none-eabi/lib/thumb/v6-m/nofp/crt0.o
__call_exitprocs                                  c:/program files (x86)/gnu arm embedded toolchain/10 2021.10/bin/../lib/gcc/arm-none-eabi/10.3.1/../../../../arm-none-eabi/lib/thumb/v6-m/nofp\libc_nano.a(lib_a-exit.o)
__deregister_frame_info                           c:/program files (x86)/gnu arm embedded toolchain/10 2021.10/bin/../lib/gcc/arm-none-eabi/10.3.1/thumb/v6-m/nofp/crtbegin.o
__divsi3                                          c:/program files (x86)/gnu arm embedded toolchain/10 2021.10/bin/../lib/gcc/arm-none-eabi/10.3.1/thumb/v6-m/nofp\libgcc.a(_divsi3.o)
__dso_handle                                      c:/program files (x86)/gnu arm embedded toolchain/10 2021.10/bin/../lib/gcc/arm-none-eabi/10.3.1/thumb/v6-m/nofp/crtbegin.o
__env                                             build/syscalls.o
__errno                                           c:/program files (x86)/gnu arm embedded toolchain/10 2021.10/bin/../lib/gcc/arm-none-eabi/10.3.1/../../../../arm-none-eabi/lib/thumb/v6-m/nofp\libc_nano.a(lib_a-errno.o)
                                                  build/syscalls.o
                                                  build/sysmem.o
__init_array_end                                  c:/program files (x86)/gnu arm embedded toolchain/10 2021.10/bin/../lib/gcc/arm-none-eabi/10.3.1/../../../../arm-none-eabi/lib/thumb/v6-m/nofp\libc_nano.a(lib_a-init.o)
__init_array_start                                c:/program files (x86)/gnu arm embedded toolchain/10 2021.10/bin/../lib/gcc/arm-none-eabi/10.3.1/../../../../arm-none-eabi/lib/thumb/v6-m/nofp\libc_nano.a(lib_a-init.o)
__io_getchar                                      build/syscalls.o
__io_putchar                                      build/stm32c0xx_nucleo.o
                                                  build/syscalls.o
__libc_fini_array                                 c:/program files (x86)/gnu arm embedded toolchain/10 2021.10/bin/../lib/gcc/arm-none-eabi/10.3.1/../../../../arm-none-eabi/lib/thumb/v6-m/nofp/crt0.o
__libc_init_array                                 c:/program files (x86)/gnu arm embedded toolchain/10 2021.10/bin/../lib/gcc/arm-none-eabi/10.3.1/../../../../arm-none-eabi/lib/thumb/v6-m/nofp\libc_nano.a(lib_a-init.o)
                                                  build/startup_stm32c031xx.o
                                                  c:/program files (x86)/gnu arm embedded toolchain/10 2021.10/bin/../lib/gcc/arm-none-eabi/10.3.1/../../../../arm-none-eabi/lib/thumb/v6-m/nofp/crt0.o
__preinit_array_end                               c:/program files (x86)/gnu arm embedded toolchain/10 2021.10/bin/../lib/gcc/arm-none-eabi/10.3.1/../../../../arm-none-eabi/lib/thumb/v6-m/nofp\libc_nano.a(lib_a-init.o)
__preinit_array_start                             c:/program files (x86)/gnu arm embedded toolchain/10 2021.10/bin/../lib/gcc/arm-none-eabi/10.3.1/../../../../arm-none-eabi/lib/thumb/v6-m/nofp\libc_nano.a(lib_a-init.o)
__register_frame_info                             c:/program files (x86)/gnu arm embedded toolchain/10 2021.10/bin/../lib/gcc/arm-none-eabi/10.3.1/thumb/v6-m/nofp/crtbegin.o
__sf_fake_stderr                                  c:/program files (x86)/gnu arm embedded toolchain/10 2021.10/bin/../lib/gcc/arm-none-eabi/10.3.1/../../../../arm-none-eabi/lib/thumb/v6-m/nofp\libc_nano.a(lib_a-impure.o)
__sf_fake_stdin                                   c:/program files (x86)/gnu arm embedded toolchain/10 2021.10/bin/../lib/gcc/arm-none-eabi/10.3.1/../../../../arm-none-eabi/lib/thumb/v6-m/nofp\libc_nano.a(lib_a-impure.o)
__sf_fake_stdout                                  c:/program files (x86)/gnu arm embedded toolchain/10 2021.10/bin/../lib/gcc/arm-none-eabi/10.3.1/../../../../arm-none-eabi/lib/thumb/v6-m/nofp\libc_nano.a(lib_a-impure.o)
__stack                                           c:/program files (x86)/gnu arm embedded toolchain/10 2021.10/bin/../lib/gcc/arm-none-eabi/10.3.1/../../../../arm-none-eabi/lib/thumb/v6-m/nofp/crt0.o
__udivsi3                                         c:/program files (x86)/gnu arm embedded toolchain/10 2021.10/bin/../lib/gcc/arm-none-eabi/10.3.1/thumb/v6-m/nofp\libgcc.a(_udivsi3.o)
_close                                            build/syscalls.o
_ebss                                             build/startup_stm32c031xx.o
_edata                                            build/startup_stm32c031xx.o
_end                                              build/sysmem.o
_estack                                           build/startup_stm32c031xx.o
                                                  build/sysmem.o
_execve                                           build/syscalls.o
_exit                                             build/syscalls.o