Archive member included to satisfy reference by file (symbol)

c:/program files (x86)/gnu arm embedded toolchain/10 2021.10/bin/../lib/gcc/arm-none-eabi/10.3.1/../../../../arm-none-eabi/lib/thumb/v6-m/nofp\libc_nano.a(lib_a-errno.o)
                              build/sysmem.o (__errno)
c:/program files (x86)/gnu arm embedded toolchain/10 2021.10/bin/../lib/gcc/arm-none-eabi/10.3.1/../../../../arm-none-eabi/lib/thumb/v6-m/nofp\libc_nano.a(lib_a-exit.o)
                              c:/program files (x86)/gnu arm embedded toolchain/10 2021.10/bin/../lib/gcc/arm-none-eabi/10.3.1/../../../../arm-none-eabi/lib/thumb/v6-m/nofp/crt0.o (exit)
c:/program files (x86)/gnu arm embedded toolchain/10 2021.10/bin/../lib/gcc/arm-none-eabi/10.3.1/../../../../arm-none-eabi/lib/thumb/v6-m/nofp\libc_nano.a(lib_a-impure.o)
                              c:/program files (x86)/gnu arm embedded toolchain/10 2021.10/bin/../lib/gcc/arm-none-eabi/10.3.1/../../../../arm-none-eabi/lib/thumb/v6-m/nofp\libc_nano.a(lib_a-exit.o) (_global_impure_ptr)
c:/program files (x86)/gnu arm embedded toolchain/10 2021.10/bin/../lib/gcc/arm-none-eabi/10.3.1/../../../../arm-none-eabi/lib/thumb/v6-m/nofp\libc_nano.a(lib_a-init.o)
                              c:/program files (x86)/gnu arm embedded toolchain/10 2021.10/bin/../lib/gcc/arm-none-eabi/10.3.1/../../../../arm-none-eabi/lib/thumb/v6-m/nofp/crt0.o (__libc_init_array)
c:/program files (x86)/gnu arm embedded toolchain/10 2021.10/bin/../lib/gcc/arm-none-eabi/10.3.1/../../../../arm-none-eabi/lib/thumb/v6-m/nofp\libc_nano.a(lib_a-memcpy-stub.o)
                              build/queue.o (memcpy)
c:/program files (x86)/gnu arm embedded toolchain/10 2021.10/bin/../lib/gcc/arm-none-eabi/10.3.1/../../../../arm-none-eabi/lib/thumb/v6-m/nofp\libc_nano.a(lib_a-memset.o)
                              c:/program files (x86)/gnu arm embedded toolchain/10 2021.10/bin/../lib/gcc/arm-none-eabi/10.3.1/../../../../arm-none-eabi/lib/thumb/v6-m/nofp/crt0.o (memset)
c:/program files (x86)/gnu arm embedded toolchain/10 2021.10/bin/../lib/gcc/arm-none-eabi/10.3.1/../../../../arm-none-eabi/lib/thumb/v6-m/nofp\libc_nano.a(lib_a-rand.o)
                              build/app_freertos.o (rand)
c:/program files (x86)/gnu arm embedded toolchain/10 2021.10/bin/../lib/gcc/arm-none-eabi/10.3.1/../../../../arm-none-eabi/lib/thumb/v6-m/nofp\libc_nano.a(lib_a-snprintf.o)
                              build/app_freertos.o (snprintf)
c:/program files (x86)/gnu arm embedded toolchain/10 2021.10/bin/../lib/gcc/arm-none-eabi/10.3.1/../../../../arm-none-eabi/lib/thumb/v6-m/nofp\libc_nano.a(lib_a-assert.o)
                              c:/program files (x86)/gnu arm embedded toolchain/10 2021.10/bin/../lib/gcc/arm-none-eabi/10.3.1/../../../../arm-none-eabi/lib/thumb/v6-m/nofp\libc_nano.a(lib_a-rand.o) (__assert_func)
c:/program files (x86)/gnu arm embedded toolchain/10 2021.10/bin/../lib/gcc/arm-none-eabi/10.3.1/../../../../arm-none-eabi/lib/thumb/v6-m/nofp\libc_nano.a(lib_a-fprintf.o)
                              c:/program files (x86)/gnu arm embedded toolchain/10 2021.10/bin/../lib/gcc/arm-none-eabi/10.3.1/../../../../arm-none-eabi/lib/thumb/v6-m/nofp\libc_nano.a(lib_a-assert.o) (fiprintf)
c:/program files (x86)/gnu arm embedded toolchain/10 2021.10/bin/../lib/gcc/arm-none-eabi/10.3.1/../../../../arm-none-eabi/lib/thumb/v6-m/nofp\libc_nano.a(lib_a-malloc.o)
                              c:/program files (x86)/gnu arm embedded toolchain/10 2021.10/bin/../lib/gcc/arm-none-eabi/10.3.1/../../../../arm-none-eabi/lib/thumb/v6-m/nofp\libc_nano.a(lib_a-rand.o) (malloc)
c:/program files (x86)/gnu arm embedded toolchain/10 2021.10/bin/../lib/gcc/arm-none-eabi/10.3.1/../../../../arm-none-eabi/lib/thumb/v6-m/nofp\libc_nano.a(lib_a-nano-freer.o)
                              c:/program files (x86)/gnu arm embedded toolchain/10 2021.10/bin/../lib/gcc/arm-none-eabi/10.3.1/../../../../arm-none-eabi/lib/thumb/v6-m/nofp\libc_nano.a(lib_a-malloc.o) (_free_r)
c:/program files (x86)/gnu arm embedded toolchain/10 2021.10/bin/../lib/gcc/arm-none-eabi/10.3.1/../../../../arm-none-eabi/lib/thumb/v6-m/nofp\libc_nano.a(lib_a-nano-mallocr.o)
                              c:/program files (x86)/gnu arm embedded toolchain/10 2021.10/bin/../lib/gcc/arm-none-eabi/10.3.1/../../../../arm-none-eabi/lib/thumb/v6-m/nofp\libc_nano.a(lib_a-malloc.o) (_malloc_r)
c:/program files (x86)/gnu arm embedded toolchain/10 2021.10/bin/../lib/gcc/arm-none-eabi/10.3.1/../../../../arm-none-eabi/lib/thumb/v6-m/nofp\libc_nano.a(lib_a-nano-svfprintf.o)
                              c:/program files (x86)/gnu arm embedded toolchain/10 2021.10/bin/../lib/gcc/arm-none-eabi/10.3.1/../../../../arm-none-eabi/lib/thumb/v6-m/nofp\libc_nano.a(lib_a-snprintf.o) (_svfprintf_r)
c:/program files (x86)/gnu arm embedded toolchain/10 2021.10/bin/../lib/gcc/arm-none-eabi/10.3.1/../../../../arm-none-eabi/lib/thumb/v6-m/nofp\libc_nano.a(lib_a-nano-vfprintf.o)
[...]
Memory Configuration

Name             Origin             Length             Attributes
RAM              0x20000000         0x00003000         xrw
FLASH            0x08000000         0x00008000         xr
*default*        0x00000000         0xffffffff

Linker script and memory map

LOAD c:/program files (x86)/gnu arm embedded toolchain/10 2021.10/bin/../lib/gcc/arm-none-eabi/10.3.1/thumb/v6-m/nofp/crti.o
LOAD c:/program files (x86)/gnu arm embedded toolchain/10 2021.10/bin/../lib/gcc/arm-none-eabi/10.3.1/thumb/v6-m/nofp/crtbegin.o
LOAD c:/program files (x86)/gnu arm embedded toolchain/10 2021.10/bin/../lib/gcc/arm-none-eabi/10.3.1/../../../../arm-none-eabi/lib/thumb/v6-m/nofp/crt0.o
LOAD build/main.o
LOAD build/gpio.o
LOAD build/app_freertos.o
LOAD build/lcd.o
LOAD build/stm32c0xx_it.o
LOAD build/stm32c0xx_hal_msp.o
LOAD build/stm32c0xx_nucleo.o
LOAD build/stm32c0xx_hal_usart_ex.o
LOAD build/stm32c0xx_hal.o
LOAD build/stm32c0xx_hal_cortex.o
LOAD build/stm32c0xx_hal_rcc.o
LOAD build/stm32c0xx_hal_rcc_ex.o
LOAD build/stm32c0xx_hal_flash.o
LOAD build/stm32c0xx_hal_flash_ex.o
LOAD build/stm32c0xx_hal_gpio.o
LOAD build/stm32c0xx_hal_dma.o
LOAD build/stm32c0xx_hal_dma_ex.o
LOAD build/stm32c0xx_hal_pwr.o
LOAD build/stm32c0xx_hal_pwr_ex.o
LOAD build/stm32c0xx_hal_exti.o
LOAD build/stm32c0xx_hal_tim.o
LOAD build/stm32c0xx_hal_tim_ex.o
LOAD build/stm32c0xx_hal_usart.o
LOAD build/stm32c0xx_hal_uart_ex.o
LOAD build/stm32c0xx_hal_uart.o
LOAD build/system_stm32c0xx.o
LOAD build/qep_hsm.o
LOAD build/qep_msm.o
LOAD build/qf_act.o
LOAD build/qf_defer.o
LOAD build/qf_dyn.o
LOAD build/qf_mem.o
LOAD build/qf_ps.o
LOAD build/qf_qact.o
LOAD build/qf_qeq.o
LOAD build/qf_qmact.o
LOAD build/qf_time.o
LOAD build/qf_port.o
LOAD build/croutine.o
LOAD build/event_groups.o
LOAD build/list.o
LOAD build/queue.o
LOAD build/stream_buffer.o
LOAD build/tasks.o
LOAD build/timers.o
LOAD build/cmsis_os2.o
LOAD build/port.o
LOAD build/sysmem.o
LOAD build/syscalls.o
LOAD build/heap_4.o
LOAD build/dma.o
LOAD build/i2c.o
LOAD build/usart.o
LOAD build/stm32c0xx_hal_i2c.o
LOAD build/stm32c0xx_hal_i2c_ex.o
LOAD build/startup_stm32c031xx.o
LOAD c:/program files (x86)/gnu arm embedded toolchain/10 2021.10/bin/../lib/gcc/arm-none-eabi/10.3.1/../../../../arm-none-eabi/lib/thumb/v6-m/nofp\libc_nano.a
LOAD c:/program files (x86)/gnu arm embedded toolchain/10 2021.10/bin/../lib/gcc/arm-none-eabi/10.3.1/../../../../arm-none-eabi/lib/thumb/v6-m/nofp\libm.a
LOAD c:/program files (x86)/gnu arm embedded toolchain/10 2021.10/bin/../lib/gcc/arm-none-eabi/10.3.1/../../../../arm-none-eabi/lib/thumb/v6-m/nofp\libnosys.a
START GROUP
LOAD c:/program files (x86)/gnu arm embedded toolchain/10 2021.10/bin/../lib/gcc/arm-none-eabi/10.3.1/thumb/v6-m/nofp\libgcc.a
LOAD c:/program files (x86)/gnu arm embedded toolchain/10 2021.10/bin/../lib/gcc/arm-none-eabi/10.3.1/../../../../arm-none-eabi/lib/thumb/v6-m/nofp\libc_nano.a
END GROUP
START GROUP
LOAD c:/program files (x86)/gnu arm embedded toolchain/10 2021.10/bin/../lib/gcc/arm-none-eabi/10.3.1/thumb/v6-m/nofp\libgcc.a
LOAD c:/program files (x86)/gnu arm embedded toolchain/10 2021.10/bin/../lib/gcc/arm-none-eabi/10.3.1/../../../../arm-none-eabi/lib/thumb/v6-m/nofp\libc_nano.a
END GROUP
LOAD c:/program files (x86)/gnu arm embedded toolchain/10 2021.10/bin/../lib/gcc/arm-none-eabi/10.3.1/thumb/v6-m/nofp/crtend.o
LOAD c:/program files (x86)/gnu arm embedded toolchain/10 2021.10/bin/../lib/gcc/arm-none-eabi/10.3.1/thumb/v6-m/nofp/crtn.o
                0x20003000                _estack = (ORIGIN (RAM) + LENGTH (RAM))
                0x00000200                _Min_Heap_Size = 0x200
                0x00000400                _Min_Stack_Size = 0x400

.isr_vector     0x08000000       0xc0
                0x08000000                . = ALIGN (0x4)
 *(.isr_vector)
 .isr_vector    0x08000000       0xc0 build/startup_stm32c031xx.o
                0x08000000                g_pfnVectors
                0x080000c0                . = ALIGN (0x4)

.text           0x080000c0     0x554c
                0x080000c0                . = ALIGN (0x4)
 *(.text)
 .text          0x080000c0       0x48 c:/program files (x86)/gnu arm embedded toolchain/10 2021.10/bin/../lib/gcc/arm-none-eabi/10.3.1/thumb/v6-m/nofp/crtbegin.o
 .text          0x08000108       0x14 c:/program files (x86)/gnu arm embedded toolchain/10 2021.10/bin/../lib/gcc/arm-none-eabi/10.3.1/thumb/v6-m/nofp\libgcc.a(_thumb1_case_shi.o)
                0x08000108                __gnu_thumb1_case_shi
 .text          0x0800011c      0x114 c:/program files (x86)/gnu arm embedded toolchain/10 2021.10/bin/../lib/gcc/arm-none-eabi/10.3.1/thumb/v6-m/nofp\libgcc.a(_udivsi3.o)
                0x0800011c                __aeabi_uidiv
                0x0800011c                __udivsi3
                0x08000228                __aeabi_uidivmod
 .text          0x08000230      0x1d4 c:/program files (x86)/gnu arm embedded toolchain/10 2021.10/bin/../lib/gcc/arm-none-eabi/10.3.1/thumb/v6-m/nofp\libgcc.a(_divsi3.o)
                0x08000230                __divsi3
                0x08000230                __aeabi_idiv
                0x080003fc                __aeabi_idivmod
 .text          0x08000404        0x4 c:/program files (x86)/gnu arm embedded toolchain/10 2021.10/bin/../lib/gcc/arm-none-eabi/10.3.1/thumb/v6-m/nofp\libgcc.a(_dvmd_tls.o)
                0x08000404                __aeabi_idiv0
                0x08000404                __aeabi_ldiv0
 .text          0x08000408       0x5c c:/program files (x86)/gnu arm embedded toolchain/10 2021.10/bin/../lib/gcc/arm-none-eabi/10.3.1/thumb/v6-m/nofp\libgcc.a(_muldi3.o)
                0x08000408                __muldi3
                0x08000408                __aeabi_lmul
 *(.text*)
 .text.HAL_GPIO_EXTI_Falling_Callback
                0x08000464       0x40 build/main.o
                0x08000464                HAL_GPIO_EXTI_Falling_Callback
 .text.Error_Handler
                0x080004a4        0x4 build/main.o
                0x080004a4                Error_Handler
 .text.SystemClock_Config
                0x080004a8       0x64 build/main.o
                0x080004a8                SystemClock_Config
 .text.main     0x0800050c       0x5c build/main.o
                0x0800050c                main
 .text.MX_GPIO_Init
                0x08000568       0xb0 build/gpio.o
                0x08000568                MX_GPIO_Init
 .text.StartDefaultTask
                0x08000618        0xc build/app_freertos.o
                0x08000618                StartDefaultTask
 .text.StartTask02
                0x08000624       0x34 build/app_freertos.o
                0x08000624                StartTask02
 .text.StartTask03
                0x08000658       0x98 build/app_freertos.o
                0x08000658                StartTask03
 .text.MX_FREERTOS_Init
                0x080006f0       0x54 build/app_freertos.o
                0x080006f0                MX_FREERTOS_Init
 .text.lcd_print_cmd
                0x08000744       0x44 build/lcd.o
                0x08000744                lcd_print_cmd
 .text.lcd_print_data
                0x08000788       0x44 build/lcd.o
                0x08000788                lcd_print_data
 .text.lcd_init
                0x080007cc       0x94 build/lcd.o
                0x080007cc                lcd_init
 .text.lcd_print_string
                0x08000860       0x14 build/lcd.o
                0x08000860                lcd_print_string
 .text.lcd_print
                0x08000874       0x18 build/lcd.o
                0x08000874                lcd_print
 .text.HardFault_Handler
                0x0800088c        0x2 build/stm32c0xx_it.o
                0x0800088c                HardFault_Handler
 .text.SysTick_Handler
                0x0800088e       0x16 build/stm32c0xx_it.o
                0x0800088e                SysTick_Handler
 .text.FLASH_IRQHandler
                0x080008a4        0x8 build/stm32c0xx_it.o
                0x080008a4                FLASH_IRQHandler
 .text.RCC_IRQHandler
                0x080008ac        0x2 build/stm32c0xx_it.o
                0x080008ac                RCC_IRQHandler
 .text.EXTI4_15_IRQHandler
                0x080008ae        0xc build/stm32c0xx_it.o
                0x080008ae                EXTI4_15_IRQHandler
 *fill*         0x080008ba        0x2 
 .text.DMA1_Channel1_IRQHandler
                0x080008bc       0x10 build/stm32c0xx_it.o
                0x080008bc                DMA1_Channel1_IRQHandler
 .text.HAL_MspInit
                0x080008cc       0x5c build/stm32c0xx_hal_msp.o
                0x080008cc                HAL_MspInit
 .text.COM1_MspInit
                0x08000928       0x68 build/stm32c0xx_nucleo.o
 .text.BSP_LED_Init
                0x08000990       0x84 build/stm32c0xx_nucleo.o
                0x08000990                BSP_LED_Init
 .text.BSP_PB_Init
                0x08000a14       0x90 build/stm32c0xx_nucleo.o
                0x08000a14                BSP_PB_Init
 .text.BSP_PB_Callback
                0x08000aa4        0x2 build/stm32c0xx_nucleo.o
                0x08000aa4                BSP_PB_Callback
 .text.BUTTON_USER_EXTI_Callback
                0x08000aa6        0xa build/stm32c0xx_nucleo.o
 .text.MX_USART2_Init
                0x08000ab0       0x34 build/stm32c0xx_nucleo.o
                0x08000ab0                MX_USART2_Init
 .text.BSP_COM_Init
                0x08000ae4       0x34 build/stm32c0xx_nucleo.o
                0x08000ae4                BSP_COM_Init
 .text.__io_putchar
                0x08000b18       0x2c build/stm32c0xx_nucleo.o
                0x08000b18                __io_putchar
 .text.HAL_InitTick
                0x08000b44       0x58 build/stm32c0xx_hal.o
                0x08000b44                HAL_InitTick
 .text.HAL_Init
                0x08000b9c       0x18 build/stm32c0xx_hal.o
                0x08000b9c                HAL_Init
 .text.HAL_IncTick
                0x08000bb4       0x18 build/stm32c0xx_hal.o
                0x08000bb4                HAL_IncTick
 .text.HAL_GetTick
                0x08000bcc        0xc build/stm32c0xx_hal.o
                0x08000bcc                HAL_GetTick
 .text.HAL_Delay
                0x08000bd8       0x24 build/stm32c0xx_hal.o
                0x08000bd8                HAL_Delay
 .text.HAL_NVIC_SetPriority
                0x08000bfc       0x60 build/stm32c0xx_hal_cortex.o
                0x08000bfc                HAL_NVIC_SetPriority
 .text.HAL_NVIC_EnableIRQ
                0x08000c5c       0x18 build/stm32c0xx_hal_cortex.o
                0x08000c5c                HAL_NVIC_EnableIRQ
 .text.HAL_SYSTICK_Config
                0x08000c74       0x38 build/stm32c0xx_hal_cortex.o
                0x08000c74                HAL_SYSTICK_Config
 .text.HAL_RCC_OscConfig
                0x08000cac      0x2bc build/stm32c0xx_hal_rcc.o
                0x08000cac                HAL_RCC_OscConfig
 .text.HAL_RCC_GetSysClockFreq
                0x08000f68       0x5c build/stm32c0xx_hal_rcc.o
                0x08000f68                HAL_RCC_GetSysClockFreq
 .text.HAL_RCC_ClockConfig
                0x08000fc4      0x184 build/stm32c0xx_hal_rcc.o
                0x08000fc4                HAL_RCC_ClockConfig
 .text.HAL_RCC_GetHCLKFreq
                0x08001148       0x30 build/stm32c0xx_hal_rcc.o
                0x08001148                HAL_RCC_GetHCLKFreq
 .text.HAL_RCC_GetPCLK1Freq
                0x08001178       0x28 build/stm32c0xx_hal_rcc.o
                0x08001178                HAL_RCC_GetPCLK1Freq
 .text.HAL_RCCEx_PeriphCLKConfig
                0x080011a0      0x130 build/stm32c0xx_hal_rcc_ex.o
                0x080011a0                HAL_RCCEx_PeriphCLKConfig
 .text.HAL_FLASH_EndOfOperationCallback
                0x080012d0        0x2 build/stm32c0xx_hal_flash.o
                0x080012d0                HAL_FLASH_EndOfOperationCallback
 .text.HAL_FLASH_OperationErrorCallback
                0x080012d2        0x2 build/stm32c0xx_hal_flash.o
                0x080012d2                HAL_FLASH_OperationErrorCallback
 .text.HAL_FLASH_IRQHandler
                0x080012d4       0xc0 build/stm32c0xx_hal_flash.o
                0x080012d4                HAL_FLASH_IRQHandler
 .text.FLASH_PageErase
                0x08001394       0x1c build/stm32c0xx_hal_flash_ex.o
                0x08001394                FLASH_PageErase
 .text.HAL_GPIO_Init
                0x080013b0      0x1bc build/stm32c0xx_hal_gpio.o
                0x080013b0                HAL_GPIO_Init
 .text.HAL_GPIO_WritePin
                0x0800156c        0xc build/stm32c0xx_hal_gpio.o
                0x0800156c                HAL_GPIO_WritePin
 .text.HAL_GPIO_EXTI_Rising_Callback
                0x08001578        0x2 build/stm32c0xx_hal_gpio.o
                0x08001578                HAL_GPIO_EXTI_Rising_Callback
 *fill*         0x0800157a        0x2 
 .text.HAL_GPIO_EXTI_IRQHandler
                0x0800157c       0x30 build/stm32c0xx_hal_gpio.o
                0x0800157c                HAL_GPIO_EXTI_IRQHandler
 .text.DMA_CalcDMAMUXChannelBaseAndMask
                0x080015ac       0x38 build/stm32c0xx_hal_dma.o
 .text.DMA_CalcDMAMUXRequestGenBaseAndMask
                0x080015e4       0x28 build/stm32c0xx_hal_dma.o
 .text.HAL_DMA_Init
                0x0800160c       0xb0 build/stm32c0xx_hal_dma.o
                0x0800160c                HAL_DMA_Init
 .text.HAL_DMA_IRQHandler
                0x080016bc       0xcc build/stm32c0xx_hal_dma.o
                0x080016bc                HAL_DMA_IRQHandler
 .text.HAL_EXTI_RegisterCallback
                0x08001788       0x24 build/stm32c0xx_hal_exti.o
                0x08001788                HAL_EXTI_RegisterCallback
 .text.HAL_EXTI_GetHandle
                0x080017ac        0xe build/stm32c0xx_hal_exti.o
                0x080017ac                HAL_EXTI_GetHandle
 *fill*         0x080017ba        0x2 
 .text.UARTEx_SetNbDataToProcess
                0x080017bc       0x50 build/stm32c0xx_hal_uart_ex.o
 .text.HAL_UARTEx_DisableFifoMode
                0x0800180c       0x40 build/stm32c0xx_hal_uart_ex.o
                0x0800180c                HAL_UARTEx_DisableFifoMode
 .text.HAL_UARTEx_SetTxFifoThreshold
                0x0800184c       0x4a build/stm32c0xx_hal_uart_ex.o
                0x0800184c                HAL_UARTEx_SetTxFifoThreshold
 *fill*         0x08001896        0x2 
 .text.HAL_UARTEx_SetRxFifoThreshold
                0x08001898       0x50 build/stm32c0xx_hal_uart_ex.o
                0x08001898                HAL_UARTEx_SetRxFifoThreshold
 .text.UART_EndRxTransfer
                0x080018e8       0x64 build/stm32c0xx_hal_uart.o
 .text.UART_SetConfig
                0x0800194c      0x1c8 build/stm32c0xx_hal_uart.o
                0x0800194c                UART_SetConfig
 .text.UART_AdvFeatureConfig
                0x08001b14       0xe0 build/stm32c0xx_hal_uart.o
                0x08001b14                UART_AdvFeatureConfig
 .text.UART_WaitOnFlagUntilTimeout
                0x08001bf4       0x9e build/stm32c0xx_hal_uart.o
                0x08001bf4                UART_WaitOnFlagUntilTimeout
 .text.HAL_UART_Transmit
                0x08001c92       0xfc build/stm32c0xx_hal_uart.o
                0x08001c92                HAL_UART_Transmit
 *fill*         0x08001d8e        0x2 
 .text.UART_CheckIdleState
                0x08001d90       0xd4 build/stm32c0xx_hal_uart.o
                0x08001d90                UART_CheckIdleState
 .text.HAL_UART_Init
                0x08001e64       0x70 build/stm32c0xx_hal_uart.o
                0x08001e64                HAL_UART_Init
 .text.SystemInit
                0x08001ed4       0x10 build/system_stm32c0xx.o
                0x08001ed4                SystemInit
 .text.vListInitialise
                0x08001ee4       0x16 build/list.o
                0x08001ee4                vListInitialise
 .text.vListInitialiseItem
                0x08001efa        0x6 build/list.o
                0x08001efa                vListInitialiseItem
 .text.vListInsert
                0x08001f00       0x2e build/list.o
                0x08001f00                vListInsert
 .text.uxListRemove
                0x08001f2e       0x26 build/list.o
                0x08001f2e                uxListRemove
 .text.prvIsQueueEmpty
                0x08001f54       0x1c build/queue.o
 .text.prvCopyDataFromQueue
                0x08001f70       0x24 build/queue.o
 .text.prvUnlockQueue
                0x08001f94       0x72 build/queue.o
 .text.xQueueGenericReset
                0x08002006       0xb4 build/queue.o
                0x08002006                xQueueGenericReset
 .text.prvInitialiseNewQueue
                0x080020ba       0x22 build/queue.o
 .text.xQueueGenericCreateStatic
                0x080020dc       0x4c build/queue.o
                0x080020dc                xQueueGenericCreateStatic
 .text.xQueueReceive
                0x08002128      0x116 build/queue.o
                0x08002128                xQueueReceive
 *fill*         0x0800223e        0x2 
 .text.vQueueAddToRegistry
                0x08002240       0x4c build/queue.o
                0x08002240                vQueueAddToRegistry
 .text.vQueueWaitForMessageRestricted
                0x0800228c       0x50 build/queue.o
                0x0800228c                vQueueWaitForMessageRestricted
 .text.prvResetNextTaskUnblockTime
                0x080022dc       0x2c build/tasks.o
 .text.prvInitialiseNewTask
                0x08002308       0x94 build/tasks.o
 .text.prvInitialiseTaskLists
                0x0800239c       0x68 build/tasks.o
 .text.prvAddNewTaskToReadyList
                0x08002404       0xc4 build/tasks.o
 .text.prvDeleteTCB
                0x080024c8       0x2c build/tasks.o
 .text.prvCheckTasksWaitingTermination
                0x080024f4       0x44 build/tasks.o
 .text.prvIdleTask
                0x08002538       0x18 build/tasks.o
 .text.prvAddCurrentTaskToDelayedList
                0x08002550       0x94 build/tasks.o
 .text.xTaskCreateStatic
                0x080025e4       0x6e build/tasks.o
                0x080025e4                xTaskCreateStatic
 .text.xTaskCreate
                0x08002652       0x6c build/tasks.o
                0x08002652                xTaskCreate
 *fill*         0x080026be        0x2 
 .text.vTaskStartScheduler
                0x080026c0       0x88 build/tasks.o
                0x080026c0                vTaskStartScheduler
 .text.vTaskSuspendAll
                0x08002748       0x10 build/tasks.o
                0x08002748                vTaskSuspendAll
 .text.xTaskGetTickCount
                0x08002758        0xc build/tasks.o
                0x08002758                xTaskGetTickCount
 .text.xTaskIncrementTick
                0x08002764      0x164 build/tasks.o
                0x08002764                xTaskIncrementTick
 .text.xTaskResumeAll
                0x080028c8      0x140 build/tasks.o
                0x080028c8                xTaskResumeAll
 .text.vTaskDelay
                0x08002a08       0x30 build/tasks.o
                0x08002a08                vTaskDelay
 .text.vTaskSwitchContext
                0x08002a38       0x8c build/tasks.o
                0x08002a38                vTaskSwitchContext
 .text.vTaskPlaceOnEventList
                0x08002ac4       0x24 build/tasks.o
                0x08002ac4                vTaskPlaceOnEventList
 .text.vTaskPlaceOnEventListRestricted
                0x08002ae8       0x48 build/tasks.o
                0x08002ae8                vTaskPlaceOnEventListRestricted
 .text.xTaskRemoveFromEventList
                0x08002b30       0xe8 build/tasks.o
                0x08002b30                xTaskRemoveFromEventList
 .text.vTaskInternalSetTimeOutState
                0x08002c18       0x18 build/tasks.o
                0x08002c18                vTaskInternalSetTimeOutState
 .text.xTaskCheckForTimeOut
                0x08002c30       0x6c build/tasks.o
                0x08002c30                xTaskCheckForTimeOut
 .text.vTaskMissedYield
                0x08002c9c        0xc build/tasks.o
                0x08002c9c                vTaskMissedYield
 .text.xTaskGetSchedulerState
                0x08002ca8       0x24 build/tasks.o
                0x08002ca8                xTaskGetSchedulerState
 .text.prvGetNextExpireTime
                0x08002ccc       0x24 build/timers.o
 .text.prvInsertTimerInActiveList
                0x08002cf0       0x48 build/timers.o
 .text.prvReloadTimer
                0x08002d38       0x2a build/timers.o
 *fill*         0x08002d62        0x2 
 .text.prvProcessExpiredTimer
                0x08002d64       0x3c build/timers.o
 .text.prvSwitchTimerLists
                0x08002da0       0x30 build/timers.o
 .text.prvSampleTimeNow
                0x08002dd0       0x2c build/timers.o
 .text.prvProcessTimerOrBlockTask
                0x08002dfc       0x70 build/timers.o
 .text.prvProcessReceivedCommands
                0x08002e6c       0xf0 build/timers.o
 .text.prvTimerTask
                0x08002f5c       0x16 build/timers.o
 *fill*         0x08002f72        0x2 
 .text.prvCheckForValidListAndQueue
                0x08002f74       0x70 build/timers.o
 .text.xTimerCreateTimerTask
                0x08002fe4       0x5c build/timers.o
                0x08002fe4                xTimerCreateTimerTask
 .text.osKernelInitialize
                0x08003040       0x50 build/cmsis_os2.o
                0x08003040                osKernelInitialize
 .text.osKernelStart
                0x08003090       0x68 build/cmsis_os2.o
                0x08003090                osKernelStart
 .text.osThreadNew
                0x080030f8       0xf0 build/cmsis_os2.o
                0x080030f8                osThreadNew
 .text.osDelay  0x080031e8       0x3e build/cmsis_os2.o
                0x080031e8                osDelay
 *fill*         0x08003226        0x2 
 .text.vApplicationGetIdleTaskMemory
                0x08003228       0x18 build/cmsis_os2.o
                0x08003228                vApplicationGetIdleTaskMemory
 .text.vApplicationGetTimerTaskMemory
                0x08003240       0x18 build/cmsis_os2.o
                0x08003240                vApplicationGetTimerTaskMemory
 .text.prvTaskExitError
                0x08003258       0x24 build/port.o
 *fill*         0x0800327c        0x4 
 .text.vPortStartFirstTask
                0x08003280       0x34 build/port.o
 .text.pxPortInitialiseStack
                0x080032b4       0x20 build/port.o
                0x080032b4                pxPortInitialiseStack
 .text.SVC_Handler
                0x080032d4        0x2 build/port.o
                0x080032d4                SVC_Handler
 *fill*         0x080032d6        0x2 
 .text.vPortYield
                0x080032d8       0x18 build/port.o
                0x080032d8                vPortYield
 .text.vPortEnterCritical
                0x080032f0       0x18 build/port.o
                0x080032f0                vPortEnterCritical
 .text.vPortExitCritical
                0x08003308       0x20 build/port.o
                0x08003308                vPortExitCritical
 .text.ulSetInterruptMaskFromISR
                0x08003328        0x8 build/port.o
                0x08003328                ulSetInterruptMaskFromISR
 .text.vClearInterruptMaskFromISR
                0x08003330        0x6 build/port.o
                0x08003330                vClearInterruptMaskFromISR
 *fill*         0x08003336        0xa 
 .text.PendSV_Handler
                0x08003340       0x44 build/port.o
                0x08003340                PendSV_Handler
 .text.xPortSysTickHandler
                0x08003384       0x24 build/port.o
                0x08003384                xPortSysTickHandler
 .text.vPortSetupTimerInterrupt
                0x080033a8       0x34 build/port.o
                0x080033a8                vPortSetupTimerInterrupt
 .text.xPortStartScheduler
                0x080033dc       0x3c build/port.o
                0x080033dc                xPortStartScheduler
 .text._sbrk    0x08003418       0x48 build/sysmem.o
                0x08003418                _sbrk
 .text._getpid  0x08003460        0x4 build/syscalls.o
                0x08003460                _getpid
 .text._kill    0x08003464       0x10 build/syscalls.o
                0x08003464                _kill
 .text._exit    0x08003474        0xc build/syscalls.o
                0x08003474                _exit
 .text._read    0x08003480       0x1c build/syscalls.o
                0x08003480                _read
 .text._write   0x0800349c       0x1c build/syscalls.o
                0x0800349c                _write
 .text._close   0x080034b8        0x6 build/syscalls.o
                0x080034b8                _close
 .text._fstat   0x080034be        0xa build/syscalls.o
                0x080034be                _fstat
 .text._isatty  0x080034c8        0x4 build/syscalls.o
                0x080034c8                _isatty
 .text._lseek   0x080034cc        0x4 build/syscalls.o
                0x080034cc                _lseek
 .text.prvHeapInit
                0x080034d0       0x58 build/heap_4.o
 .text.prvInsertBlockIntoFreeList
                0x08003528       0x54 build/heap_4.o
 .text.pvPortMalloc
                0x0800357c       0xec build/heap_4.o
                0x0800357c                pvPortMalloc
 .text.vPortFree
                0x08003668       0x60 build/heap_4.o
                0x08003668                vPortFree
 .text.MX_DMA_Init
                0x080036c8       0x30 build/dma.o
                0x080036c8                MX_DMA_Init
 .text.MX_I2C1_Init
                0x080036f8       0x60 build/i2c.o
                0x080036f8                MX_I2C1_Init
 .text.HAL_I2C_MspInit
                0x08003758       0xc0 build/i2c.o
                0x08003758                HAL_I2C_MspInit
 .text.MX_USART1_UART_Init
                0x08003818       0x70 build/usart.o
                0x08003818                MX_USART1_UART_Init
 .text.HAL_UART_MspInit
                0x08003888       0x84 build/usart.o
                0x08003888                HAL_UART_MspInit
 .text.I2C_Flush_TXDR
                0x0800390c       0x1e build/stm32c0xx_hal_i2c.o
 *fill*         0x0800392a        0x2 
 .text.I2C_TransferConfig
                0x0800392c       0x30 build/stm32c0xx_hal_i2c.o
 .text.I2C_IsErrorOccurred
                0x0800395c      0x118 build/stm32c0xx_hal_i2c.o
 .text.I2C_WaitOnTXISFlagUntilTimeout
                0x08003a74       0x5a build/stm32c0xx_hal_i2c.o
 .text.I2C_WaitOnFlagUntilTimeout
                0x08003ace       0x8a build/stm32c0xx_hal_i2c.o
 .text.I2C_WaitOnSTOPFlagUntilTimeout
                0x08003b58       0x5a build/stm32c0xx_hal_i2c.o
 *fill*         0x08003bb2        0x2 
 .text.HAL_I2C_Init
                0x08003bb4       0xdc build/stm32c0xx_hal_i2c.o
                0x08003bb4                HAL_I2C_Init
 .text.HAL_I2C_Master_Transmit
                0x08003c90      0x198 build/stm32c0xx_hal_i2c.o
                0x08003c90                HAL_I2C_Master_Transmit
 .text.HAL_I2C_IsDeviceReady
                0x08003e28      0x188 build/stm32c0xx_hal_i2c.o
                0x08003e28                HAL_I2C_IsDeviceReady
 .text.HAL_I2CEx_ConfigAnalogFilter
                0x08003fb0       0x58 build/stm32c0xx_hal_i2c_ex.o
                0x08003fb0                HAL_I2CEx_ConfigAnalogFilter
 .text.HAL_I2CEx_ConfigDigitalFilter
                0x08004008       0x54 build/stm32c0xx_hal_i2c_ex.o
                0x08004008                HAL_I2CEx_ConfigDigitalFilter
 .text.Reset_Handler
                0x0800405c       0x50 build/startup_stm32c031xx.o
                0x0800405c                Reset_Handler
 .text.Default_Handler
                0x080040ac        0x2 build/startup_stm32c031xx.o
                0x080040ac                TIM1_CC_IRQHandler
                0x080040ac                NMI_Handler
                0x080040ac                I2C1_IRQHandler
                0x080040ac                DMAMUX1_IRQHandler
                0x080040ac                SPI1_IRQHandler
                0x080040ac                EXTI2_3_IRQHandler
                0x080040ac                ADC1_IRQHandler
                0x080040ac                TIM17_IRQHandler
                0x080040ac                RTC_IRQHandler
                0x080040ac                TIM16_IRQHandler
                0x080040ac                TIM3_IRQHandler
                0x080040ac                Default_Handler
                0x080040ac                TIM14_IRQHandler
                0x080040ac                EXTI0_1_IRQHandler
                0x080040ac                WWDG_IRQHandler
                0x080040ac                DMA1_Channel2_3_IRQHandler
                0x080040ac                USART2_IRQHandler
                0x080040ac                USART1_IRQHandler
                0x080040ac                TIM1_BRK_UP_TRG_COM_IRQHandler
 *fill*         0x080040ae        0x2 
 .text.__errno  0x080040b0        0xc c:/program files (x86)/gnu arm embedded toolchain/10 2021.10/bin/../lib/gcc/arm-none-eabi/10.3.1/../../../../arm-none-eabi/lib/thumb/v6-m/nofp\libc_nano.a(lib_a-errno.o)
                0x080040b0                __errno
 .text.__libc_init_array
                0x080040bc       0x48 c:/program files (x86)/gnu arm embedded toolchain/10 2021.10/bin/../lib/gcc/arm-none-eabi/10.3.1/../../../../arm-none-eabi/lib/thumb/v6-m/nofp\libc_nano.a(lib_a-init.o)
                0x080040bc                __libc_init_array
 .text.memcpy   0x08004104       0x12 c:/program files (x86)/gnu arm embedded toolchain/10 2021.10/bin/../lib/gcc/arm-none-eabi/10.3.1/../../../../arm-none-eabi/lib/thumb/v6-m/nofp\libc_nano.a(lib_a-memcpy-stub.o)
                0x08004104                memcpy
 .text.memset   0x08004116       0x10 c:/program files (x86)/gnu arm embedded toolchain/10 2021.10/bin/../lib/gcc/arm-none-eabi/10.3.1/../../../../arm-none-eabi/lib/thumb/v6-m/nofp\libc_nano.a(lib_a-memset.o)
                0x08004116                memset
 *fill*         0x08004126        0x2 
 .text.rand     0x08004128       0x7c c:/program files (x86)/gnu arm embedded toolchain/10 2021.10/bin/../lib/gcc/arm-none-eabi/10.3.1/../../../../arm-none-eabi/lib/thumb/v6-m/nofp\libc_nano.a(lib_a-rand.o)
                0x08004128                rand
 .text.snprintf
                0x080041a4       0x68 c:/program files (x86)/gnu arm embedded toolchain/10 2021.10/bin/../lib/gcc/arm-none-eabi/10.3.1/../../../../arm-none-eabi/lib/thumb/v6-m/nofp\libc_nano.a(lib_a-snprintf.o)
                0x080041a4                sniprintf
                0x080041a4                snprintf
 .text.__assert_func
                0x0800420c       0x3c c:/program files (x86)/gnu arm embedded toolchain/10 2021.10/bin/../lib/gcc/arm-none-eabi/10.3.1/../../../../arm-none-eabi/lib/thumb/v6-m/nofp\libc_nano.a(lib_a-assert.o)
                0x0800420c                __assert_func
 .text.fprintf  0x08004248       0x20 c:/program files (x86)/gnu arm embedded toolchain/10 2021.10/bin/../lib/gcc/arm-none-eabi/10.3.1/../../../../arm-none-eabi/lib/thumb/v6-m/nofp\libc_nano.a(lib_a-fprintf.o)
                0x08004248                fiprintf
                0x08004248                fprintf
 .text.malloc   0x08004268       0x14 c:/program files (x86)/gnu arm embedded toolchain/10 2021.10/bin/../lib/gcc/arm-none-eabi/10.3.1/../../../../arm-none-eabi/lib/thumb/v6-m/nofp\libc_nano.a(lib_a-malloc.o)
                0x08004268                malloc
 .text._free_r  0x0800427c       0x94 c:/program files (x86)/gnu arm embedded toolchain/10 2021.10/bin/../lib/gcc/arm-none-eabi/10.3.1/../../../../arm-none-eabi/lib/thumb/v6-m/nofp\libc_nano.a(lib_a-nano-freer.o)
                0x0800427c                _free_r
 .text.sbrk_aligned
                0x08004310       0x44 c:/program files (x86)/gnu arm embedded toolchain/10 2021.10/bin/../lib/gcc/arm-none-eabi/10.3.1/../../../../arm-none-eabi/lib/thumb/v6-m/nofp\libc_nano.a(lib_a-nano-mallocr.o)
 .text._malloc_r
                0x08004354       0xec c:/program files (x86)/gnu arm embedded toolchain/10 2021.10/bin/../lib/gcc/arm-none-eabi/10.3.1/../../../../arm-none-eabi/lib/thumb/v6-m/nofp\libc_nano.a(lib_a-nano-mallocr.o)
                0x08004354                _malloc_r
 .text.__ssputs_r
                0x08004440       0xc4 c:/program files (x86)/gnu arm embedded toolchain/10 2021.10/bin/../lib/gcc/arm-none-eabi/10.3.1/../../../../arm-none-eabi/lib/thumb/v6-m/nofp\libc_nano.a(lib_a-nano-svfprintf.o)
                0x08004440                __ssputs_r
 .text._svfprintf_r
                0x08004504      0x200 c:/program files (x86)/gnu arm embedded toolchain/10 2021.10/bin/../lib/gcc/arm-none-eabi/10.3.1/../../../../arm-none-eabi/lib/thumb/v6-m/nofp\libc_nano.a(lib_a-nano-svfprintf.o)
                0x08004504                _svfiprintf_r
                0x08004504                _svfprintf_r
 .text.__sfputc_r
                0x08004704       0x2a c:/program files (x86)/gnu arm embedded toolchain/10 2021.10/bin/../lib/gcc/arm-none-eabi/10.3.1/../../../../arm-none-eabi/lib/thumb/v6-m/nofp\libc_nano.a(lib_a-nano-vfprintf.o)
 .text.__sfputs_r
                0x0800472e       0x24 c:/program files (x86)/gnu arm embedded toolchain/10 2021.10/bin/../lib/gcc/arm-none-eabi/10.3.1/../../../../arm-none-eabi/lib/thumb/v6-m/nofp\libc_nano.a(lib_a-nano-vfprintf.o)
                0x0800472e                __sfputs_r
 *fill*         0x08004752        0x2 
 .text._vfprintf_r
                0x08004754      0x274 c:/program files (x86)/gnu arm embedded toolchain/10 2021.10/bin/../lib/gcc/arm-none-eabi/10.3.1/../../../../arm-none-eabi/lib/thumb/v6-m/nofp\libc_nano.a(lib_a-nano-vfprintf.o)
                0x08004754                _vfprintf_r
                0x08004754                _vfiprintf_r
 .text._printf_common
                0x080049c8       0xde c:/program files (x86)/gnu arm embedded toolchain/10 2021.10/bin/../lib/gcc/arm-none-eabi/10.3.1/../../../../arm-none-eabi/lib/thumb/v6-m/nofp\libc_nano.a(lib_a-nano-vfprintf_i.o)
                0x080049c8                _printf_common
 *fill*         0x08004aa6        0x2 
 .text._printf_i
                0x08004aa8      0x224 c:/program files (x86)/gnu arm embedded toolchain/10 2021.10/bin/../lib/gcc/arm-none-eabi/10.3.1/../../../../arm-none-eabi/lib/thumb/v6-m/nofp\libc_nano.a(lib_a-nano-vfprintf_i.o)
                0x08004aa8                _printf_i
 .text._sbrk_r  0x08004ccc       0x24 c:/program files (x86)/gnu arm embedded toolchain/10 2021.10/bin/../lib/gcc/arm-none-eabi/10.3.1/../../../../arm-none-eabi/lib/thumb/v6-m/nofp\libc_nano.a(lib_a-sbrkr.o)
                0x08004ccc                _sbrk_r
 .text.__swbuf_r
                0x08004cf0       0xac c:/program files (x86)/gnu arm embedded toolchain/10 2021.10/bin/../lib/gcc/arm-none-eabi/10.3.1/../../../../arm-none-eabi/lib/thumb/v6-m/nofp\libc_nano.a(lib_a-wbuf.o)
                0x08004cf0                __swbuf_r
 .text.__swsetup_r
                0x08004d9c       0xf0 c:/program files (x86)/gnu arm embedded toolchain/10 2021.10/bin/../lib/gcc/arm-none-eabi/10.3.1/../../../../arm-none-eabi/lib/thumb/v6-m/nofp\libc_nano.a(lib_a-wsetup.o)
                0x08004d9c                __swsetup_r
 .text.abort    0x08004e8c        0xe c:/program files (x86)/gnu arm embedded toolchain/10 2021.10/bin/../lib/gcc/arm-none-eabi/10.3.1/../../../../arm-none-eabi/lib/thumb/v6-m/nofp\libc_nano.a(lib_a-abort.o)
                0x08004e8c                abort
 *fill*         0x08004e9a        0x2 
 .text.__sflush_r
                0x08004e9c      0x118 c:/program files (x86)/gnu arm embedded toolchain/10 2021.10/bin/../lib/gcc/arm-none-eabi/10.3.1/../../../../arm-none-eabi/lib/thumb/v6-m/nofp\libc_nano.a(lib_a-fflush.o)
                0x08004e9c                __sflush_r
 .text._fflush_r
                0x08004fb4       0x80 c:/program files (x86)/gnu arm embedded toolchain/10 2021.10/bin/../lib/gcc/arm-none-eabi/10.3.1/../../../../arm-none-eabi/lib/thumb/v6-m/nofp\libc_nano.a(lib_a-fflush.o)
                0x08004fb4                _fflush_r
 .text.std      0x08005034       0x48 c:/program files (x86)/gnu arm embedded toolchain/10 2021.10/bin/../lib/gcc/arm-none-eabi/10.3.1/../../../../arm-none-eabi/lib/thumb/v6-m/nofp\libc_nano.a(lib_a-findfp.o)
 .text._cleanup_r
                0x0800507c       0x10 c:/program files (x86)/gnu arm embedded toolchain/10 2021.10/bin/../lib/gcc/arm-none-eabi/10.3.1/../../../../arm-none-eabi/lib/thumb/v6-m/nofp\libc_nano.a(lib_a-findfp.o)
                0x0800507c                _cleanup_r
 .text.__sfmoreglue
                0x0800508c       0x2c c:/program files (x86)/gnu arm embedded toolchain/10 2021.10/bin/../lib/gcc/arm-none-eabi/10.3.1/../../../../arm-none-eabi/lib/thumb/v6-m/nofp\libc_nano.a(lib_a-findfp.o)
                0x0800508c                __sfmoreglue
 .text.__sfp_lock_acquire
                0x080050b8       0x10 c:/program files (x86)/gnu arm embedded toolchain/10 2021.10/bin/../lib/gcc/arm-none-eabi/10.3.1/../../../../arm-none-eabi/lib/thumb/v6-m/nofp\libc_nano.a(lib_a-findfp.o)
                0x080050b8                __sfp_lock_acquire
 .text.__sfp_lock_release
                0x080050c8       0x10 c:/program files (x86)/gnu arm embedded toolchain/10 2021.10/bin/../lib/gcc/arm-none-eabi/10.3.1/../../../../arm-none-eabi/lib/thumb/v6-m/nofp\libc_nano.a(lib_a-findfp.o)
                0x080050c8                __sfp_lock_release
 .text.__sinit_lock_acquire
                0x080050d8       0x10 c:/program files (x86)/gnu arm embedded toolchain/10 2021.10/bin/../lib/gcc/arm-none-eabi/10.3.1/../../../../arm-none-eabi/lib/thumb/v6-m/nofp\libc_nano.a(lib_a-findfp.o)
                0x080050d8                __sinit_lock_acquire
 .text.__sinit_lock_release
                0x080050e8       0x10 c:/program files (x86)/gnu arm embedded toolchain/10 2021.10/bin/../lib/gcc/arm-none-eabi/10.3.1/../../../../arm-none-eabi/lib/thumb/v6-m/nofp\libc_nano.a(lib_a-findfp.o)
                0x080050e8                __sinit_lock_release
 .text.__sinit  0x080050f8       0x70 c:/program files (x86)/gnu arm embedded toolchain/10 2021.10/bin/../lib/gcc/arm-none-eabi/10.3.1/../../../../arm-none-eabi/lib/thumb/v6-m/nofp\libc_nano.a(lib_a-findfp.o)
                0x080050f8                __sinit
 .text.__sfp    0x08005168       0x90 c:/program files (x86)/gnu arm embedded toolchain/10 2021.10/bin/../lib/gcc/arm-none-eabi/10.3.1/../../../../arm-none-eabi/lib/thumb/v6-m/nofp\libc_nano.a(lib_a-findfp.o)
                0x08005168                __sfp
 .text._fwalk_reent
                0x080051f8       0x40 c:/program files (x86)/gnu arm embedded toolchain/10 2021.10/bin/../lib/gcc/arm-none-eabi/10.3.1/../../../../arm-none-eabi/lib/thumb/v6-m/nofp\libc_nano.a(lib_a-fwalk.o)
                0x080051f8                _fwalk_reent
 .text.__retarget_lock_init_recursive
                0x08005238        0x2 c:/program files (x86)/gnu arm embedded toolchain/10 2021.10/bin/../lib/gcc/arm-none-eabi/10.3.1/../../../../arm-none-eabi/lib/thumb/v6-m/nofp\libc_nano.a(lib_a-lock.o)
                0x08005238                __retarget_lock_init_recursive
 .text.__retarget_lock_acquire_recursive
                0x0800523a        0x2 c:/program files (x86)/gnu arm embedded toolchain/10 2021.10/bin/../lib/gcc/arm-none-eabi/10.3.1/../../../../arm-none-eabi/lib/thumb/v6-m/nofp\libc_nano.a(lib_a-lock.o)
                0x0800523a                __retarget_lock_acquire_recursive
 .text.__retarget_lock_release_recursive
                0x0800523c        0x2 c:/program files (x86)/gnu arm embedded toolchain/10 2021.10/bin/../lib/gcc/arm-none-eabi/10.3.1/../../../../arm-none-eabi/lib/thumb/v6-m/nofp\libc_nano.a(lib_a-lock.o)
                0x0800523c                __retarget_lock_release_recursive
 *fill*         0x0800523e        0x2 
 .text.__swhatbuf_r
                0x08005240       0x50 c:/program files (x86)/gnu arm embedded toolchain/10 2021.10/bin/../lib/gcc/arm-none-eabi/10.3.1/../../../../arm-none-eabi/lib/thumb/v6-m/nofp\libc_nano.a(lib_a-makebuf.o)
                0x08005240                __swhatbuf_r
 .text.__smakebuf_r
                0x08005290       0x88 c:/program files (x86)/gnu arm embedded toolchain/10 2021.10/bin/../lib/gcc/arm-none-eabi/10.3.1/../../../../arm-none-eabi/lib/thumb/v6-m/nofp\libc_nano.a(lib_a-makebuf.o)
                0x08005290                __smakebuf_r
 .text.memchr   0x08005318       0x16 c:/program files (x86)/gnu arm embedded toolchain/10 2021.10/bin/../lib/gcc/arm-none-eabi/10.3.1/../../../../arm-none-eabi/lib/thumb/v6-m/nofp\libc_nano.a(lib_a-memchr-stub.o)
                0x08005318                memchr
 .text.memmove  0x0800532e       0x26 c:/program files (x86)/gnu arm embedded toolchain/10 2021.10/bin/../lib/gcc/arm-none-eabi/10.3.1/../../../../arm-none-eabi/lib/thumb/v6-m/nofp\libc_nano.a(lib_a-memmove.o)
                0x0800532e                memmove
 .text.__malloc_lock
                0x08005354       0x10 c:/program files (x86)/gnu arm embedded toolchain/10 2021.10/bin/../lib/gcc/arm-none-eabi/10.3.1/../../../../arm-none-eabi/lib/thumb/v6-m/nofp\libc_nano.a(lib_a-mlock.o)
                0x08005354                __malloc_lock
 .text.__malloc_unlock
                0x08005364       0x10 c:/program files (x86)/gnu arm embedded toolchain/10 2021.10/bin/../lib/gcc/arm-none-eabi/10.3.1/../../../../arm-none-eabi/lib/thumb/v6-m/nofp\libc_nano.a(lib_a-mlock.o)
                0x08005364                __malloc_unlock
 .text._realloc_r
                0x08005374       0x5e c:/program files (x86)/gnu arm embedded toolchain/10 2021.10/bin/../lib/gcc/arm-none-eabi/10.3.1/../../../../arm-none-eabi/lib/thumb/v6-m/nofp\libc_nano.a(lib_a-nano-reallocr.o)
                0x08005374                _realloc_r
 .text._raise_r
                0x080053d2       0x54 c:/program files (x86)/gnu arm embedded toolchain/10 2021.10/bin/../lib/gcc/arm-none-eabi/10.3.1/../../../../arm-none-eabi/lib/thumb/v6-m/nofp\libc_nano.a(lib_a-signal.o)
                0x080053d2                _raise_r
 *fill*         0x08005426        0x2 
 .text.raise    0x08005428       0x14 c:/program files (x86)/gnu arm embedded toolchain/10 2021.10/bin/../lib/gcc/arm-none-eabi/10.3.1/../../../../arm-none-eabi/lib/thumb/v6-m/nofp\libc_nano.a(lib_a-signal.o)
                0x08005428                raise
 .text._kill_r  0x0800543c       0x24 c:/program files (x86)/gnu arm embedded toolchain/10 2021.10/bin/../lib/gcc/arm-none-eabi/10.3.1/../../../../arm-none-eabi/lib/thumb/v6-m/nofp\libc_nano.a(lib_a-signalr.o)
                0x0800543c                _kill_r
 .text._getpid_r
                0x08005460        0x8 c:/program files (x86)/gnu arm embedded toolchain/10 2021.10/bin/../lib/gcc/arm-none-eabi/10.3.1/../../../../arm-none-eabi/lib/thumb/v6-m/nofp\libc_nano.a(lib_a-signalr.o)
                0x08005460                _getpid_r
 .text.__sread  0x08005468       0x28 c:/program files (x86)/gnu arm embedded toolchain/10 2021.10/bin/../lib/gcc/arm-none-eabi/10.3.1/../../../../arm-none-eabi/lib/thumb/v6-m/nofp\libc_nano.a(lib_a-stdio.o)
                0x08005468                __sread
 .text.__swrite
                0x08005490       0x38 c:/program files (x86)/gnu arm embedded toolchain/10 2021.10/bin/../lib/gcc/arm-none-eabi/10.3.1/../../../../arm-none-eabi/lib/thumb/v6-m/nofp\libc_nano.a(lib_a-stdio.o)
                0x08005490                __swrite
 .text.__sseek  0x080054c8       0x2c c:/program files (x86)/gnu arm embedded toolchain/10 2021.10/bin/../lib/gcc/arm-none-eabi/10.3.1/../../../../arm-none-eabi/lib/thumb/v6-m/nofp\libc_nano.a(lib_a-stdio.o)
                0x080054c8                __sseek
 .text.__sclose
                0x080054f4        0xc c:/program files (x86)/gnu arm embedded toolchain/10 2021.10/bin/../lib/gcc/arm-none-eabi/10.3.1/../../../../arm-none-eabi/lib/thumb/v6-m/nofp\libc_nano.a(lib_a-stdio.o)
                0x080054f4                __sclose
 .text._write_r
                0x08005500       0x28 c:/program files (x86)/gnu arm embedded toolchain/10 2021.10/bin/../lib/gcc/arm-none-eabi/10.3.1/../../../../arm-none-eabi/lib/thumb/v6-m/nofp\libc_nano.a(lib_a-writer.o)
                0x08005500                _write_r
 .text._close_r
                0x08005528       0x24 c:/program files (x86)/gnu arm embedded toolchain/10 2021.10/bin/../lib/gcc/arm-none-eabi/10.3.1/../../../../arm-none-eabi/lib/thumb/v6-m/nofp\libc_nano.a(lib_a-closer.o)
                0x08005528                _close_r
 .text._fstat_r
                0x0800554c       0x24 c:/program files (x86)/gnu arm embedded toolchain/10 2021.10/bin/../lib/gcc/arm-none-eabi/10.3.1/../../../../arm-none-eabi/lib/thumb/v6-m/nofp\libc_nano.a(lib_a-fstatr.o)
                0x0800554c                _fstat_r
 .text._isatty_r
                0x08005570       0x24 c:/program files (x86)/gnu arm embedded toolchain/10 2021.10/bin/../lib/gcc/arm-none-eabi/10.3.1/../../../../arm-none-eabi/lib/thumb/v6-m/nofp\libc_nano.a(lib_a-isattyr.o)
                0x08005570                _isatty_r
 .text._lseek_r
                0x08005594       0x28 c:/program files (x86)/gnu arm embedded toolchain/10 2021.10/bin/../lib/gcc/arm-none-eabi/10.3.1/../../../../arm-none-eabi/lib/thumb/v6-m/nofp\libc_nano.a(lib_a-lseekr.o)
                0x08005594                _lseek_r
 .text._malloc_usable_size_r
                0x080055bc       0x10 c:/program files (x86)/gnu arm embedded toolchain/10 2021.10/bin/../lib/gcc/arm-none-eabi/10.3.1/../../../../arm-none-eabi/lib/thumb/v6-m/nofp\libc_nano.a(lib_a-nano-msizer.o)
                0x080055bc                _malloc_usable_size_r
 .text._read_r  0x080055cc       0x28 c:/program files (x86)/gnu arm embedded toolchain/10 2021.10/bin/../lib/gcc/arm-none-eabi/10.3.1/../../../../arm-none-eabi/lib/thumb/v6-m/nofp\libc_nano.a(lib_a-readr.o)
                0x080055cc                _read_r
 *(.glue_7)
 .glue_7        0x080055f4        0x0 linker stubs
 *(.glue_7t)
 .glue_7t       0x080055f4        0x0 linker stubs
 *(.eh_frame)
 .eh_frame      0x080055f4        0x0 c:/program files (x86)/gnu arm embedded toolchain/10 2021.10/bin/../lib/gcc/arm-none-eabi/10.3.1/thumb/v6-m/nofp/crtbegin.o
 *(.init)
 .init          0x080055f4        0x4 c:/program files (x86)/gnu arm embedded toolchain/10 2021.10/bin/../lib/gcc/arm-none-eabi/10.3.1/thumb/v6-m/nofp/crti.o
                0x080055f4                _init
 .init          0x080055f8        0x8 c:/program files (x86)/gnu arm embedded toolchain/10 2021.10/bin/../lib/gcc/arm-none-eabi/10.3.1/thumb/v6-m/nofp/crtn.o
 *(.fini)
 .fini          0x08005600        0x4 c:/program files (x86)/gnu arm embedded toolchain/10 2021.10/bin/../lib/gcc/arm-none-eabi/10.3.1/thumb/v6-m/nofp/crti.o
                0x08005600                _fini
 .fini          0x08005604        0x8 c:/program files (x86)/gnu arm embedded toolchain/10 2021.10/bin/../lib/gcc/arm-none-eabi/10.3.1/thumb/v6-m/nofp/crtn.o
                0x0800560c                . = ALIGN (0x4)
                0x0800560c                _etext = .

.vfp11_veneer   0x0800560c        0x0
 .vfp11_veneer  0x0800560c        0x0 linker stubs

.v4_bx          0x0800560c        0x0
 .v4_bx         0x0800560c        0x0 linker stubs

.iplt           0x0800560c        0x0
 .iplt          0x0800560c        0x0 c:/program files (x86)/gnu arm embedded toolchain/10 2021.10/bin/../lib/gcc/arm-none-eabi/10.3.1/thumb/v6-m/nofp/crtbegin.o

.rodata         0x0800560c      0x2d0
                0x0800560c                . = ALIGN (0x4)
 *(.rodata)
 *(.rodata*)
 .rodata.StartTask03.str1.4
                0x0800560c        0x4 build/app_freertos.o
 .rodata.str1.4
                0x08005610       0x24 build/app_freertos.o
 .rodata.defaultTask_attributes
                0x08005634       0x24 build/app_freertos.o
                0x08005634                defaultTask_attributes
 .rodata.myTask02_attributes
                0x08005658       0x24 build/app_freertos.o
                0x08005658                myTask02_attributes
 .rodata.myTask03_attributes
                0x0800567c       0x24 build/app_freertos.o
                0x0800567c                myTask03_attributes
 .rodata.LED_PIN
                0x080056a0        0x4 build/stm32c0xx_nucleo.o
 .rodata.LED_PORT
                0x080056a4        0x8 build/stm32c0xx_nucleo.o
 .rodata.denominator.0
                0x080056ac        0x8 build/stm32c0xx_hal_uart_ex.o
 .rodata.numerator.1
                0x080056b4        0x8 build/stm32c0xx_hal_uart_ex.o
 .rodata.UARTPrescTable
                0x080056bc       0x18 build/stm32c0xx_hal_uart.o
                0x080056bc                UARTPrescTable
 .rodata.AHBPrescTable
                0x080056d4       0x40 build/system_stm32c0xx.o
                0x080056d4                AHBPrescTable
 .rodata.APBPrescTable
                0x08005714       0x20 build/system_stm32c0xx.o
                0x08005714                APBPrescTable
 .rodata.vTaskStartScheduler.str1.4
                0x08005734        0x5 build/tasks.o
 *fill*         0x08005739        0x3 
 .rodata.prvProcessReceivedCommands
                0x0800573c       0x28 build/timers.o
 .rodata.prvCheckForValidListAndQueue.str1.4
                0x08005764        0x5 build/timers.o
 *fill*         0x08005769        0x3 
 .rodata.xTimerCreateTimerTask.str1.4
                0x0800576c        0x8 build/timers.o
 .rodata._global_impure_ptr
                0x08005774        0x4 c:/program files (x86)/gnu arm embedded toolchain/10 2021.10/bin/../lib/gcc/arm-none-eabi/10.3.1/../../../../arm-none-eabi/lib/thumb/v6-m/nofp\libc_nano.a(lib_a-impure.o)
                0x08005774                _global_impure_ptr
 .rodata.srand.str1.1
                0x08005778       0x95 c:/program files (x86)/gnu arm embedded toolchain/10 2021.10/bin/../lib/gcc/arm-none-eabi/10.3.1/../../../../arm-none-eabi/lib/thumb/v6-m/nofp\libc_nano.a(lib_a-rand.o)
 .rodata.__assert_func.str1.1
                0x0800580d       0x3c c:/program files (x86)/gnu arm embedded toolchain/10 2021.10/bin/../lib/gcc/arm-none-eabi/10.3.1/../../../../arm-none-eabi/lib/thumb/v6-m/nofp\libc_nano.a(lib_a-assert.o)
                                 0x3d (size before relaxing)
 .rodata._svfprintf_r.str1.1
                0x08005849       0x11 c:/program files (x86)/gnu arm embedded toolchain/10 2021.10/bin/../lib/gcc/arm-none-eabi/10.3.1/../../../../arm-none-eabi/lib/thumb/v6-m/nofp\libc_nano.a(lib_a-nano-svfprintf.o)
 .rodata._vfprintf_r.str1.1
                0x0800585a       0x11 c:/program files (x86)/gnu arm embedded toolchain/10 2021.10/bin/../lib/gcc/arm-none-eabi/10.3.1/../../../../arm-none-eabi/lib/thumb/v6-m/nofp\libc_nano.a(lib_a-nano-vfprintf.o)
 .rodata._printf_i.str1.1
                0x0800585a       0x22 c:/program files (x86)/gnu arm embedded toolchain/10 2021.10/bin/../lib/gcc/arm-none-eabi/10.3.1/../../../../arm-none-eabi/lib/thumb/v6-m/nofp\libc_nano.a(lib_a-nano-vfprintf_i.o)
 .rodata.__sf_fake_stderr
                0x0800587c       0x20 c:/program files (x86)/gnu arm embedded toolchain/10 2021.10/bin/../lib/gcc/arm-none-eabi/10.3.1/../../../../arm-none-eabi/lib/thumb/v6-m/nofp\libc_nano.a(lib_a-findfp.o)
                0x0800587c                __sf_fake_stderr
 .rodata.__sf_fake_stdin
                0x0800589c       0x20 c:/program files (x86)/gnu arm embedded toolchain/10 2021.10/bin/../lib/gcc/arm-none-eabi/10.3.1/../../../../arm-none-eabi/lib/thumb/v6-m/nofp\libc_nano.a(lib_a-findfp.o)
                0x0800589c                __sf_fake_stdin
 .rodata.__sf_fake_stdout
                0x080058bc       0x20 c:/program files (x86)/gnu arm embedded toolchain/10 2021.10/bin/../lib/gcc/arm-none-eabi/10.3.1/../../../../arm-none-eabi/lib/thumb/v6-m/nofp\libc_nano.a(lib_a-findfp.o)
                0x080058bc                __sf_fake_stdout
                0x080058dc                . = ALIGN (0x4)

.rel.dyn        0x080058dc        0x0
 .rel.iplt      0x080058dc        0x0 c:/program files (x86)/gnu arm embedded toolchain/10 2021.10/bin/../lib/gcc/arm-none-eabi/10.3.1/thumb/v6-m/nofp/crtbegin.o

.ARM.extab
 *(.ARM.extab* .gnu.linkonce.armextab.*)

.ARM            0x080058dc        0x0
                0x080058dc                __exidx_start = .
 *(.ARM.exidx*)
                0x080058dc                __exidx_end = .

.preinit_array  0x080058dc        0x0
                0x080058dc                PROVIDE (__preinit_array_start = .)
 *(.preinit_array*)
                0x080058dc                PROVIDE (__preinit_array_end = .)

.init_array     0x080058dc        0x4
                0x080058dc                PROVIDE (__init_array_start = .)
 *(SORT_BY_NAME(.init_array.*))
 *(.init_array*)
 .init_array    0x080058dc        0x4 c:/program files (x86)/gnu arm embedded toolchain/10 2021.10/bin/../lib/gcc/arm-none-eabi/10.3.1/thumb/v6-m/nofp/crtbegin.o
                0x080058e0                PROVIDE (__init_array_end = .)

.fini_array     0x080058e0        0x4
                [!provide]                PROVIDE (__fini_array_start = .)
 *(SORT_BY_NAME(.fini_array.*))
 *(.fini_array*)
 .fini_array    0x080058e0        0x4 c:/program files (x86)/gnu arm embedded toolchain/10 2021.10/bin/../lib/gcc/arm-none-eabi/10.3.1/thumb/v6-m/nofp/crtbegin.o
                [!provide]                PROVIDE (__fini_array_end = .)
                0x080058e4                _sidata = LOADADDR (.data)

.data           0x20000000       0x7c load address 0x080058e4
                0x20000000                . = ALIGN (0x4)
                0x20000000                _sdata = .
 *(.data)
 *(.data*)
 .data.COM_USART
                0x20000000        0x4 build/stm32c0xx_nucleo.o
                0x20000000                COM_USART
 .data.uwTickFreq
                0x20000004        0x1 build/stm32c0xx_hal.o
                0x20000004                uwTickFreq
 *fill*         0x20000005        0x3 
 .data.uwTickPrio
                0x20000008        0x4 build/stm32c0xx_hal.o
                0x20000008                uwTickPrio
 .data.SystemCoreClock
                0x2000000c        0x4 build/system_stm32c0xx.o
                0x2000000c                SystemCoreClock
 .data.uxTopUsedPriority
                0x20000010        0x4 build/tasks.o
                0x20000010                uxTopUsedPriority
 .data.uxCriticalNesting
                0x20000014        0x4 build/port.o
 .data._impure_ptr
                0x20000018        0x4 c:/program files (x86)/gnu arm embedded toolchain/10 2021.10/bin/../lib/gcc/arm-none-eabi/10.3.1/../../../../arm-none-eabi/lib/thumb/v6-m/nofp\libc_nano.a(lib_a-impure.o)
                0x20000018                _impure_ptr
 .data.impure_data
                0x2000001c       0x60 c:/program files (x86)/gnu arm embedded toolchain/10 2021.10/bin/../lib/gcc/arm-none-eabi/10.3.1/../../../../arm-none-eabi/lib/thumb/v6-m/nofp\libc_nano.a(lib_a-impure.o)
                0x2000007c                . = ALIGN (0x4)
                0x2000007c                _edata = .

.igot.plt       0x2000007c        0x0 load address 0x08005960
 .igot.plt      0x2000007c        0x0 c:/program files (x86)/gnu arm embedded toolchain/10 2021.10/bin/../lib/gcc/arm-none-eabi/10.3.1/thumb/v6-m/nofp/crtbegin.o
                0x2000007c                . = ALIGN (0x4)

.bss            0x2000007c     0x1da0 load address 0x08005960
                0x2000007c                _sbss = .
                0x2000007c                __bss_start__ = _sbss
 *(.bss)
 .bss           0x2000007c       0x1c c:/program files (x86)/gnu arm embedded toolchain/10 2021.10/bin/../lib/gcc/arm-none-eabi/10.3.1/thumb/v6-m/nofp/crtbegin.o
 *(.bss*)
 .bss.BspCOMInit
                0x20000098       0x10 build/main.o
                0x20000098                BspCOMInit
 .bss.sharedNumber
                0x200000a8        0x4 build/main.o
                0x200000a8                sharedNumber
 .bss.toggle    0x200000ac        0x1 build/main.o
                0x200000ac                toggle
 *fill*         0x200000ad        0x3 
 .bss.defaultTaskHandle
                0x200000b0        0x4 build/app_freertos.o
                0x200000b0                defaultTaskHandle
 .bss.myTask02Handle
                0x200000b4        0x4 build/app_freertos.o
                0x200000b4                myTask02Handle
 .bss.myTask03Handle
                0x200000b8        0x4 build/app_freertos.o
                0x200000b8                myTask03Handle
 .bss.lcd       0x200000bc        0x4 build/lcd.o
 .bss.lcd_addr  0x200000c0        0x1 build/lcd.o
 .bss.COM_ActiveLogPort
                0x200000c1        0x1 build/stm32c0xx_nucleo.o
 *fill*         0x200000c2        0x2 
 .bss.hcom_uart
                0x200000c4       0x94 build/stm32c0xx_nucleo.o
                0x200000c4                hcom_uart
 .bss.hpb_exti  0x20000158        0xc build/stm32c0xx_nucleo.o
                0x20000158                hpb_exti
 .bss.uwTick    0x20000164        0x4 build/stm32c0xx_hal.o
                0x20000164                uwTick
 .bss.pFlash    0x20000168       0x18 build/stm32c0xx_hal_flash.o
                0x20000168                pFlash
 .bss.xQueueRegistry
                0x20000180       0x40 build/queue.o
                0x20000180                xQueueRegistry
 .bss.pxCurrentTCB
                0x200001c0        0x4 build/tasks.o
                0x200001c0                pxCurrentTCB
 .bss.pxDelayedTaskList
                0x200001c4        0x4 build/tasks.o
 .bss.pxOverflowDelayedTaskList
                0x200001c8        0x4 build/tasks.o
 .bss.pxReadyTasksLists
                0x200001cc      0x460 build/tasks.o
 .bss.uxCurrentNumberOfTasks
                0x2000062c        0x4 build/tasks.o
 .bss.uxDeletedTasksWaitingCleanUp
                0x20000630        0x4 build/tasks.o
 .bss.uxSchedulerSuspended
                0x20000634        0x4 build/tasks.o
 .bss.uxTaskNumber
                0x20000638        0x4 build/tasks.o
 .bss.uxTopReadyPriority
                0x2000063c        0x4 build/tasks.o
 .bss.xDelayedTaskList1
                0x20000640       0x14 build/tasks.o
 .bss.xDelayedTaskList2
                0x20000654       0x14 build/tasks.o
 .bss.xIdleTaskHandle
                0x20000668        0x4 build/tasks.o
 .bss.xNextTaskUnblockTime
                0x2000066c        0x4 build/tasks.o
 .bss.xNumOfOverflows
                0x20000670        0x4 build/tasks.o
 .bss.xPendedTicks
                0x20000674        0x4 build/tasks.o
 .bss.xPendingReadyList
                0x20000678       0x14 build/tasks.o
 .bss.xSchedulerRunning
                0x2000068c        0x4 build/tasks.o
 .bss.xSuspendedTaskList
                0x20000690       0x14 build/tasks.o
 .bss.xTasksWaitingTermination
                0x200006a4       0x14 build/tasks.o
 .bss.xTickCount
                0x200006b8        0x4 build/tasks.o
 .bss.xYieldPending
                0x200006bc        0x4 build/tasks.o
 .bss.pxCurrentTimerList
                0x200006c0        0x4 build/timers.o
 .bss.pxOverflowTimerList
                0x200006c4        0x4 build/timers.o
 .bss.ucStaticTimerQueueStorage.1
                0x200006c8       0xa0 build/timers.o
 .bss.xActiveTimerList1
                0x20000768       0x14 build/timers.o
 .bss.xActiveTimerList2
                0x2000077c       0x14 build/timers.o
 .bss.xLastTime.2
                0x20000790        0x4 build/timers.o
 .bss.xStaticTimerQueue.0
                0x20000794       0x50 build/timers.o
 .bss.xTimerQueue
                0x200007e4        0x4 build/timers.o
 .bss.xTimerTaskHandle
                0x200007e8        0x4 build/timers.o
 .bss.Idle_Stack.2
                0x200007ec      0x200 build/cmsis_os2.o
 .bss.Idle_TCB.3
                0x200009ec       0x5c build/cmsis_os2.o
 .bss.KernelState
                0x20000a48        0x4 build/cmsis_os2.o
 .bss.Timer_Stack.0
                0x20000a4c      0x200 build/cmsis_os2.o
 .bss.Timer_TCB.1
                0x20000c4c       0x5c build/cmsis_os2.o
 .bss.__sbrk_heap_end
                0x20000ca8        0x4 build/sysmem.o
 .bss.pxEnd     0x20000cac        0x4 build/heap_4.o
 .bss.ucHeap    0x20000cb0     0x1000 build/heap_4.o
 .bss.xFreeBytesRemaining
                0x20001cb0        0x4 build/heap_4.o
 .bss.xMinimumEverFreeBytesRemaining
                0x20001cb4        0x4 build/heap_4.o
 .bss.xNumberOfSuccessfulAllocations
                0x20001cb8        0x4 build/heap_4.o
 .bss.xNumberOfSuccessfulFrees
                0x20001cbc        0x4 build/heap_4.o
 .bss.xStart    0x20001cc0        0x8 build/heap_4.o
 .bss.hdma_i2c1_tx
                0x20001cc8       0x5c build/i2c.o
                0x20001cc8                hdma_i2c1_tx
 .bss.hi2c1     0x20001d24       0x54 build/i2c.o
                0x20001d24                hi2c1
 .bss.huart1    0x20001d78       0x94 build/usart.o
                0x20001d78                huart1
 .bss.__malloc_free_list
                0x20001e0c        0x4 c:/program files (x86)/gnu arm embedded toolchain/10 2021.10/bin/../lib/gcc/arm-none-eabi/10.3.1/../../../../arm-none-eabi/lib/thumb/v6-m/nofp\libc_nano.a(lib_a-nano-mallocr.o)
                0x20001e0c                __malloc_free_list
 .bss.__malloc_sbrk_start
                0x20001e10        0x4 c:/program files (x86)/gnu arm embedded toolchain/10 2021.10/bin/../lib/gcc/arm-none-eabi/10.3.1/../../../../arm-none-eabi/lib/thumb/v6-m/nofp\libc_nano.a(lib_a-nano-mallocr.o)
                0x20001e10                __malloc_sbrk_start
 .bss.__lock___malloc_recursive_mutex
                0x20001e14        0x1 c:/program files (x86)/gnu arm embedded toolchain/10 2021.10/bin/../lib/gcc/arm-none-eabi/10.3.1/../../../../arm-none-eabi/lib/thumb/v6-m/nofp\libc_nano.a(lib_a-lock.o)
                0x20001e14                __lock___malloc_recursive_mutex
 .bss.__lock___sfp_recursive_mutex
                0x20001e15        0x1 c:/program files (x86)/gnu arm embedded toolchain/10 2021.10/bin/../lib/gcc/arm-none-eabi/10.3.1/../../../../arm-none-eabi/lib/thumb/v6-m/nofp\libc_nano.a(lib_a-lock.o)
                0x20001e15                __lock___sfp_recursive_mutex
 .bss.__lock___sinit_recursive_mutex
                0x20001e16        0x1 c:/program files (x86)/gnu arm embedded toolchain/10 2021.10/bin/../lib/gcc/arm-none-eabi/10.3.1/../../../../arm-none-eabi/lib/thumb/v6-m/nofp\libc_nano.a(lib_a-lock.o)
                0x20001e16                __lock___sinit_recursive_mutex
 *fill*         0x20001e17        0x1 
 .bss.errno     0x20001e18        0x4 c:/program files (x86)/gnu arm embedded toolchain/10 2021.10/bin/../lib/gcc/arm-none-eabi/10.3.1/../../../../arm-none-eabi/lib/thumb/v6-m/nofp\libc_nano.a(lib_a-reent.o)
                0x20001e18                errno
 *(COMMON)
                0x20001e1c                . = ALIGN (0x4)
                0x20001e1c                _ebss = .
                0x20001e1c                __bss_end__ = _ebss

._user_heap_stack
                0x20001e1c      0x604 load address 0x08005960
                0x20001e20                . = ALIGN (0x8)
 *fill*         0x20001e1c        0x4 
                [!provide]                PROVIDE (end = .)
                0x20001e20                PROVIDE (_end = .)
                0x20002020                . = (. + _Min_Heap_Size)
 *fill*         0x20001e20      0x200 
                0x20002420                . = (. + _Min_Stack_Size)
 *fill*         0x20002020      0x400 
                0x20002420                . = ALIGN (0x8)

/DISCARD/
 libc.a(*)
 libm.a(*)
 libgcc.a(*)
OUTPUT(build/vs_4.elf elf32-littlearm)
LOAD linker stubs
LOAD c:/program files (x86)/gnu arm embedded toolchain/10 2021.10/bin/../lib/gcc/arm-none-eabi/10.3.1/../../../../arm-none-eabi/lib/thumb/v6-m/nofp\libc.a
LOAD c:/program files (x86)/gnu arm embedded toolchain/10 2021.10/bin/../lib/gcc/arm-none-eabi/10.3.1/../../../../arm-none-eabi/lib/thumb/v6-m/nofp\libm.a
LOAD c:/program files (x86)/gnu arm embedded toolchain/10 2021.10/bin/../lib/gcc/arm-none-eabi/10.3.1/thumb/v6-m/nofp\libgcc.a

.ARM.attributes
                0x00000000       0x28
 .ARM.attributes
                0x00000000       0x1e c:/program files (x86)/gnu arm embedded toolchain/10 2021.10/bin/../lib/gcc/arm-none-eabi/10.3.1/thumb/v6-m/nofp/crti.o
 .ARM.attributes
                0x0000001e       0x2c c:/program files (x86)/gnu arm embedded toolchain/10 2021.10/bin/../lib/gcc/arm-none-eabi/10.3.1/thumb/v6-m/nofp/crtbegin.o
 .ARM.attributes
                0x0000004a       0x2c build/main.o
 .ARM.attributes
                0x00000076       0x2c build/gpio.o
 .ARM.attributes
                0x000000a2       0x2c build/app_freertos.o
 .ARM.attributes
                0x000000ce       0x2c build/lcd.o
 .ARM.attributes
                0x000000fa       0x2c build/stm32c0xx_it.o
 .ARM.attributes
                0x00000126       0x2c build/stm32c0xx_hal_msp.o
 .ARM.attributes
                0x00000152       0x2c build/stm32c0xx_nucleo.o
 .ARM.attributes
                0x0000017e       0x2c build/stm32c0xx_hal.o
 .ARM.attributes
                0x000001aa       0x2c build/stm32c0xx_hal_cortex.o
 .ARM.attributes
                0x000001d6       0x2c build/stm32c0xx_hal_rcc.o
 .ARM.attributes
                0x00000202       0x2c build/stm32c0xx_hal_rcc_ex.o
 .ARM.attributes
                0x0000022e       0x2c build/stm32c0xx_hal_flash.o
 .ARM.attributes
                0x0000025a       0x2c build/stm32c0xx_hal_flash_ex.o
 .ARM.attributes
                0x00000286       0x2c build/stm32c0xx_hal_gpio.o
 .ARM.attributes
                0x000002b2       0x2c build/stm32c0xx_hal_dma.o
 .ARM.attributes
                0x000002de       0x2c build/stm32c0xx_hal_exti.o
 .ARM.attributes
                0x0000030a       0x2c build/stm32c0xx_hal_uart_ex.o
 .ARM.attributes
                0x00000336       0x2c build/stm32c0xx_hal_uart.o
 .ARM.attributes
                0x00000362       0x2c build/system_stm32c0xx.o
 .ARM.attributes
                0x0000038e       0x2c build/list.o
 .ARM.attributes
                0x000003ba       0x2c build/queue.o
 .ARM.attributes
                0x000003e6       0x2c build/tasks.o
 .ARM.attributes
                0x00000412       0x2c build/timers.o
 .ARM.attributes
                0x0000043e       0x2c build/cmsis_os2.o
 .ARM.attributes
                0x0000046a       0x2c build/port.o
 .ARM.attributes
                0x00000496       0x2c build/sysmem.o
 .ARM.attributes
                0x000004c2       0x2c build/syscalls.o
 .ARM.attributes
                0x000004ee       0x2c build/heap_4.o
 .ARM.attributes
                0x0000051a       0x2c build/dma.o
 .ARM.attributes
                0x00000546       0x2c build/i2c.o
 .ARM.attributes
                0x00000572       0x2c build/usart.o
 .ARM.attributes
                0x0000059e       0x2c build/stm32c0xx_hal_i2c.o
 .ARM.attributes
                0x000005ca       0x2c build/stm32c0xx_hal_i2c_ex.o
 .ARM.attributes
                0x000005f6       0x22 build/startup_stm32c031xx.o
 .ARM.attributes
                0x00000618       0x2c c:/program files (x86)/gnu arm embedded toolchain/10 2021.10/bin/../lib/gcc/arm-none-eabi/10.3.1/../../../../arm-none-eabi/lib/thumb/v6-m/nofp\libc_nano.a(lib_a-errno.o)
 .ARM.attributes
                0x00000644       0x2c c:/program files (x86)/gnu arm embedded toolchain/10 2021.10/bin/../lib/gcc/arm-none-eabi/10.3.1/../../../../arm-none-eabi/lib/thumb/v6-m/nofp\libc_nano.a(lib_a-impure.o)
 .ARM.attributes
                0x00000670       0x2c c:/program files (x86)/gnu arm embedded toolchain/10 2021.10/bin/../lib/gcc/arm-none-eabi/10.3.1/../../../../arm-none-eabi/lib/thumb/v6-m/nofp\libc_nano.a(lib_a-init.o)
 .ARM.attributes
                0x0000069c       0x2c c:/program files (x86)/gnu arm embedded toolchain/10 2021.10/bin/../lib/gcc/arm-none-eabi/10.3.1/../../../../arm-none-eabi/lib/thumb/v6-m/nofp\libc_nano.a(lib_a-memcpy-stub.o)
 .ARM.attributes
                0x000006c8       0x2c c:/program files (x86)/gnu arm embedded toolchain/10 2021.10/bin/../lib/gcc/arm-none-eabi/10.3.1/../../../../arm-none-eabi/lib/thumb/v6-m/nofp\libc_nano.a(lib_a-memset.o)
 .ARM.attributes
                0x000006f4       0x2c c:/program files (x86)/gnu arm embedded toolchain/10 2021.10/bin/../lib/gcc/arm-none-eabi/10.3.1/../../../../arm-none-eabi/lib/thumb/v6-m/nofp\libc_nano.a(lib_a-rand.o)
 .ARM.attributes
                0x00000720       0x2c c:/program files (x86)/gnu arm embedded toolchain/10 2021.10/bin/../lib/gcc/arm-none-eabi/10.3.1/../../../../arm-none-eabi/lib/thumb/v6-m/nofp\libc_nano.a(lib_a-snprintf.o)
 .ARM.attributes
                0x0000074c       0x2c c:/program files (x86)/gnu arm embedded toolchain/10 2021.10/bin/../lib/gcc/arm-none-eabi/10.3.1/../../../../arm-none-eabi/lib/thumb/v6-m/nofp\libc_nano.a(lib_a-assert.o)
 .ARM.attributes
                0x00000778       0x2c c:/program files (x86)/gnu arm embedded toolchain/10 2021.10/bin/../lib/gcc/arm-none-eabi/10.3.1/../../../../arm-none-eabi/lib/thumb/v6-m/nofp\libc_nano.a(lib_a-fprintf.o)
 .ARM.attributes
                0x000007a4       0x2c c:/program files (x86)/gnu arm embedded toolchain/10 2021.10/bin/../lib/gcc/arm-none-eabi/10.3.1/../../../../arm-none-eabi/lib/thumb/v6-m/nofp\libc_nano.a(lib_a-malloc.o)
 .ARM.attributes
                0x000007d0       0x2c c:/program files (x86)/gnu arm embedded toolchain/10 2021.10/bin/../lib/gcc/arm-none-eabi/10.3.1/../../../../arm-none-eabi/lib/thumb/v6-m/nofp\libc_nano.a(lib_a-nano-freer.o)
 .ARM.attributes
                0x000007fc       0x2c c:/program files (x86)/gnu arm embedded toolchain/10 2021.10/bin/../lib/gcc/arm-none-eabi/10.3.1/../../../../arm-none-eabi/lib/thumb/v6-m/nofp\libc_nano.a(lib_a-nano-mallocr.o)
 .ARM.attributes
                0x00000828       0x2c c:/program files (x86)/gnu arm embedded toolchain/10 2021.10/bin/../lib/gcc/arm-none-eabi/10.3.1/../../../../arm-none-eabi/lib/thumb/v6-m/nofp\libc_nano.a(lib_a-nano-svfprintf.o)
 .ARM.attributes
                0x00000854       0x2c c:/program files (x86)/gnu arm embedded toolchain/10 2021.10/bin/../lib/gcc/arm-none-eabi/10.3.1/../../../../arm-none-eabi/lib/thumb/v6-m/nofp\libc_nano.a(lib_a-nano-vfprintf.o)
 .ARM.attributes
                0x00000880       0x2c c:/program files (x86)/gnu arm embedded toolchain/10 2021.10/bin/../lib/gcc/arm-none-eabi/10.3.1/../../../../arm-none-eabi/lib/thumb/v6-m/nofp\libc_nano.a(lib_a-nano-vfprintf_i.o)
 .ARM.attributes
                0x000008ac       0x2c c:/program files (x86)/gnu arm embedded toolchain/10 2021.10/bin/../lib/gcc/arm-none-eabi/10.3.1/../../../../arm-none-eabi/lib/thumb/v6-m/nofp\libc_nano.a(lib_a-sbrkr.o)
 .ARM.attributes
                0x000008d8       0x2c c:/program files (x86)/gnu arm embedded toolchain/10 2021.10/bin/../lib/gcc/arm-none-eabi/10.3.1/../../../../arm-none-eabi/lib/thumb/v6-m/nofp\libc_nano.a(lib_a-wbuf.o)
 .ARM.attributes
                0x00000904       0x2c c:/program files (x86)/gnu arm embedded toolchain/10 2021.10/bin/../lib/gcc/arm-none-eabi/10.3.1/../../../../arm-none-eabi/lib/thumb/v6-m/nofp\libc_nano.a(lib_a-wsetup.o)
 .ARM.attributes
                0x00000930       0x2c c:/program files (x86)/gnu arm embedded toolchain/10 2021.10/bin/../lib/gcc/arm-none-eabi/10.3.1/../../../../arm-none-eabi/lib/thumb/v6-m/nofp\libc_nano.a(lib_a-abort.o)
 .ARM.attributes
                0x0000095c       0x2c c:/program files (x86)/gnu arm embedded toolchain/10 2021.10/bin/../lib/gcc/arm-none-eabi/10.3.1/../../../../arm-none-eabi/lib/thumb/v6-m/nofp\libc_nano.a(lib_a-fflush.o)
 .ARM.attributes
                0x00000988       0x2c c:/program files (x86)/gnu arm embedded toolchain/10 2021.10/bin/../lib/gcc/arm-none-eabi/10.3.1/../../../../arm-none-eabi/lib/thumb/v6-m/nofp\libc_nano.a(lib_a-findfp.o)
 .ARM.attributes
                0x000009b4       0x2c c:/program files (x86)/gnu arm embedded toolchain/10 2021.10/bin/../lib/gcc/arm-none-eabi/10.3.1/../../../../arm-none-eabi/lib/thumb/v6-m/nofp\libc_nano.a(lib_a-fwalk.o)
 .ARM.attributes
                0x000009e0       0x2c c:/program files (x86)/gnu arm embedded toolchain/10 2021.10/bin/../lib/gcc/arm-none-eabi/10.3.1/../../../../arm-none-eabi/lib/thumb/v6-m/nofp\libc_nano.a(lib_a-lock.o)
 .ARM.attributes
                0x00000a0c       0x2c c:/program files (x86)/gnu arm embedded toolchain/10 2021.10/bin/../lib/gcc/arm-none-eabi/10.3.1/../../../../arm-none-eabi/lib/thumb/v6-m/nofp\libc_nano.a(lib_a-makebuf.o)
 .ARM.attributes
                0x00000a38       0x2c c:/program files (x86)/gnu arm embedded toolchain/10 2021.10/bin/../lib/gcc/arm-none-eabi/10.3.1/../../../../arm-none-eabi/lib/thumb/v6-m/nofp\libc_nano.a(lib_a-memchr-stub.o)
 .ARM.attributes
                0x00000a64       0x2c c:/program files (x86)/gnu arm embedded toolchain/10 2021.10/bin/../lib/gcc/arm-none-eabi/10.3.1/../../../../arm-none-eabi/lib/thumb/v6-m/nofp\libc_nano.a(lib_a-memmove.o)
 .ARM.attributes
                0x00000a90       0x2c c:/program files (x86)/gnu arm embedded toolchain/10 2021.10/bin/../lib/gcc/arm-none-eabi/10.3.1/../../../../arm-none-eabi/lib/thumb/v6-m/nofp\libc_nano.a(lib_a-mlock.o)
 .ARM.attributes
                0x00000abc       0x2c c:/program files (x86)/gnu arm embedded toolchain/10 2021.10/bin/../lib/gcc/arm-none-eabi/10.3.1/../../../../arm-none-eabi/lib/thumb/v6-m/nofp\libc_nano.a(lib_a-nano-reallocr.o)
 .ARM.attributes
                0x00000ae8       0x2c c:/program files (x86)/gnu arm embedded toolchain/10 2021.10/bin/../lib/gcc/arm-none-eabi/10.3.1/../../../../arm-none-eabi/lib/thumb/v6-m/nofp\libc_nano.a(lib_a-reent.o)
 .ARM.attributes
                0x00000b14       0x2c c:/program files (x86)/gnu arm embedded toolchain/10 2021.10/bin/../lib/gcc/arm-none-eabi/10.3.1/../../../../arm-none-eabi/lib/thumb/v6-m/nofp\libc_nano.a(lib_a-signal.o)
 .ARM.attributes
                0x00000b40       0x2c c:/program files (x86)/gnu arm embedded toolchain/10 2021.10/bin/../lib/gcc/arm-none-eabi/10.3.1/../../../../arm-none-eabi/lib/thumb/v6-m/nofp\libc_nano.a(lib_a-signalr.o)
 .ARM.attributes
                0x00000b6c       0x2c c:/program files (x86)/gnu arm embedded toolchain/10 2021.10/bin/../lib/gcc/arm-none-eabi/10.3.1/../../../../arm-none-eabi/lib/thumb/v6-m/nofp\libc_nano.a(lib_a-stdio.o)
 .ARM.attributes
                0x00000b98       0x2c c:/program files (x86)/gnu arm embedded toolchain/10 2021.10/bin/../lib/gcc/arm-none-eabi/10.3.1/../../../../arm-none-eabi/lib/thumb/v6-m/nofp\libc_nano.a(lib_a-writer.o)
 .ARM.attributes
                0x00000bc4       0x2c c:/program files (x86)/gnu arm embedded toolchain/10 2021.10/bin/../lib/gcc/arm-none-eabi/10.3.1/../../../../arm-none-eabi/lib/thumb/v6-m/nofp\libc_nano.a(lib_a-closer.o)
 .ARM.attributes
                0x00000bf0       0x2c c:/program files (x86)/gnu arm embedded toolchain/10 2021.10/bin/../lib/gcc/arm-none-eabi/10.3.1/../../../../arm-none-eabi/lib/thumb/v6-m/nofp\libc_nano.a(lib_a-fstatr.o)
 .ARM.attributes
                0x00000c1c       0x2c c:/program files (x86)/gnu arm embedded toolchain/10 2021.10/bin/../lib/gcc/arm-none-eabi/10.3.1/../../../../arm-none-eabi/lib/thumb/v6-m/nofp\libc_nano.a(lib_a-isattyr.o)
 .ARM.attributes
                0x00000c48       0x2c c:/program files (x86)/gnu arm embedded toolchain/10 2021.10/bin/../lib/gcc/arm-none-eabi/10.3.1/../../../../arm-none-eabi/lib/thumb/v6-m/nofp\libc_nano.a(lib_a-lseekr.o)
 .ARM.attributes
                0x00000c74       0x2c c:/program files (x86)/gnu arm embedded toolchain/10 2021.10/bin/../lib/gcc/arm-none-eabi/10.3.1/../../../../arm-none-eabi/lib/thumb/v6-m/nofp\libc_nano.a(lib_a-nano-msizer.o)
 .ARM.attributes
                0x00000ca0       0x2c c:/program files (x86)/gnu arm embedded toolchain/10 2021.10/bin/../lib/gcc/arm-none-eabi/10.3.1/../../../../arm-none-eabi/lib/thumb/v6-m/nofp\libc_nano.a(lib_a-readr.o)
 .ARM.attributes
                0x00000ccc       0x1e c:/program files (x86)/gnu arm embedded toolchain/10 2021.10/bin/../lib/gcc/arm-none-eabi/10.3.1/thumb/v6-m/nofp\libgcc.a(_thumb1_case_shi.o)
 .ARM.attributes
                0x00000cea       0x1e c:/program files (x86)/gnu arm embedded toolchain/10 2021.10/bin/../lib/gcc/arm-none-eabi/10.3.1/thumb/v6-m/nofp\libgcc.a(_udivsi3.o)
 .ARM.attributes
                0x00000d08       0x1e c:/program files (x86)/gnu arm embedded toolchain/10 2021.10/bin/../lib/gcc/arm-none-eabi/10.3.1/thumb/v6-m/nofp\libgcc.a(_divsi3.o)
 .ARM.attributes
                0x00000d26       0x1e c:/program files (x86)/gnu arm embedded toolchain/10 2021.10/bin/../lib/gcc/arm-none-eabi/10.3.1/thumb/v6-m/nofp\libgcc.a(_dvmd_tls.o)
 .ARM.attributes
                0x00000d44       0x2c c:/program files (x86)/gnu arm embedded toolchain/10 2021.10/bin/../lib/gcc/arm-none-eabi/10.3.1/thumb/v6-m/nofp\libgcc.a(_muldi3.o)
 .ARM.attributes
                0x00000d70       0x1e c:/program files (x86)/gnu arm embedded toolchain/10 2021.10/bin/../lib/gcc/arm-none-eabi/10.3.1/thumb/v6-m/nofp/crtn.o

.comment        0x00000000       0x49
 .comment       0x00000000       0x49 build/main.o
                                 0x4a (size before relaxing)
 .comment       0x00000049       0x4a build/gpio.o
 .comment       0x00000049       0x4a build/app_freertos.o
 .comment       0x00000049       0x4a build/lcd.o
 .comment       0x00000049       0x4a build/stm32c0xx_it.o
 .comment       0x00000049       0x4a build/stm32c0xx_hal_msp.o
 .comment       0x00000049       0x4a build/stm32c0xx_nucleo.o
 .comment       0x00000049       0x4a build/stm32c0xx_hal.o
 .comment       0x00000049       0x4a build/stm32c0xx_hal_cortex.o
 .comment       0x00000049       0x4a build/stm32c0xx_hal_rcc.o
 .comment       0x00000049       0x4a build/stm32c0xx_hal_rcc_ex.o
 .comment       0x00000049       0x4a build/stm32c0xx_hal_flash.o
 .comment       0x00000049       0x4a build/stm32c0xx_hal_flash_ex.o
 .comment       0x00000049       0x4a build/stm32c0xx_hal_gpio.o
 .comment       0x00000049       0x4a build/stm32c0xx_hal_dma.o
 .comment       0x00000049       0x4a build/stm32c0xx_hal_exti.o
 .comment       0x00000049       0x4a build/stm32c0xx_hal_uart_ex.o
 .comment       0x00000049       0x4a build/stm32c0xx_hal_uart.o
 .comment       0x00000049       0x4a build/system_stm32c0xx.o
 .comment       0x00000049       0x4a build/list.o
 .comment       0x00000049       0x4a build/queue.o
 .comment       0x00000049       0x4a build/tasks.o
 .comment       0x00000049       0x4a build/timers.o
 .comment       0x00000049       0x4a build/cmsis_os2.o
 .comment       0x00000049       0x4a build/port.o
 .comment       0x00000049       0x4a build/sysmem.o
 .comment       0x00000049       0x4a build/syscalls.o
 .comment       0x00000049       0x4a build/heap_4.o
 .comment       0x00000049       0x4a build/dma.o
 .comment       0x00000049       0x4a build/i2c.o
 .comment       0x00000049       0x4a build/usart.o
 .comment       0x00000049       0x4a build/stm32c0xx_hal_i2c.o
 .comment       0x00000049       0x4a build/stm32c0xx_hal_i2c_ex.o

.debug_info     0x00000000    0x2713c
 .debug_info    0x00000000      0x938 build/main.o
 .debug_info    0x00000938      0x5db build/gpio.o
 .debug_info    0x00000f13      0x782 build/app_freertos.o
 .debug_info    0x00001695      0xc18 build/lcd.o
 .debug_info    0x000022ad      0x542 build/stm32c0xx_it.o
 .debug_info    0x000027ef      0x3c9 build/stm32c0xx_hal_msp.o
 .debug_info    0x00002bb8     0x19f5 build/stm32c0xx_nucleo.o
 .debug_info    0x000045ad      0x9fa build/stm32c0xx_hal.o
 .debug_info    0x00004fa7      0xaf5 build/stm32c0xx_hal_cortex.o
 .debug_info    0x00005a9c      0xc17 build/stm32c0xx_hal_rcc.o
 .debug_info    0x000066b3      0x6e0 build/stm32c0xx_hal_rcc_ex.o
 .debug_info    0x00006d93      0x85e build/stm32c0xx_hal_flash.o
 .debug_info    0x000075f1      0xb88 build/stm32c0xx_hal_flash_ex.o
 .debug_info    0x00008179      0x6c1 build/stm32c0xx_hal_gpio.o
 .debug_info    0x0000883a      0xaaf build/stm32c0xx_hal_dma.o
 .debug_info    0x000092e9      0x7ab build/stm32c0xx_hal_exti.o
 .debug_info    0x00009a94     0x133a build/stm32c0xx_hal_uart_ex.o
 .debug_info    0x0000adce     0x657b build/stm32c0xx_hal_uart.o
 .debug_info    0x00011349      0x3d6 build/system_stm32c0xx.o
 .debug_info    0x0001171f      0x30f build/list.o
 .debug_info    0x00011a2e     0x2486 build/queue.o
 .debug_info    0x00013eb4     0x3061 build/tasks.o
 .debug_info    0x00016f15     0x19eb build/timers.o
 .debug_info    0x00018900     0x631f build/cmsis_os2.o
 .debug_info    0x0001ec1f      0x35c build/port.o
 .debug_info    0x0001ef7b      0x18d build/sysmem.o
 .debug_info    0x0001f108      0x835 build/syscalls.o
 .debug_info    0x0001f93d      0x61d build/heap_4.o
 .debug_info    0x0001ff5a      0x35e build/dma.o
 .debug_info    0x000202b8      0xd97 build/i2c.o
 .debug_info    0x0002104f      0xe0e build/usart.o
 .debug_info    0x00021e5d     0x474a build/stm32c0xx_hal_i2c.o
 .debug_info    0x000265a7      0xb73 build/stm32c0xx_hal_i2c_ex.o
 .debug_info    0x0002711a       0x22 build/startup_stm32c031xx.o

.debug_abbrev   0x00000000     0x4c17
 .debug_abbrev  0x00000000      0x254 build/main.o
 .debug_abbrev  0x00000254      0x180 build/gpio.o
 .debug_abbrev  0x000003d4      0x1d4 build/app_freertos.o
 .debug_abbrev  0x000005a8      0x1ed build/lcd.o
 .debug_abbrev  0x00000795      0x153 build/stm32c0xx_it.o
 .debug_abbrev  0x000008e8      0x129 build/stm32c0xx_hal_msp.o
 .debug_abbrev  0x00000a11      0x376 build/stm32c0xx_nucleo.o
 .debug_abbrev  0x00000d87      0x322 build/stm32c0xx_hal.o
 .debug_abbrev  0x000010a9      0x2d4 build/stm32c0xx_hal_cortex.o
 .debug_abbrev  0x0000137d      0x293 build/stm32c0xx_hal_rcc.o
 .debug_abbrev  0x00001610      0x275 build/stm32c0xx_hal_rcc_ex.o
 .debug_abbrev  0x00001885      0x32d build/stm32c0xx_hal_flash.o
 .debug_abbrev  0x00001bb2      0x29d build/stm32c0xx_hal_flash_ex.o
 .debug_abbrev  0x00001e4f      0x23c build/stm32c0xx_hal_gpio.o
 .debug_abbrev  0x0000208b      0x223 build/stm32c0xx_hal_dma.o
 .debug_abbrev  0x000022ae      0x1b4 build/stm32c0xx_hal_exti.o
 .debug_abbrev  0x00002462      0x343 build/stm32c0xx_hal_uart_ex.o
 .debug_abbrev  0x000027a5      0x34d build/stm32c0xx_hal_uart.o
 .debug_abbrev  0x00002af2      0x12c build/system_stm32c0xx.o
 .debug_abbrev  0x00002c1e      0x124 build/list.o
 .debug_abbrev  0x00002d42      0x2f6 build/queue.o
 .debug_abbrev  0x00003038      0x30d build/tasks.o
 .debug_abbrev  0x00003345      0x32b build/timers.o
 .debug_abbrev  0x00003670      0x505 build/cmsis_os2.o
 .debug_abbrev  0x00003b75      0x1ec build/port.o
 .debug_abbrev  0x00003d61       0xea build/sysmem.o
 .debug_abbrev  0x00003e4b      0x1c4 build/syscalls.o
 .debug_abbrev  0x0000400f      0x24b build/heap_4.o
 .debug_abbrev  0x0000425a      0x129 build/dma.o
 .debug_abbrev  0x00004383      0x1fc build/i2c.o
 .debug_abbrev  0x0000457f      0x1f0 build/usart.o
 .debug_abbrev  0x0000476f      0x2c1 build/stm32c0xx_hal_i2c.o
 .debug_abbrev  0x00004a30      0x1d5 build/stm32c0xx_hal_i2c_ex.o
 .debug_abbrev  0x00004c05       0x12 build/startup_stm32c031xx.o

.debug_loc      0x00000000    0x1f407
 .debug_loc     0x00000000       0xf5 build/main.o
 .debug_loc     0x000000f5       0x2c build/gpio.o
 .debug_loc     0x00000121       0xfb build/app_freertos.o
 .debug_loc     0x0000021c      0x1f4 build/lcd.o
 .debug_loc     0x00000410       0x80 build/stm32c0xx_it.o
 .debug_loc     0x00000490       0x2c build/stm32c0xx_hal_msp.o
 .debug_loc     0x000004bc      0x830 build/stm32c0xx_nucleo.o
 .debug_loc     0x00000cec      0x2cb build/stm32c0xx_hal.o
 .debug_loc     0x00000fb7      0x498 build/stm32c0xx_hal_cortex.o
 .debug_loc     0x0000144f      0x78d build/stm32c0xx_hal_rcc.o
 .debug_loc     0x00001bdc      0x673 build/stm32c0xx_hal_rcc_ex.o
 .debug_loc     0x0000224f      0x5fb build/stm32c0xx_hal_flash.o
 .debug_loc     0x0000284a      0x76b build/stm32c0xx_hal_flash_ex.o
 .debug_loc     0x00002fb5      0x50a build/stm32c0xx_hal_gpio.o
 .debug_loc     0x000034bf      0xa9d build/stm32c0xx_hal_dma.o
 .debug_loc     0x00003f5c      0xcb2 build/stm32c0xx_hal_exti.o
 .debug_loc     0x00004c0e      0xe43 build/stm32c0xx_hal_uart_ex.o
 .debug_loc     0x00005a51     0x4cfa build/stm32c0xx_hal_uart.o
 .debug_loc     0x0000a74b       0x2e build/system_stm32c0xx.o
 .debug_loc     0x0000a779       0xcd build/list.o
 .debug_loc     0x0000a846     0x2a7b build/queue.o
 .debug_loc     0x0000d2c1     0x33b8 build/tasks.o
 .debug_loc     0x00010679     0x1618 build/timers.o
 .debug_loc     0x00011c91     0x6879 build/cmsis_os2.o
 .debug_loc     0x0001850a      0x15e build/port.o
 .debug_loc     0x00018668       0xb3 build/sysmem.o
 .debug_loc     0x0001871b      0x510 build/syscalls.o
 .debug_loc     0x00018c2b      0x5a7 build/heap_4.o
 .debug_loc     0x000191d2       0x2c build/dma.o
 .debug_loc     0x000191fe       0xf8 build/i2c.o
 .debug_loc     0x000192f6       0xee build/usart.o
 .debug_loc     0x000193e4     0x5d53 build/stm32c0xx_hal_i2c.o
 .debug_loc     0x0001f137      0x2d0 build/stm32c0xx_hal_i2c_ex.o

.debug_aranges  0x00000000     0x16d0
 .debug_aranges
                0x00000000       0x40 build/main.o
 .debug_aranges
                0x00000040       0x20 build/gpio.o
 .debug_aranges
                0x00000060       0x38 build/app_freertos.o
 .debug_aranges
                0x00000098       0x40 build/lcd.o
 .debug_aranges
                0x000000d8       0x48 build/stm32c0xx_it.o
 .debug_aranges
                0x00000120       0x20 build/stm32c0xx_hal_msp.o
 .debug_aranges
                0x00000140       0xc8 build/stm32c0xx_nucleo.o
 .debug_aranges
                0x00000208       0xf0 build/stm32c0xx_hal.o
 .debug_aranges
                0x000002f8       0xa0 build/stm32c0xx_hal_cortex.o
 .debug_aranges
                0x00000398       0x90 build/stm32c0xx_hal_rcc.o
 .debug_aranges
                0x00000428       0x40 build/stm32c0xx_hal_rcc_ex.o
 .debug_aranges
                0x00000468       0x88 build/stm32c0xx_hal_flash.o
 .debug_aranges
                0x000004f0       0xd0 build/stm32c0xx_hal_flash_ex.o
 .debug_aranges
                0x000005c0       0x68 build/stm32c0xx_hal_gpio.o
 .debug_aranges
                0x00000628       0x90 build/stm32c0xx_hal_dma.o
 .debug_aranges
                0x000006b8       0x60 build/stm32c0xx_hal_exti.o
 .debug_aranges
                0x00000718       0xa8 build/stm32c0xx_hal_uart_ex.o
 .debug_aranges
                0x000007c0      0x248 build/stm32c0xx_hal_uart.o
 .debug_aranges
                0x00000a08       0x28 build/system_stm32c0xx.o
 .debug_aranges
                0x00000a30       0x40 build/list.o
 .debug_aranges
                0x00000a70      0x170 build/queue.o
 .debug_aranges
                0x00000be0      0x210 build/tasks.o
 .debug_aranges
                0x00000df0      0x108 build/timers.o
 .debug_aranges
                0x00000ef8      0x298 build/cmsis_os2.o
 .debug_aranges
                0x00001190       0x88 build/port.o
 .debug_aranges
                0x00001218       0x20 build/sysmem.o
 .debug_aranges
                0x00001238       0xa8 build/syscalls.o
 .debug_aranges
                0x000012e0       0x60 build/heap_4.o
 .debug_aranges
                0x00001340       0x20 build/dma.o
 .debug_aranges
                0x00001360       0x30 build/i2c.o
 .debug_aranges
                0x00001390       0x30 build/usart.o
 .debug_aranges
                0x000013c0      0x2a0 build/stm32c0xx_hal_i2c.o
 .debug_aranges
                0x00001660       0x48 build/stm32c0xx_hal_i2c_ex.o
 .debug_aranges
                0x000016a8       0x28 build/startup_stm32c031xx.o

.debug_ranges   0x00000000     0x1f10
 .debug_ranges  0x00000000       0x30 build/main.o
 .debug_ranges  0x00000030       0x10 build/gpio.o
 .debug_ranges  0x00000040       0x28 build/app_freertos.o
 .debug_ranges  0x00000068       0x30 build/lcd.o
 .debug_ranges  0x00000098       0x38 build/stm32c0xx_it.o
 .debug_ranges  0x000000d0       0x10 build/stm32c0xx_hal_msp.o
 .debug_ranges  0x000000e0       0xb8 build/stm32c0xx_nucleo.o
 .debug_ranges  0x00000198       0xe0 build/stm32c0xx_hal.o
 .debug_ranges  0x00000278       0xf0 build/stm32c0xx_hal_cortex.o
 .debug_ranges  0x00000368       0xb8 build/stm32c0xx_hal_rcc.o
 .debug_ranges  0x00000420       0x50 build/stm32c0xx_hal_rcc_ex.o
 .debug_ranges  0x00000470       0x90 build/stm32c0xx_hal_flash.o
 .debug_ranges  0x00000500       0xc0 build/stm32c0xx_hal_flash_ex.o
 .debug_ranges  0x000005c0       0x58 build/stm32c0xx_hal_gpio.o
 .debug_ranges  0x00000618       0x80 build/stm32c0xx_hal_dma.o
 .debug_ranges  0x00000698       0x50 build/stm32c0xx_hal_exti.o
 .debug_ranges  0x000006e8       0xc8 build/stm32c0xx_hal_uart_ex.o
 .debug_ranges  0x000007b0      0x238 build/stm32c0xx_hal_uart.o
 .debug_ranges  0x000009e8       0x18 build/system_stm32c0xx.o
 .debug_ranges  0x00000a00       0x30 build/list.o
 .debug_ranges  0x00000a30      0x2a0 build/queue.o
 .debug_ranges  0x00000cd0      0x460 build/tasks.o
 .debug_ranges  0x00001130       0xf8 build/timers.o
 .debug_ranges  0x00001228      0x840 build/cmsis_os2.o
 .debug_ranges  0x00001a68       0x78 build/port.o
 .debug_ranges  0x00001ae0       0x10 build/sysmem.o
 .debug_ranges  0x00001af0       0x98 build/syscalls.o
 .debug_ranges  0x00001b88       0x50 build/heap_4.o
 .debug_ranges  0x00001bd8       0x10 build/dma.o
 .debug_ranges  0x00001be8       0x20 build/i2c.o
 .debug_ranges  0x00001c08       0x20 build/usart.o
 .debug_ranges  0x00001c28      0x290 build/stm32c0xx_hal_i2c.o
 .debug_ranges  0x00001eb8       0x38 build/stm32c0xx_hal_i2c_ex.o
 .debug_ranges  0x00001ef0       0x20 build/startup_stm32c031xx.o

.debug_line     0x00000000    0x1c805
 .debug_line    0x00000000      0x45d build/main.o
 .debug_line    0x0000045d      0x236 build/gpio.o
 .debug_line    0x00000693      0x3b9 build/app_freertos.o
 .debug_line    0x00000a4c      0x2f2 build/lcd.o
 .debug_line    0x00000d3e      0x32b build/stm32c0xx_it.o
 .debug_line    0x00001069      0x1ae build/stm32c0xx_hal_msp.o
 .debug_line    0x00001217      0x7ce build/stm32c0xx_nucleo.o
 .debug_line    0x000019e5      0x5d7 build/stm32c0xx_hal.o
 .debug_line    0x00001fbc      0x69d build/stm32c0xx_hal_cortex.o
 .debug_line    0x00002659      0xa7f build/stm32c0xx_hal_rcc.o
 .debug_line    0x000030d8      0x5f9 build/stm32c0xx_hal_rcc_ex.o
 .debug_line    0x000036d1      0x6d9 build/stm32c0xx_hal_flash.o
 .debug_line    0x00003daa      0x88d build/stm32c0xx_hal_flash_ex.o
 .debug_line    0x00004637      0x6d4 build/stm32c0xx_hal_gpio.o
 .debug_line    0x00004d0b      0xb0a build/stm32c0xx_hal_dma.o
 .debug_line    0x00005815      0x7ea build/stm32c0xx_hal_exti.o
 .debug_line    0x00005fff      0xca3 build/stm32c0xx_hal_uart_ex.o
 .debug_line    0x00006ca2     0x4990 build/stm32c0xx_hal_uart.o
 .debug_line    0x0000b632      0x220 build/system_stm32c0xx.o
 .debug_line    0x0000b852      0x368 build/list.o
 .debug_line    0x0000bbba     0x1d49 build/queue.o
 .debug_line    0x0000d903     0x31ec build/tasks.o
 .debug_line    0x00010aef      0xe30 build/timers.o
 .debug_line    0x0001191f     0x3c97 build/cmsis_os2.o
 .debug_line    0x000155b6      0x444 build/port.o
 .debug_line    0x000159fa      0x1e1 build/sysmem.o
 .debug_line    0x00015bdb      0x43d build/syscalls.o
 .debug_line    0x00016018      0x766 build/heap_4.o
 .debug_line    0x0001677e      0x197 build/dma.o
 .debug_line    0x00016915      0x3ba build/i2c.o
 .debug_line    0x00016ccf      0x383 build/usart.o
 .debug_line    0x00017052     0x5267 build/stm32c0xx_hal_i2c.o
 .debug_line    0x0001c2b9      0x4d3 build/stm32c0xx_hal_i2c_ex.o
 .debug_line    0x0001c78c       0x79 build/startup_stm32c031xx.o

.debug_str      0x00000000     0x75bf
 .debug_str     0x00000000      0x674 build/main.o
                                0x6e1 (size before relaxing)
 .debug_str     0x00000674      0x27c build/gpio.o
                                0x4c9 (size before relaxing)
 .debug_str     0x000008f0      0x579 build/app_freertos.o
                                0x7b7 (size before relaxing)
 .debug_str     0x00000e69      0x584 build/lcd.o
                                0x84f (size before relaxing)
 .debug_str     0x000013ed       0xfb build/stm32c0xx_it.o
                                0x578 (size before relaxing)
 .debug_str     0x000014e8       0x29 build/stm32c0xx_hal_msp.o
                                0x3ee (size before relaxing)
 .debug_str     0x00001511      0x5af build/stm32c0xx_nucleo.o
                                0xf58 (size before relaxing)
 .debug_str     0x00001ac0      0x38b build/stm32c0xx_hal.o
                                0x7b5 (size before relaxing)
 .debug_str     0x00001e4b      0x338 build/stm32c0xx_hal_cortex.o
                                0x712 (size before relaxing)
 .debug_str     0x00002183      0x246 build/stm32c0xx_hal_rcc.o
                                0x6e3 (size before relaxing)
 .debug_str     0x000023c9      0x195 build/stm32c0xx_hal_rcc_ex.o
                                0x518 (size before relaxing)
 .debug_str     0x0000255e      0x21e build/stm32c0xx_hal_flash.o
                                0x50c (size before relaxing)
 .debug_str     0x0000277c      0x39a build/stm32c0xx_hal_flash_ex.o
                                0x69c (size before relaxing)
 .debug_str     0x00002b16      0x10b build/stm32c0xx_hal_gpio.o
                                0x424 (size before relaxing)
 .debug_str     0x00002c21      0x2a1 build/stm32c0xx_hal_dma.o
                                0x77e (size before relaxing)
 .debug_str     0x00002ec2      0x13c build/stm32c0xx_hal_exti.o
                                0x445 (size before relaxing)
 .debug_str     0x00002ffe      0x3c9 build/stm32c0xx_hal_uart_ex.o
                                0xb52 (size before relaxing)
 .debug_str     0x000033c7      0x721 build/stm32c0xx_hal_uart.o
                               0x1124 (size before relaxing)
 .debug_str     0x00003ae8       0x44 build/system_stm32c0xx.o
                                0x2e4 (size before relaxing)
 .debug_str     0x00003b2c      0x142 build/list.o
                                0x301 (size before relaxing)
 .debug_str     0x00003c6e      0xa4e build/queue.o
                                0xd77 (size before relaxing)
 .debug_str     0x000046bc      0xcf5 build/tasks.o
                               0x135a (size before relaxing)
 .debug_str     0x000053b1      0x5f6 build/timers.o
                                0xc6a (size before relaxing)
 .debug_str     0x000059a7      0xc03 build/cmsis_os2.o
                               0x1d57 (size before relaxing)
 .debug_str     0x000065aa       0xd4 build/port.o
                                0x3b7 (size before relaxing)
 .debug_str     0x0000667e       0x7a build/sysmem.o