Archive member included to satisfy reference by file (symbol)

c:/program files (x86)/gnu arm embedded toolchain/10 2021.10/bin/../lib/gcc/arm-none-eabi/10.3.1/../../../../arm-none-eabi/lib/thumb/v6-m/nofp\libc_nano.a(lib_a-errno.o)
                              build/sysmem.o (__errno)
c:/program files (x86)/gnu arm embedded toolchain/10 2021.10/bin/../lib/gcc/arm-none-eabi/10.3.1/../../../../arm-none-eabi/lib/thumb/v6-m/nofp\libc_nano.a(lib_a-exit.o)
                              c:/program files (x86)/gnu arm embedded toolchain/10 2021.10/bin/../lib/gcc/arm-none-eabi/10.3.1/../../../../arm-none-eabi/lib/thumb/v6-m/nofp/crt0.o (exit)
c:/program files (x86)/gnu arm embedded toolchain/10 2021.10/bin/../lib/gcc/arm-none-eabi/10.3.1/../../../../arm-none-eabi/lib/thumb/v6-m/nofp\libc_nano.a(lib_a-impure.o)
                              c:/program files (x86)/gnu arm embedded toolchain/10 2021.10/bin/../lib/gcc/arm-none-eabi/10.3.1/../../../../arm-none-eabi/lib/thumb/v6-m/nofp\libc_nano.a(lib_a-exit.o) (_global_impure_ptr)
c:/program files (x86)/gnu arm embedded toolchain/10 2021.10/bin/../lib/gcc/arm-none-eabi/10.3.1/../../../../arm-none-eabi/lib/thumb/v6-m/nofp\libc_nano.a(lib_a-init.o)
                              c:/program files (x86)/gnu arm embedded toolchain/10 2021.10/bin/../lib/gcc/arm-none-eabi/10.3.1/../../../../arm-none-eabi/lib/thumb/v6-m/nofp/crt0.o (__libc_init_array)
c:/program files (x86)/gnu arm embedded toolchain/10 2021.10/bin/../lib/gcc/arm-none-eabi/10.3.1/../../../../arm-none-eabi/lib/thumb/v6-m/nofp\libc_nano.a(lib_a-memset.o)
                              c:/program files (x86)/gnu arm embedded toolchain/10 2021.10/bin/../lib/gcc/arm-none-eabi/10.3.1/../../../../arm-none-eabi/lib/thumb/v6-m/nofp/crt0.o (memset)
c:/program files (x86)/gnu arm embedded toolchain/10 2021.10/bin/../lib/gcc/arm-none-eabi/10.3.1/thumb/v6-m/nofp\libgcc.a(_udivsi3.o)
                              build/stm32c0xx_hal.o (__aeabi_uidiv)
c:/program files (x86)/gnu arm embedded toolchain/10 2021.10/bin/../lib/gcc/arm-none-eabi/10.3.1/thumb/v6-m/nofp\libgcc.a(_divsi3.o)
                              build/stm32c0xx_hal_uart_ex.o (__aeabi_idiv)
c:/program files (x86)/gnu arm embedded toolchain/10 2021.10/bin/../lib/gcc/arm-none-eabi/10.3.1/thumb/v6-m/nofp\libgcc.a(_dvmd_tls.o)
                              c:/program files (x86)/gnu arm embedded toolchain/10 2021.10/bin/../lib/gcc/arm-none-eabi/10.3.1/thumb/v6-m/nofp\libgcc.a(_udivsi3.o) (__aeabi_idiv0)

Discarded input sections

 .text          0x00000000        0x0 c:/program files (x86)/gnu arm embedded toolchain/10 2021.10/bin/../lib/gcc/arm-none-eabi/10.3.1/thumb/v6-m/nofp/crti.o
 .data          0x00000000        0x0 c:/program files (x86)/gnu arm embedded toolchain/10 2021.10/bin/../lib/gcc/arm-none-eabi/10.3.1/thumb/v6-m/nofp/crti.o
 .bss           0x00000000        0x0 c:/program files (x86)/gnu arm embedded toolchain/10 2021.10/bin/../lib/gcc/arm-none-eabi/10.3.1/thumb/v6-m/nofp/crti.o
 .data          0x00000000        0x4 c:/program files (x86)/gnu arm embedded toolchain/10 2021.10/bin/../lib/gcc/arm-none-eabi/10.3.1/thumb/v6-m/nofp/crtbegin.o
 .rodata        0x00000000       0x24 c:/program files (x86)/gnu arm embedded toolchain/10 2021.10/bin/../lib/gcc/arm-none-eabi/10.3.1/thumb/v6-m/nofp/crtbegin.o
 .text          0x00000000       0x80 c:/program files (x86)/gnu arm embedded toolchain/10 2021.10/bin/../lib/gcc/arm-none-eabi/10.3.1/../../../../arm-none-eabi/lib/thumb/v6-m/nofp/crt0.o
 .data          0x00000000        0x0 c:/program files (x86)/gnu arm embedded toolchain/10 2021.10/bin/../lib/gcc/arm-none-eabi/10.3.1/../../../../arm-none-eabi/lib/thumb/v6-m/nofp/crt0.o
 .bss           0x00000000        0x0 c:/program files (x86)/gnu arm embedded toolchain/10 2021.10/bin/../lib/gcc/arm-none-eabi/10.3.1/../../../../arm-none-eabi/lib/thumb/v6-m/nofp/crt0.o
 .ARM.extab     0x00000000        0x0 c:/program files (x86)/gnu arm embedded toolchain/10 2021.10/bin/../lib/gcc/arm-none-eabi/10.3.1/../../../../arm-none-eabi/lib/thumb/v6-m/nofp/crt0.o
 .ARM.exidx     0x00000000       0x10 c:/program files (x86)/gnu arm embedded toolchain/10 2021.10/bin/../lib/gcc/arm-none-eabi/10.3.1/../../../../arm-none-eabi/lib/thumb/v6-m/nofp/crt0.o
 .ARM.attributes
                0x00000000       0x1b c:/program files (x86)/gnu arm embedded toolchain/10 2021.10/bin/../lib/gcc/arm-none-eabi/10.3.1/../../../../arm-none-eabi/lib/thumb/v6-m/nofp/crt0.o
 .text          0x00000000        0x0 build/main.o
 .data          0x00000000        0x0 build/main.o
 .bss           0x00000000        0x0 build/main.o
 .text          0x00000000        0x0 build/gpio.o
 .data          0x00000000        0x0 build/gpio.o
 .bss           0x00000000        0x0 build/gpio.o
 .text          0x00000000        0x0 build/dma.o
 .data          0x00000000        0x0 build/dma.o
 .bss           0x00000000        0x0 build/dma.o
 .text          0x00000000        0x0 build/i2c.o
[...]
Memory Configuration

Name             Origin             Length             Attributes
RAM              0x20000000         0x00003000         xrw
FLASH            0x08000000         0x00008000         xr
*default*        0x00000000         0xffffffff

Linker script and memory map

LOAD c:/program files (x86)/gnu arm embedded toolchain/10 2021.10/bin/../lib/gcc/arm-none-eabi/10.3.1/thumb/v6-m/nofp/crti.o
LOAD c:/program files (x86)/gnu arm embedded toolchain/10 2021.10/bin/../lib/gcc/arm-none-eabi/10.3.1/thumb/v6-m/nofp/crtbegin.o
LOAD c:/program files (x86)/gnu arm embedded toolchain/10 2021.10/bin/../lib/gcc/arm-none-eabi/10.3.1/../../../../arm-none-eabi/lib/thumb/v6-m/nofp/crt0.o
LOAD build/main.o
LOAD build/gpio.o
LOAD build/dma.o
LOAD build/i2c.o
LOAD build/lcd.o
LOAD build/stm32c0xx_it.o
LOAD build/stm32c0xx_hal_msp.o
LOAD build/stm32c0xx_nucleo.o
LOAD build/stm32c0xx_hal_usart_ex.o
LOAD build/stm32c0xx_hal.o
LOAD build/stm32c0xx_hal_cortex.o
LOAD build/stm32c0xx_hal_rcc.o
LOAD build/stm32c0xx_hal_rcc_ex.o
LOAD build/stm32c0xx_hal_flash.o
LOAD build/stm32c0xx_hal_flash_ex.o
LOAD build/stm32c0xx_hal_gpio.o
LOAD build/stm32c0xx_hal_dma.o
LOAD build/stm32c0xx_hal_dma_ex.o
LOAD build/stm32c0xx_hal_pwr.o
LOAD build/stm32c0xx_hal_pwr_ex.o
LOAD build/stm32c0xx_hal_exti.o
LOAD build/stm32c0xx_hal_i2c.o
LOAD build/stm32c0xx_hal_i2c_ex.o
LOAD build/stm32c0xx_hal_tim.o
LOAD build/stm32c0xx_hal_tim_ex.o
LOAD build/stm32c0xx_hal_usart.o
LOAD build/stm32c0xx_hal_uart_ex.o
LOAD build/stm32c0xx_hal_uart.o
LOAD build/system_stm32c0xx.o
LOAD build/sysmem.o
LOAD build/syscalls.o
LOAD build/startup_stm32c031xx.o
LOAD c:/program files (x86)/gnu arm embedded toolchain/10 2021.10/bin/../lib/gcc/arm-none-eabi/10.3.1/../../../../arm-none-eabi/lib/thumb/v6-m/nofp\libc_nano.a
LOAD c:/program files (x86)/gnu arm embedded toolchain/10 2021.10/bin/../lib/gcc/arm-none-eabi/10.3.1/../../../../arm-none-eabi/lib/thumb/v6-m/nofp\libm.a
LOAD c:/program files (x86)/gnu arm embedded toolchain/10 2021.10/bin/../lib/gcc/arm-none-eabi/10.3.1/../../../../arm-none-eabi/lib/thumb/v6-m/nofp\libnosys.a
START GROUP
LOAD c:/program files (x86)/gnu arm embedded toolchain/10 2021.10/bin/../lib/gcc/arm-none-eabi/10.3.1/thumb/v6-m/nofp\libgcc.a
LOAD c:/program files (x86)/gnu arm embedded toolchain/10 2021.10/bin/../lib/gcc/arm-none-eabi/10.3.1/../../../../arm-none-eabi/lib/thumb/v6-m/nofp\libc_nano.a
END GROUP
START GROUP
LOAD c:/program files (x86)/gnu arm embedded toolchain/10 2021.10/bin/../lib/gcc/arm-none-eabi/10.3.1/thumb/v6-m/nofp\libgcc.a
LOAD c:/program files (x86)/gnu arm embedded toolchain/10 2021.10/bin/../lib/gcc/arm-none-eabi/10.3.1/../../../../arm-none-eabi/lib/thumb/v6-m/nofp\libc_nano.a
END GROUP
LOAD c:/program files (x86)/gnu arm embedded toolchain/10 2021.10/bin/../lib/gcc/arm-none-eabi/10.3.1/thumb/v6-m/nofp/crtend.o
LOAD c:/program files (x86)/gnu arm embedded toolchain/10 2021.10/bin/../lib/gcc/arm-none-eabi/10.3.1/thumb/v6-m/nofp/crtn.o
                0x20003000                _estack = (ORIGIN (RAM) + LENGTH (RAM))
                0x00000200                _Min_Heap_Size = 0x200
                0x00000400                _Min_Stack_Size = 0x400

.isr_vector     0x08000000       0xc0
                0x08000000                . = ALIGN (0x4)
 *(.isr_vector)
 .isr_vector    0x08000000       0xc0 build/startup_stm32c031xx.o
                0x08000000                g_pfnVectors
                0x080000c0                . = ALIGN (0x4)

.text           0x080000c0     0x265c
                0x080000c0                . = ALIGN (0x4)
 *(.text)
 .text          0x080000c0       0x48 c:/program files (x86)/gnu arm embedded toolchain/10 2021.10/bin/../lib/gcc/arm-none-eabi/10.3.1/thumb/v6-m/nofp/crtbegin.o
 .text          0x08000108      0x114 c:/program files (x86)/gnu arm embedded toolchain/10 2021.10/bin/../lib/gcc/arm-none-eabi/10.3.1/thumb/v6-m/nofp\libgcc.a(_udivsi3.o)
                0x08000108                __aeabi_uidiv
                0x08000108                __udivsi3
                0x08000214                __aeabi_uidivmod
 .text          0x0800021c        0x4 c:/program files (x86)/gnu arm embedded toolchain/10 2021.10/bin/../lib/gcc/arm-none-eabi/10.3.1/thumb/v6-m/nofp\libgcc.a(_dvmd_tls.o)
                0x0800021c                __aeabi_idiv0
                0x0800021c                __aeabi_ldiv0
 *(.text*)
 .text.Error_Handler
                0x08000220        0x4 build/main.o
                0x08000220                Error_Handler
 .text.SystemClock_Config
                0x08000224       0x64 build/main.o
                0x08000224                SystemClock_Config
 .text.main     0x08000288       0x70 build/main.o
                0x08000288                main
 .text.MX_GPIO_Init
                0x080002f8       0x3c build/gpio.o
                0x080002f8                MX_GPIO_Init
 .text.MX_DMA_Init
                0x08000334       0x30 build/dma.o
                0x08000334                MX_DMA_Init
 .text.MX_I2C1_Init
                0x08000364       0x60 build/i2c.o
                0x08000364                MX_I2C1_Init
 .text.HAL_I2C_MspInit
                0x080003c4       0xd0 build/i2c.o
                0x080003c4                HAL_I2C_MspInit
 .text.lcd_send_cmd
                0x08000494       0x44 build/lcd.o
                0x08000494                lcd_send_cmd
 .text.lcd_send_data
                0x080004d8       0x44 build/lcd.o
                0x080004d8                lcd_send_data
 .text.lcd_init
                0x0800051c       0x64 build/lcd.o
                0x0800051c                lcd_init
 .text.lcd_send_string
                0x08000580       0x14 build/lcd.o
                0x08000580                lcd_send_string
 .text.NMI_Handler
                0x08000594        0x2 build/stm32c0xx_it.o
                0x08000594                NMI_Handler
 .text.HardFault_Handler
                0x08000596        0x2 build/stm32c0xx_it.o
                0x08000596                HardFault_Handler
 .text.SVC_Handler
                0x08000598        0x2 build/stm32c0xx_it.o
                0x08000598                SVC_Handler
 .text.PendSV_Handler
                0x0800059a        0x2 build/stm32c0xx_it.o
                0x0800059a                PendSV_Handler
 .text.SysTick_Handler
                0x0800059c        0x8 build/stm32c0xx_it.o
                0x0800059c                SysTick_Handler
 .text.EXTI4_15_IRQHandler
                0x080005a4        0xa build/stm32c0xx_it.o
                0x080005a4                EXTI4_15_IRQHandler
 *fill*         0x080005ae        0x2 
 .text.DMA1_Channel1_IRQHandler
                0x080005b0       0x10 build/stm32c0xx_it.o
                0x080005b0                DMA1_Channel1_IRQHandler
 .text.I2C1_IRQHandler
                0x080005c0       0x24 build/stm32c0xx_it.o
                0x080005c0                I2C1_IRQHandler
 .text.HAL_MspInit
                0x080005e4       0x30 build/stm32c0xx_hal_msp.o
                0x080005e4                HAL_MspInit
 .text.COM1_MspInit
                0x08000614       0x68 build/stm32c0xx_nucleo.o
 .text.BSP_LED_Init
                0x0800067c       0x84 build/stm32c0xx_nucleo.o
                0x0800067c                BSP_LED_Init
 .text.BSP_PB_Init
                0x08000700       0x90 build/stm32c0xx_nucleo.o
                0x08000700                BSP_PB_Init
 .text.BSP_PB_IRQHandler
                0x08000790       0x18 build/stm32c0xx_nucleo.o
                0x08000790                BSP_PB_IRQHandler
 .text.BSP_PB_Callback
                0x080007a8        0x2 build/stm32c0xx_nucleo.o
                0x080007a8                BSP_PB_Callback
 .text.BUTTON_USER_EXTI_Callback
                0x080007aa        0xa build/stm32c0xx_nucleo.o
 .text.MX_USART2_Init
                0x080007b4       0x34 build/stm32c0xx_nucleo.o
                0x080007b4                MX_USART2_Init
 .text.BSP_COM_Init
                0x080007e8       0x34 build/stm32c0xx_nucleo.o
                0x080007e8                BSP_COM_Init
 .text.HAL_InitTick
                0x0800081c       0x58 build/stm32c0xx_hal.o
                0x0800081c                HAL_InitTick
 .text.HAL_Init
                0x08000874       0x18 build/stm32c0xx_hal.o
                0x08000874                HAL_Init
 .text.HAL_IncTick
                0x0800088c       0x18 build/stm32c0xx_hal.o
                0x0800088c                HAL_IncTick
 .text.HAL_GetTick
                0x080008a4        0xc build/stm32c0xx_hal.o
                0x080008a4                HAL_GetTick
 .text.HAL_Delay
                0x080008b0       0x24 build/stm32c0xx_hal.o
                0x080008b0                HAL_Delay
 .text.HAL_NVIC_SetPriority
                0x080008d4       0x60 build/stm32c0xx_hal_cortex.o
                0x080008d4                HAL_NVIC_SetPriority
 .text.HAL_NVIC_EnableIRQ
                0x08000934       0x18 build/stm32c0xx_hal_cortex.o
                0x08000934                HAL_NVIC_EnableIRQ
 .text.HAL_SYSTICK_Config
                0x0800094c       0x38 build/stm32c0xx_hal_cortex.o
                0x0800094c                HAL_SYSTICK_Config
 .text.HAL_RCC_OscConfig
                0x08000984      0x2bc build/stm32c0xx_hal_rcc.o
                0x08000984                HAL_RCC_OscConfig
 .text.HAL_RCC_GetSysClockFreq
                0x08000c40       0x5c build/stm32c0xx_hal_rcc.o
                0x08000c40                HAL_RCC_GetSysClockFreq
 .text.HAL_RCC_ClockConfig
                0x08000c9c      0x184 build/stm32c0xx_hal_rcc.o
                0x08000c9c                HAL_RCC_ClockConfig
 .text.HAL_RCC_GetHCLKFreq
                0x08000e20       0x30 build/stm32c0xx_hal_rcc.o
                0x08000e20                HAL_RCC_GetHCLKFreq
 .text.HAL_RCC_GetPCLK1Freq
                0x08000e50       0x28 build/stm32c0xx_hal_rcc.o
                0x08000e50                HAL_RCC_GetPCLK1Freq
 .text.HAL_RCCEx_PeriphCLKConfig
                0x08000e78      0x130 build/stm32c0xx_hal_rcc_ex.o
                0x08000e78                HAL_RCCEx_PeriphCLKConfig
 .text.HAL_GPIO_Init
                0x08000fa8      0x1bc build/stm32c0xx_hal_gpio.o
                0x08000fa8                HAL_GPIO_Init
 .text.HAL_GPIO_WritePin
                0x08001164        0xc build/stm32c0xx_hal_gpio.o
                0x08001164                HAL_GPIO_WritePin
 .text.DMA_CalcDMAMUXChannelBaseAndMask
                0x08001170       0x38 build/stm32c0xx_hal_dma.o
 .text.DMA_CalcDMAMUXRequestGenBaseAndMask
                0x080011a8       0x28 build/stm32c0xx_hal_dma.o
 .text.HAL_DMA_Init
                0x080011d0       0xb0 build/stm32c0xx_hal_dma.o
                0x080011d0                HAL_DMA_Init
 .text.HAL_DMA_Abort_IT
                0x08001280       0x88 build/stm32c0xx_hal_dma.o
                0x08001280                HAL_DMA_Abort_IT
 .text.HAL_DMA_IRQHandler
                0x08001308       0xcc build/stm32c0xx_hal_dma.o
                0x08001308                HAL_DMA_IRQHandler
 .text.HAL_DMA_GetState
                0x080013d4        0x8 build/stm32c0xx_hal_dma.o
                0x080013d4                HAL_DMA_GetState
 .text.HAL_EXTI_RegisterCallback
                0x080013dc       0x24 build/stm32c0xx_hal_exti.o
                0x080013dc                HAL_EXTI_RegisterCallback
 .text.HAL_EXTI_GetHandle
                0x08001400        0xe build/stm32c0xx_hal_exti.o
                0x08001400                HAL_EXTI_GetHandle
 *fill*         0x0800140e        0x2 
 .text.HAL_EXTI_IRQHandler
                0x08001410       0x48 build/stm32c0xx_hal_exti.o
                0x08001410                HAL_EXTI_IRQHandler
 .text.I2C_Flush_TXDR
                0x08001458       0x1e build/stm32c0xx_hal_i2c.o
 *fill*         0x08001476        0x2 
 .text.I2C_TransferConfig
                0x08001478       0x30 build/stm32c0xx_hal_i2c.o
 .text.I2C_Disable_IRQ
                0x080014a8       0x6c build/stm32c0xx_hal_i2c.o
 .text.I2C_IsErrorOccurred
                0x08001514      0x118 build/stm32c0xx_hal_i2c.o
 .text.I2C_WaitOnTXISFlagUntilTimeout
                0x0800162c       0x5a build/stm32c0xx_hal_i2c.o
 .text.I2C_WaitOnFlagUntilTimeout
                0x08001686       0x8a build/stm32c0xx_hal_i2c.o
 .text.I2C_WaitOnSTOPFlagUntilTimeout
                0x08001710       0x5a build/stm32c0xx_hal_i2c.o
 *fill*         0x0800176a        0x2 
 .text.HAL_I2C_Init
                0x0800176c       0xdc build/stm32c0xx_hal_i2c.o
                0x0800176c                HAL_I2C_Init
 .text.HAL_I2C_Master_Transmit
                0x08001848      0x198 build/stm32c0xx_hal_i2c.o
                0x08001848                HAL_I2C_Master_Transmit
 .text.HAL_I2C_EV_IRQHandler
                0x080019e0       0x12 build/stm32c0xx_hal_i2c.o
                0x080019e0                HAL_I2C_EV_IRQHandler
 .text.HAL_I2C_SlaveTxCpltCallback
                0x080019f2        0x2 build/stm32c0xx_hal_i2c.o
                0x080019f2                HAL_I2C_SlaveTxCpltCallback
 .text.HAL_I2C_SlaveRxCpltCallback
                0x080019f4        0x2 build/stm32c0xx_hal_i2c.o
                0x080019f4                HAL_I2C_SlaveRxCpltCallback
 *fill*         0x080019f6        0x2 
 .text.I2C_ITSlaveSeqCplt
                0x080019f8       0x84 build/stm32c0xx_hal_i2c.o
 .text.HAL_I2C_AddrCallback
                0x08001a7c        0x2 build/stm32c0xx_hal_i2c.o
                0x08001a7c                HAL_I2C_AddrCallback
 .text.I2C_ITAddrCplt
                0x08001a7e       0xa4 build/stm32c0xx_hal_i2c.o
 .text.HAL_I2C_ListenCpltCallback
                0x08001b22        0x2 build/stm32c0xx_hal_i2c.o
                0x08001b22                HAL_I2C_ListenCpltCallback
 .text.I2C_ITListenCplt
                0x08001b24       0x68 build/stm32c0xx_hal_i2c.o
 .text.HAL_I2C_ErrorCallback
                0x08001b8c        0x2 build/stm32c0xx_hal_i2c.o
                0x08001b8c                HAL_I2C_ErrorCallback
 .text.HAL_I2C_AbortCpltCallback
                0x08001b8e        0x2 build/stm32c0xx_hal_i2c.o
                0x08001b8e                HAL_I2C_AbortCpltCallback
 .text.I2C_TreatErrorCallback
                0x08001b90       0x2c build/stm32c0xx_hal_i2c.o
 .text.I2C_ITError
                0x08001bbc      0x134 build/stm32c0xx_hal_i2c.o
 .text.I2C_ITSlaveCplt
                0x08001cf0      0x1f8 build/stm32c0xx_hal_i2c.o
 .text.I2C_Slave_ISR_IT
                0x08001ee8      0x144 build/stm32c0xx_hal_i2c.o
 .text.HAL_I2C_ER_IRQHandler
                0x0800202c       0x5e build/stm32c0xx_hal_i2c.o
                0x0800202c                HAL_I2C_ER_IRQHandler
 .text.I2C_DMAAbort
                0x0800208a       0x1e build/stm32c0xx_hal_i2c.o
 .text.HAL_I2CEx_ConfigAnalogFilter
                0x080020a8       0x58 build/stm32c0xx_hal_i2c_ex.o
                0x080020a8                HAL_I2CEx_ConfigAnalogFilter
 .text.HAL_I2CEx_ConfigDigitalFilter
                0x08002100       0x54 build/stm32c0xx_hal_i2c_ex.o
                0x08002100                HAL_I2CEx_ConfigDigitalFilter
 .text.UART_EndRxTransfer
                0x08002154       0x64 build/stm32c0xx_hal_uart.o
 .text.HAL_UART_MspInit
                0x080021b8        0x2 build/stm32c0xx_hal_uart.o
                0x080021b8                HAL_UART_MspInit
 *fill*         0x080021ba        0x2 
 .text.UART_SetConfig
                0x080021bc      0x1c8 build/stm32c0xx_hal_uart.o
                0x080021bc                UART_SetConfig
 .text.UART_AdvFeatureConfig
                0x08002384       0xe0 build/stm32c0xx_hal_uart.o
                0x08002384                UART_AdvFeatureConfig
 .text.UART_WaitOnFlagUntilTimeout
                0x08002464       0x9e build/stm32c0xx_hal_uart.o
                0x08002464                UART_WaitOnFlagUntilTimeout
 *fill*         0x08002502        0x2 
 .text.UART_CheckIdleState
                0x08002504       0xd4 build/stm32c0xx_hal_uart.o
                0x08002504                UART_CheckIdleState
 .text.HAL_UART_Init
                0x080025d8       0x70 build/stm32c0xx_hal_uart.o
                0x080025d8                HAL_UART_Init
 .text.SystemInit
                0x08002648       0x10 build/system_stm32c0xx.o
                0x08002648                SystemInit
 .text.Reset_Handler
                0x08002658       0x50 build/startup_stm32c031xx.o
                0x08002658                Reset_Handler
 .text.Default_Handler
                0x080026a8        0x2 build/startup_stm32c031xx.o
                0x080026a8                TIM1_CC_IRQHandler
                0x080026a8                DMAMUX1_IRQHandler
                0x080026a8                SPI1_IRQHandler
                0x080026a8                EXTI2_3_IRQHandler
                0x080026a8                ADC1_IRQHandler
                0x080026a8                TIM17_IRQHandler
                0x080026a8                RTC_IRQHandler
                0x080026a8                TIM16_IRQHandler
                0x080026a8                TIM3_IRQHandler
                0x080026a8                RCC_IRQHandler
                0x080026a8                Default_Handler
                0x080026a8                TIM14_IRQHandler
                0x080026a8                EXTI0_1_IRQHandler
                0x080026a8                WWDG_IRQHandler
                0x080026a8                DMA1_Channel2_3_IRQHandler
                0x080026a8                USART2_IRQHandler
                0x080026a8                FLASH_IRQHandler
                0x080026a8                USART1_IRQHandler
                0x080026a8                TIM1_BRK_UP_TRG_COM_IRQHandler
 *fill*         0x080026aa        0x2 
 .text.__libc_init_array
                0x080026ac       0x48 c:/program files (x86)/gnu arm embedded toolchain/10 2021.10/bin/../lib/gcc/arm-none-eabi/10.3.1/../../../../arm-none-eabi/lib/thumb/v6-m/nofp\libc_nano.a(lib_a-init.o)
                0x080026ac                __libc_init_array
 .text.memset   0x080026f4       0x10 c:/program files (x86)/gnu arm embedded toolchain/10 2021.10/bin/../lib/gcc/arm-none-eabi/10.3.1/../../../../arm-none-eabi/lib/thumb/v6-m/nofp\libc_nano.a(lib_a-memset.o)
                0x080026f4                memset
 *(.glue_7)
 .glue_7        0x08002704        0x0 linker stubs
 *(.glue_7t)
 .glue_7t       0x08002704        0x0 linker stubs
 *(.eh_frame)
 .eh_frame      0x08002704        0x0 c:/program files (x86)/gnu arm embedded toolchain/10 2021.10/bin/../lib/gcc/arm-none-eabi/10.3.1/thumb/v6-m/nofp/crtbegin.o
 *(.init)
 .init          0x08002704        0x4 c:/program files (x86)/gnu arm embedded toolchain/10 2021.10/bin/../lib/gcc/arm-none-eabi/10.3.1/thumb/v6-m/nofp/crti.o
                0x08002704                _init
 .init          0x08002708        0x8 c:/program files (x86)/gnu arm embedded toolchain/10 2021.10/bin/../lib/gcc/arm-none-eabi/10.3.1/thumb/v6-m/nofp/crtn.o
 *(.fini)
 .fini          0x08002710        0x4 c:/program files (x86)/gnu arm embedded toolchain/10 2021.10/bin/../lib/gcc/arm-none-eabi/10.3.1/thumb/v6-m/nofp/crti.o
                0x08002710                _fini
 .fini          0x08002714        0x8 c:/program files (x86)/gnu arm embedded toolchain/10 2021.10/bin/../lib/gcc/arm-none-eabi/10.3.1/thumb/v6-m/nofp/crtn.o
                0x0800271c                . = ALIGN (0x4)
                0x0800271c                _etext = .

.vfp11_veneer   0x0800271c        0x0
 .vfp11_veneer  0x0800271c        0x0 linker stubs

.v4_bx          0x0800271c        0x0
 .v4_bx         0x0800271c        0x0 linker stubs

.iplt           0x0800271c        0x0
 .iplt          0x0800271c        0x0 c:/program files (x86)/gnu arm embedded toolchain/10 2021.10/bin/../lib/gcc/arm-none-eabi/10.3.1/thumb/v6-m/nofp/crtbegin.o

.rodata         0x0800271c       0x90
                0x0800271c                . = ALIGN (0x4)
 *(.rodata)
 *(.rodata*)
 .rodata.main.str1.4
                0x0800271c        0xc build/main.o
 .rodata.LED_PIN
                0x08002728        0x4 build/stm32c0xx_nucleo.o
 .rodata.LED_PORT
                0x0800272c        0x8 build/stm32c0xx_nucleo.o
 .rodata.UARTPrescTable
                0x08002734       0x18 build/stm32c0xx_hal_uart.o
                0x08002734                UARTPrescTable
 .rodata.AHBPrescTable
                0x0800274c       0x40 build/system_stm32c0xx.o
                0x0800274c                AHBPrescTable
 .rodata.APBPrescTable
                0x0800278c       0x20 build/system_stm32c0xx.o
                0x0800278c                APBPrescTable
                0x080027ac                . = ALIGN (0x4)

.rel.dyn        0x080027ac        0x0
 .rel.iplt      0x080027ac        0x0 c:/program files (x86)/gnu arm embedded toolchain/10 2021.10/bin/../lib/gcc/arm-none-eabi/10.3.1/thumb/v6-m/nofp/crtbegin.o

.ARM.extab
 *(.ARM.extab* .gnu.linkonce.armextab.*)

.ARM            0x080027ac        0x0
                0x080027ac                __exidx_start = .
 *(.ARM.exidx*)
                0x080027ac                __exidx_end = .

.preinit_array  0x080027ac        0x0
                0x080027ac                PROVIDE (__preinit_array_start = .)
 *(.preinit_array*)
                0x080027ac                PROVIDE (__preinit_array_end = .)

.init_array     0x080027ac        0x4
                0x080027ac                PROVIDE (__init_array_start = .)
 *(SORT_BY_NAME(.init_array.*))
 *(.init_array*)
 .init_array    0x080027ac        0x4 c:/program files (x86)/gnu arm embedded toolchain/10 2021.10/bin/../lib/gcc/arm-none-eabi/10.3.1/thumb/v6-m/nofp/crtbegin.o
                0x080027b0                PROVIDE (__init_array_end = .)

.fini_array     0x080027b0        0x4
                [!provide]                PROVIDE (__fini_array_start = .)
 *(SORT_BY_NAME(.fini_array.*))
 *(.fini_array*)
 .fini_array    0x080027b0        0x4 c:/program files (x86)/gnu arm embedded toolchain/10 2021.10/bin/../lib/gcc/arm-none-eabi/10.3.1/thumb/v6-m/nofp/crtbegin.o
                [!provide]                PROVIDE (__fini_array_end = .)
                0x080027b4                _sidata = LOADADDR (.data)

.data           0x20000000       0x10 load address 0x080027b4
                0x20000000                . = ALIGN (0x4)
                0x20000000                _sdata = .
 *(.data)
 *(.data*)
 .data.COM_USART
                0x20000000        0x4 build/stm32c0xx_nucleo.o
                0x20000000                COM_USART
 .data.uwTickFreq
                0x20000004        0x1 build/stm32c0xx_hal.o
                0x20000004                uwTickFreq
 *fill*         0x20000005        0x3 
 .data.uwTickPrio
                0x20000008        0x4 build/stm32c0xx_hal.o
                0x20000008                uwTickPrio
 .data.SystemCoreClock
                0x2000000c        0x4 build/system_stm32c0xx.o
                0x2000000c                SystemCoreClock
                0x20000010                . = ALIGN (0x4)
                0x20000010                _edata = .

.igot.plt       0x20000010        0x0 load address 0x080027c4
 .igot.plt      0x20000010        0x0 c:/program files (x86)/gnu arm embedded toolchain/10 2021.10/bin/../lib/gcc/arm-none-eabi/10.3.1/thumb/v6-m/nofp/crtbegin.o
                0x20000010                . = ALIGN (0x4)

.bss            0x20000010      0x188 load address 0x080027c4
                0x20000010                _sbss = .
                0x20000010                __bss_start__ = _sbss
 *(.bss)
 .bss           0x20000010       0x1c c:/program files (x86)/gnu arm embedded toolchain/10 2021.10/bin/../lib/gcc/arm-none-eabi/10.3.1/thumb/v6-m/nofp/crtbegin.o
 *(.bss*)
 .bss.BspCOMInit
                0x2000002c       0x10 build/main.o
                0x2000002c                BspCOMInit
 .bss.hdma_i2c1_tx
                0x2000003c       0x5c build/i2c.o
                0x2000003c                hdma_i2c1_tx
 .bss.hi2c1     0x20000098       0x54 build/i2c.o
                0x20000098                hi2c1
 .bss.lcd       0x200000ec        0x4 build/lcd.o
 .bss.lcd_addr  0x200000f0        0x1 build/lcd.o
 *fill*         0x200000f1        0x3 
 .bss.hcom_uart
                0x200000f4       0x94 build/stm32c0xx_nucleo.o
                0x200000f4                hcom_uart
 .bss.hpb_exti  0x20000188        0xc build/stm32c0xx_nucleo.o
                0x20000188                hpb_exti
 .bss.uwTick    0x20000194        0x4 build/stm32c0xx_hal.o
                0x20000194                uwTick
 *(COMMON)
                0x20000198                . = ALIGN (0x4)
                0x20000198                _ebss = .
                0x20000198                __bss_end__ = _ebss

._user_heap_stack
                0x20000198      0x600 load address 0x080027c4
                0x20000198                . = ALIGN (0x8)
                [!provide]                PROVIDE (end = .)
                0x20000198                PROVIDE (_end = .)
                0x20000398                . = (. + _Min_Heap_Size)
 *fill*         0x20000198      0x200 
                0x20000798                . = (. + _Min_Stack_Size)
 *fill*         0x20000398      0x400 
                0x20000798                . = ALIGN (0x8)

/DISCARD/
 libc.a(*)
 libm.a(*)
 libgcc.a(*)
OUTPUT(build/vs_3.elf elf32-littlearm)
LOAD linker stubs
LOAD c:/program files (x86)/gnu arm embedded toolchain/10 2021.10/bin/../lib/gcc/arm-none-eabi/10.3.1/../../../../arm-none-eabi/lib/thumb/v6-m/nofp\libc.a
LOAD c:/program files (x86)/gnu arm embedded toolchain/10 2021.10/bin/../lib/gcc/arm-none-eabi/10.3.1/../../../../arm-none-eabi/lib/thumb/v6-m/nofp\libm.a
LOAD c:/program files (x86)/gnu arm embedded toolchain/10 2021.10/bin/../lib/gcc/arm-none-eabi/10.3.1/thumb/v6-m/nofp\libgcc.a

.ARM.attributes
                0x00000000       0x28
 .ARM.attributes
                0x00000000       0x1e c:/program files (x86)/gnu arm embedded toolchain/10 2021.10/bin/../lib/gcc/arm-none-eabi/10.3.1/thumb/v6-m/nofp/crti.o
 .ARM.attributes
                0x0000001e       0x2c c:/program files (x86)/gnu arm embedded toolchain/10 2021.10/bin/../lib/gcc/arm-none-eabi/10.3.1/thumb/v6-m/nofp/crtbegin.o
 .ARM.attributes
                0x0000004a       0x2c build/main.o
 .ARM.attributes
                0x00000076       0x2c build/gpio.o
 .ARM.attributes
                0x000000a2       0x2c build/dma.o
 .ARM.attributes
                0x000000ce       0x2c build/i2c.o
 .ARM.attributes
                0x000000fa       0x2c build/lcd.o
 .ARM.attributes
                0x00000126       0x2c build/stm32c0xx_it.o
 .ARM.attributes
                0x00000152       0x2c build/stm32c0xx_hal_msp.o
 .ARM.attributes
                0x0000017e       0x2c build/stm32c0xx_nucleo.o
 .ARM.attributes
                0x000001aa       0x2c build/stm32c0xx_hal.o
 .ARM.attributes
                0x000001d6       0x2c build/stm32c0xx_hal_cortex.o
 .ARM.attributes
                0x00000202       0x2c build/stm32c0xx_hal_rcc.o
 .ARM.attributes
                0x0000022e       0x2c build/stm32c0xx_hal_rcc_ex.o
 .ARM.attributes
                0x0000025a       0x2c build/stm32c0xx_hal_gpio.o
 .ARM.attributes
                0x00000286       0x2c build/stm32c0xx_hal_dma.o
 .ARM.attributes
                0x000002b2       0x2c build/stm32c0xx_hal_exti.o
 .ARM.attributes
                0x000002de       0x2c build/stm32c0xx_hal_i2c.o
 .ARM.attributes
                0x0000030a       0x2c build/stm32c0xx_hal_i2c_ex.o
 .ARM.attributes
                0x00000336       0x2c build/stm32c0xx_hal_uart.o
 .ARM.attributes
                0x00000362       0x2c build/system_stm32c0xx.o
 .ARM.attributes
                0x0000038e       0x22 build/startup_stm32c031xx.o
 .ARM.attributes
                0x000003b0       0x2c c:/program files (x86)/gnu arm embedded toolchain/10 2021.10/bin/../lib/gcc/arm-none-eabi/10.3.1/../../../../arm-none-eabi/lib/thumb/v6-m/nofp\libc_nano.a(lib_a-init.o)
 .ARM.attributes
                0x000003dc       0x2c c:/program files (x86)/gnu arm embedded toolchain/10 2021.10/bin/../lib/gcc/arm-none-eabi/10.3.1/../../../../arm-none-eabi/lib/thumb/v6-m/nofp\libc_nano.a(lib_a-memset.o)
 .ARM.attributes
                0x00000408       0x1e c:/program files (x86)/gnu arm embedded toolchain/10 2021.10/bin/../lib/gcc/arm-none-eabi/10.3.1/thumb/v6-m/nofp\libgcc.a(_udivsi3.o)
 .ARM.attributes
                0x00000426       0x1e c:/program files (x86)/gnu arm embedded toolchain/10 2021.10/bin/../lib/gcc/arm-none-eabi/10.3.1/thumb/v6-m/nofp\libgcc.a(_dvmd_tls.o)
 .ARM.attributes
                0x00000444       0x1e c:/program files (x86)/gnu arm embedded toolchain/10 2021.10/bin/../lib/gcc/arm-none-eabi/10.3.1/thumb/v6-m/nofp/crtn.o

.comment        0x00000000       0x49
 .comment       0x00000000       0x49 build/main.o
                                 0x4a (size before relaxing)
 .comment       0x00000049       0x4a build/gpio.o
 .comment       0x00000049       0x4a build/dma.o
 .comment       0x00000049       0x4a build/i2c.o
 .comment       0x00000049       0x4a build/lcd.o
 .comment       0x00000049       0x4a build/stm32c0xx_it.o
 .comment       0x00000049       0x4a build/stm32c0xx_hal_msp.o
 .comment       0x00000049       0x4a build/stm32c0xx_nucleo.o
 .comment       0x00000049       0x4a build/stm32c0xx_hal.o
 .comment       0x00000049       0x4a build/stm32c0xx_hal_cortex.o
 .comment       0x00000049       0x4a build/stm32c0xx_hal_rcc.o
 .comment       0x00000049       0x4a build/stm32c0xx_hal_rcc_ex.o
 .comment       0x00000049       0x4a build/stm32c0xx_hal_gpio.o
 .comment       0x00000049       0x4a build/stm32c0xx_hal_dma.o
 .comment       0x00000049       0x4a build/stm32c0xx_hal_exti.o
 .comment       0x00000049       0x4a build/stm32c0xx_hal_i2c.o
 .comment       0x00000049       0x4a build/stm32c0xx_hal_i2c_ex.o
 .comment       0x00000049       0x4a build/stm32c0xx_hal_uart.o
 .comment       0x00000049       0x4a build/system_stm32c0xx.o

.debug_info     0x00000000    0x14f86
 .debug_info    0x00000000      0xdf5 build/main.o
 .debug_info    0x00000df5      0x29d build/gpio.o
 .debug_info    0x00001092      0x35e build/dma.o
 .debug_info    0x000013f0      0xeab build/i2c.o
 .debug_info    0x0000229b      0xa4e build/lcd.o
 .debug_info    0x00002ce9      0x8f7 build/stm32c0xx_it.o
 .debug_info    0x000035e0      0x280 build/stm32c0xx_hal_msp.o
 .debug_info    0x00003860     0x19f5 build/stm32c0xx_nucleo.o
 .debug_info    0x00005255      0x9fa build/stm32c0xx_hal.o
 .debug_info    0x00005c4f      0xaf5 build/stm32c0xx_hal_cortex.o
 .debug_info    0x00006744      0xc17 build/stm32c0xx_hal_rcc.o
 .debug_info    0x0000735b      0x6e0 build/stm32c0xx_hal_rcc_ex.o
 .debug_info    0x00007a3b      0x6c1 build/stm32c0xx_hal_gpio.o
 .debug_info    0x000080fc      0xaaf build/stm32c0xx_hal_dma.o
 .debug_info    0x00008bab      0x7ab build/stm32c0xx_hal_exti.o
 .debug_info    0x00009356     0x474a build/stm32c0xx_hal_i2c.o
 .debug_info    0x0000daa0      0xb73 build/stm32c0xx_hal_i2c_ex.o
 .debug_info    0x0000e613     0x657b build/stm32c0xx_hal_uart.o
 .debug_info    0x00014b8e      0x3d6 build/system_stm32c0xx.o
 .debug_info    0x00014f64       0x22 build/startup_stm32c031xx.o

.debug_abbrev   0x00000000     0x282c
 .debug_abbrev  0x00000000      0x241 build/main.o
 .debug_abbrev  0x00000241       0xd3 build/gpio.o
 .debug_abbrev  0x00000314      0x129 build/dma.o
 .debug_abbrev  0x0000043d      0x210 build/i2c.o
 .debug_abbrev  0x0000064d      0x1da build/lcd.o
 .debug_abbrev  0x00000827      0x18a build/stm32c0xx_it.o
 .debug_abbrev  0x000009b1       0xd3 build/stm32c0xx_hal_msp.o
 .debug_abbrev  0x00000a84      0x376 build/stm32c0xx_nucleo.o
 .debug_abbrev  0x00000dfa      0x322 build/stm32c0xx_hal.o
 .debug_abbrev  0x0000111c      0x2d4 build/stm32c0xx_hal_cortex.o
 .debug_abbrev  0x000013f0      0x293 build/stm32c0xx_hal_rcc.o
 .debug_abbrev  0x00001683      0x275 build/stm32c0xx_hal_rcc_ex.o
 .debug_abbrev  0x000018f8      0x23c build/stm32c0xx_hal_gpio.o
 .debug_abbrev  0x00001b34      0x223 build/stm32c0xx_hal_dma.o
 .debug_abbrev  0x00001d57      0x1b4 build/stm32c0xx_hal_exti.o
 .debug_abbrev  0x00001f0b      0x2c1 build/stm32c0xx_hal_i2c.o
 .debug_abbrev  0x000021cc      0x1d5 build/stm32c0xx_hal_i2c_ex.o
 .debug_abbrev  0x000023a1      0x34d build/stm32c0xx_hal_uart.o
 .debug_abbrev  0x000026ee      0x12c build/system_stm32c0xx.o
 .debug_abbrev  0x0000281a       0x12 build/startup_stm32c031xx.o

.debug_loc      0x00000000     0xeb1a
 .debug_loc     0x00000000       0x4c build/main.o
 .debug_loc     0x0000004c       0x20 build/gpio.o
 .debug_loc     0x0000006c       0x2c build/dma.o
 .debug_loc     0x00000098       0xf8 build/i2c.o
 .debug_loc     0x00000190      0x1b3 build/lcd.o
 .debug_loc     0x00000343       0x80 build/stm32c0xx_it.o
 .debug_loc     0x000003c3       0x20 build/stm32c0xx_hal_msp.o
 .debug_loc     0x000003e3      0x830 build/stm32c0xx_nucleo.o
 .debug_loc     0x00000c13      0x2cb build/stm32c0xx_hal.o
 .debug_loc     0x00000ede      0x498 build/stm32c0xx_hal_cortex.o
 .debug_loc     0x00001376      0x78d build/stm32c0xx_hal_rcc.o
 .debug_loc     0x00001b03      0x673 build/stm32c0xx_hal_rcc_ex.o
 .debug_loc     0x00002176      0x50a build/stm32c0xx_hal_gpio.o
 .debug_loc     0x00002680      0xa9d build/stm32c0xx_hal_dma.o
 .debug_loc     0x0000311d      0xcb2 build/stm32c0xx_hal_exti.o
 .debug_loc     0x00003dcf     0x5d53 build/stm32c0xx_hal_i2c.o
 .debug_loc     0x00009b22      0x2d0 build/stm32c0xx_hal_i2c_ex.o
 .debug_loc     0x00009df2     0x4cfa build/stm32c0xx_hal_uart.o
 .debug_loc     0x0000eaec       0x2e build/system_stm32c0xx.o

.debug_aranges  0x00000000      0xb50
 .debug_aranges
                0x00000000       0x30 build/main.o
 .debug_aranges
                0x00000030       0x20 build/gpio.o
 .debug_aranges
                0x00000050       0x20 build/dma.o
 .debug_aranges
                0x00000070       0x30 build/i2c.o
 .debug_aranges
                0x000000a0       0x38 build/lcd.o
 .debug_aranges
                0x000000d8       0x58 build/stm32c0xx_it.o
 .debug_aranges
                0x00000130       0x20 build/stm32c0xx_hal_msp.o
 .debug_aranges
                0x00000150       0xc8 build/stm32c0xx_nucleo.o
 .debug_aranges
                0x00000218       0xf0 build/stm32c0xx_hal.o
 .debug_aranges
                0x00000308       0xa0 build/stm32c0xx_hal_cortex.o
 .debug_aranges
                0x000003a8       0x90 build/stm32c0xx_hal_rcc.o
 .debug_aranges
                0x00000438       0x40 build/stm32c0xx_hal_rcc_ex.o
 .debug_aranges
                0x00000478       0x68 build/stm32c0xx_hal_gpio.o
 .debug_aranges
                0x000004e0       0x90 build/stm32c0xx_hal_dma.o
 .debug_aranges
                0x00000570       0x60 build/stm32c0xx_hal_exti.o
 .debug_aranges
                0x000005d0      0x2a0 build/stm32c0xx_hal_i2c.o
 .debug_aranges
                0x00000870       0x48 build/stm32c0xx_hal_i2c_ex.o
 .debug_aranges
                0x000008b8      0x248 build/stm32c0xx_hal_uart.o
 .debug_aranges
                0x00000b00       0x28 build/system_stm32c0xx.o
 .debug_aranges
                0x00000b28       0x28 build/startup_stm32c031xx.o

.debug_ranges   0x00000000      0xad0
 .debug_ranges  0x00000000       0x20 build/main.o
 .debug_ranges  0x00000020       0x10 build/gpio.o
 .debug_ranges  0x00000030       0x10 build/dma.o
 .debug_ranges  0x00000040       0x20 build/i2c.o
 .debug_ranges  0x00000060       0x28 build/lcd.o
 .debug_ranges  0x00000088       0x48 build/stm32c0xx_it.o
 .debug_ranges  0x000000d0       0x10 build/stm32c0xx_hal_msp.o
 .debug_ranges  0x000000e0       0xb8 build/stm32c0xx_nucleo.o
 .debug_ranges  0x00000198       0xe0 build/stm32c0xx_hal.o
 .debug_ranges  0x00000278       0xf0 build/stm32c0xx_hal_cortex.o
 .debug_ranges  0x00000368       0xb8 build/stm32c0xx_hal_rcc.o
 .debug_ranges  0x00000420       0x50 build/stm32c0xx_hal_rcc_ex.o
 .debug_ranges  0x00000470       0x58 build/stm32c0xx_hal_gpio.o
 .debug_ranges  0x000004c8       0x80 build/stm32c0xx_hal_dma.o
 .debug_ranges  0x00000548       0x50 build/stm32c0xx_hal_exti.o
 .debug_ranges  0x00000598      0x290 build/stm32c0xx_hal_i2c.o
 .debug_ranges  0x00000828       0x38 build/stm32c0xx_hal_i2c_ex.o
 .debug_ranges  0x00000860      0x238 build/stm32c0xx_hal_uart.o
 .debug_ranges  0x00000a98       0x18 build/system_stm32c0xx.o
 .debug_ranges  0x00000ab0       0x20 build/startup_stm32c031xx.o

.debug_line     0x00000000     0xf32c
 .debug_line    0x00000000      0x38b build/main.o
 .debug_line    0x0000038b      0x167 build/gpio.o
 .debug_line    0x000004f2      0x197 build/dma.o
 .debug_line    0x00000689      0x3d7 build/i2c.o
 .debug_line    0x00000a60      0x296 build/lcd.o
 .debug_line    0x00000cf6      0x2e3 build/stm32c0xx_it.o
 .debug_line    0x00000fd9      0x16e build/stm32c0xx_hal_msp.o
 .debug_line    0x00001147      0x7ce build/stm32c0xx_nucleo.o
 .debug_line    0x00001915      0x5d7 build/stm32c0xx_hal.o
 .debug_line    0x00001eec      0x69d build/stm32c0xx_hal_cortex.o
 .debug_line    0x00002589      0xa7f build/stm32c0xx_hal_rcc.o
 .debug_line    0x00003008      0x5f9 build/stm32c0xx_hal_rcc_ex.o
 .debug_line    0x00003601      0x6d4 build/stm32c0xx_hal_gpio.o
 .debug_line    0x00003cd5      0xb0a build/stm32c0xx_hal_dma.o
 .debug_line    0x000047df      0x7ea build/stm32c0xx_hal_exti.o
 .debug_line    0x00004fc9     0x5267 build/stm32c0xx_hal_i2c.o
 .debug_line    0x0000a230      0x4d3 build/stm32c0xx_hal_i2c_ex.o
 .debug_line    0x0000a703     0x4990 build/stm32c0xx_hal_uart.o
 .debug_line    0x0000f093      0x220 build/system_stm32c0xx.o
 .debug_line    0x0000f2b3       0x79 build/startup_stm32c031xx.o

.debug_str      0x00000000     0x36f0
 .debug_str     0x00000000      0xa8c build/main.o
                                0xb5e (size before relaxing)
 .debug_str     0x00000a8c       0xbd build/gpio.o
                                0x267 (size before relaxing)
 .debug_str     0x00000b49      0x18a build/dma.o
                                0x3e0 (size before relaxing)
 .debug_str     0x00000cd3      0x20e build/i2c.o
                                0xbab (size before relaxing)
 .debug_str     0x00000ee1       0x5a build/lcd.o
                                0x7c6 (size before relaxing)
 .debug_str     0x00000f3b       0xfb build/stm32c0xx_it.o
                                0x854 (size before relaxing)
 .debug_str     0x00001036       0x29 build/stm32c0xx_hal_msp.o
                                0x273 (size before relaxing)
 .debug_str     0x0000105f      0x5bc build/stm32c0xx_nucleo.o
                                0xf58 (size before relaxing)
 .debug_str     0x0000161b      0x390 build/stm32c0xx_hal.o
                                0x7b5 (size before relaxing)
 .debug_str     0x000019ab      0x34d build/stm32c0xx_hal_cortex.o
                                0x712 (size before relaxing)
 .debug_str     0x00001cf8      0x246 build/stm32c0xx_hal_rcc.o
                                0x6e3 (size before relaxing)
 .debug_str     0x00001f3e       0xcd build/stm32c0xx_hal_rcc_ex.o
                                0x518 (size before relaxing)
 .debug_str     0x0000200b      0x14c build/stm32c0xx_hal_gpio.o
                                0x424 (size before relaxing)
 .debug_str     0x00002157      0x285 build/stm32c0xx_hal_dma.o
                                0x77e (size before relaxing)
 .debug_str     0x000023dc      0x143 build/stm32c0xx_hal_exti.o
                                0x445 (size before relaxing)
 .debug_str     0x0000251f      0x867 build/stm32c0xx_hal_i2c.o
                               0x10b3 (size before relaxing)
 .debug_str     0x00002d86       0xb5 build/stm32c0xx_hal_i2c_ex.o
                                0x92a (size before relaxing)
 .debug_str     0x00002e3b      0x84d build/stm32c0xx_hal_uart.o
                               0x1124 (size before relaxing)
 .debug_str     0x00003688       0x44 build/system_stm32c0xx.o
                                0x2e4 (size before relaxing)
 .debug_str     0x000036cc       0x24 build/startup_stm32c031xx.o
                                 0x7a (size before relaxing)

.debug_frame    0x00000000     0x1db0
 .debug_frame   0x00000000       0x50 build/main.o
 .debug_frame   0x00000050       0x24 build/gpio.o
 .debug_frame   0x00000074       0x28 build/dma.o
 .debug_frame   0x0000009c       0x60 build/i2c.o
 .debug_frame   0x000000fc       0x78 build/lcd.o
 .debug_frame   0x00000174       0xb0 build/stm32c0xx_it.o
 .debug_frame   0x00000224       0x24 build/stm32c0xx_hal_msp.o
 .debug_frame   0x00000248      0x220 build/stm32c0xx_nucleo.o
 .debug_frame   0x00000468      0x1ec build/stm32c0xx_hal.o
 .debug_frame   0x00000654      0x134 build/stm32c0xx_hal_cortex.o
 .debug_frame   0x00000788      0x168 build/stm32c0xx_hal_rcc.o
 .debug_frame   0x000008f0       0x84 build/stm32c0xx_hal_rcc_ex.o
 .debug_frame   0x00000974       0xe8 build/stm32c0xx_hal_gpio.o
 .debug_frame   0x00000a5c      0x188 build/stm32c0xx_hal_dma.o
 .debug_frame   0x00000be4       0xec build/stm32c0xx_hal_exti.o
 .debug_frame   0x00000cd0      0x8b8 build/stm32c0xx_hal_i2c.o
 .debug_frame   0x00001588       0xb0 build/stm32c0xx_hal_i2c_ex.o
 .debug_frame   0x00001638      0x6dc build/stm32c0xx_hal_uart.o
 .debug_frame   0x00001d14       0x30 build/system_stm32c0xx.o
 .debug_frame   0x00001d44       0x2c c:/program files (x86)/gnu arm embedded toolchain/10 2021.10/bin/../lib/gcc/arm-none-eabi/10.3.1/../../../../arm-none-eabi/lib/thumb/v6-m/nofp\libc_nano.a(lib_a-init.o)
 .debug_frame   0x00001d70       0x20 c:/program files (x86)/gnu arm embedded toolchain/10 2021.10/bin/../lib/gcc/arm-none-eabi/10.3.1/../../../../arm-none-eabi/lib/thumb/v6-m/nofp\libc_nano.a(lib_a-memset.o)
 .debug_frame   0x00001d90       0x20 c:/program files (x86)/gnu arm embedded toolchain/10 2021.10/bin/../lib/gcc/arm-none-eabi/10.3.1/thumb/v6-m/nofp\libgcc.a(_udivsi3.o)

Cross Reference Table

Symbol                                            File
ADC1_IRQHandler                                   build/startup_stm32c031xx.o
AHBPrescTable                                     build/system_stm32c0xx.o
                                                  build/stm32c0xx_hal_rcc.o
APBPrescTable                                     build/system_stm32c0xx.o
                                                  build/stm32c0xx_hal_rcc.o
BSP_COM_DeInit                                    build/stm32c0xx_nucleo.o
BSP_COM_Init                                      build/stm32c0xx_nucleo.o
                                                  build/main.o
BSP_COM_SelectLogPort                             build/stm32c0xx_nucleo.o
BSP_GetBoardID                                    build/stm32c0xx_nucleo.o
BSP_GetBoardName                                  build/stm32c0xx_nucleo.o
BSP_GetVersion                                    build/stm32c0xx_nucleo.o
BSP_LED_DeInit                                    build/stm32c0xx_nucleo.o
BSP_LED_GetState                                  build/stm32c0xx_nucleo.o
BSP_LED_Init                                      build/stm32c0xx_nucleo.o
                                                  build/main.o
BSP_LED_Off                                       build/stm32c0xx_nucleo.o
BSP_LED_On                                        build/stm32c0xx_nucleo.o
BSP_LED_Toggle                                    build/stm32c0xx_nucleo.o
BSP_PB_Callback                                   build/stm32c0xx_nucleo.o
BSP_PB_DeInit                                     build/stm32c0xx_nucleo.o
BSP_PB_GetState                                   build/stm32c0xx_nucleo.o
BSP_PB_IRQHandler                                 build/stm32c0xx_nucleo.o
                                                  build/stm32c0xx_it.o
BSP_PB_Init                                       build/stm32c0xx_nucleo.o
                                                  build/main.o
BspCOMInit                                        build/main.o
COM_USART                                         build/stm32c0xx_nucleo.o
DMA1_Channel1_IRQHandler                          build/stm32c0xx_it.o
DMA1_Channel2_3_IRQHandler                        build/startup_stm32c031xx.o
DMAMUX1_IRQHandler                                build/startup_stm32c031xx.o
Default_Handler                                   build/startup_stm32c031xx.o
EXTI0_1_IRQHandler                                build/startup_stm32c031xx.o
EXTI2_3_IRQHandler                                build/startup_stm32c031xx.o
EXTI4_15_IRQHandler                               build/stm32c0xx_it.o
Error_Handler                                     build/main.o
                                                  build/i2c.o
FLASH_FlushCaches                                 build/stm32c0xx_hal_flash_ex.o
FLASH_IRQHandler                                  build/startup_stm32c031xx.o
FLASH_PageErase                                   build/stm32c0xx_hal_flash_ex.o
                                                  build/stm32c0xx_hal_flash.o
FLASH_WaitForLastOperation                        build/stm32c0xx_hal_flash.o
                                                  build/stm32c0xx_hal_flash_ex.o
HAL_DBGMCU_DisableDBGStandbyMode                  build/stm32c0xx_hal.o
HAL_DBGMCU_DisableDBGStopMode                     build/stm32c0xx_hal.o
HAL_DBGMCU_EnableDBGStandbyMode                   build/stm32c0xx_hal.o
HAL_DBGMCU_EnableDBGStopMode                      build/stm32c0xx_hal.o
HAL_DMAEx_ConfigMuxRequestGenerator               build/stm32c0xx_hal_dma_ex.o
HAL_DMAEx_ConfigMuxSync                           build/stm32c0xx_hal_dma_ex.o
HAL_DMAEx_DisableMuxRequestGenerator              build/stm32c0xx_hal_dma_ex.o
HAL_DMAEx_EnableMuxRequestGenerator               build/stm32c0xx_hal_dma_ex.o
HAL_DMAEx_MUX_IRQHandler                          build/stm32c0xx_hal_dma_ex.o
HAL_DMA_Abort                                     build/stm32c0xx_hal_dma.o
                                                  build/stm32c0xx_hal_uart.o
HAL_DMA_Abort_IT                                  build/stm32c0xx_hal_dma.o
                                                  build/stm32c0xx_hal_uart.o
                                                  build/stm32c0xx_hal_i2c.o
HAL_DMA_DeInit                                    build/stm32c0xx_hal_dma.o
                                                  build/i2c.o
HAL_DMA_GetError                                  build/stm32c0xx_hal_dma.o
                                                  build/stm32c0xx_hal_uart.o
HAL_DMA_GetState                                  build/stm32c0xx_hal_dma.o
                                                  build/stm32c0xx_hal_i2c.o
HAL_DMA_IRQHandler                                build/stm32c0xx_hal_dma.o
                                                  build/stm32c0xx_it.o
HAL_DMA_Init                                      build/stm32c0xx_hal_dma.o
                                                  build/i2c.o
HAL_DMA_PollForTransfer                           build/stm32c0xx_hal_dma.o
HAL_DMA_RegisterCallback                          build/stm32c0xx_hal_dma.o
HAL_DMA_Start                                     build/stm32c0xx_hal_dma.o
HAL_DMA_Start_IT                                  build/stm32c0xx_hal_dma.o
                                                  build/stm32c0xx_hal_uart.o
                                                  build/stm32c0xx_hal_i2c.o
HAL_DMA_UnRegisterCallback                        build/stm32c0xx_hal_dma.o
HAL_DeInit                                        build/stm32c0xx_hal.o
HAL_Delay                                         build/stm32c0xx_hal.o
                                                  build/lcd.o
                                                  build/main.o
HAL_EXTI_ClearConfigLine                          build/stm32c0xx_hal_exti.o
HAL_EXTI_ClearPending                             build/stm32c0xx_hal_exti.o
HAL_EXTI_GenerateSWI                              build/stm32c0xx_hal_exti.o
HAL_EXTI_GetConfigLine                            build/stm32c0xx_hal_exti.o
HAL_EXTI_GetHandle                                build/stm32c0xx_hal_exti.o
                                                  build/stm32c0xx_nucleo.o
HAL_EXTI_GetPending                               build/stm32c0xx_hal_exti.o
HAL_EXTI_IRQHandler                               build/stm32c0xx_hal_exti.o
                                                  build/stm32c0xx_nucleo.o
HAL_EXTI_RegisterCallback                         build/stm32c0xx_hal_exti.o
                                                  build/stm32c0xx_nucleo.o
HAL_EXTI_SetConfigLine                            build/stm32c0xx_hal_exti.o
HAL_FLASHEx_DisableDebugger                       build/stm32c0xx_hal_flash_ex.o
HAL_FLASHEx_EnableDebugger                        build/stm32c0xx_hal_flash_ex.o
HAL_FLASHEx_EnableSecMemProtection                build/stm32c0xx_hal_flash_ex.o
HAL_FLASHEx_Erase                                 build/stm32c0xx_hal_flash_ex.o
HAL_FLASHEx_Erase_IT                              build/stm32c0xx_hal_flash_ex.o
HAL_FLASHEx_FlashEmptyCheck                       build/stm32c0xx_hal_flash_ex.o
HAL_FLASHEx_ForceFlashEmpty                       build/stm32c0xx_hal_flash_ex.o
HAL_FLASHEx_OBGetConfig                           build/stm32c0xx_hal_flash_ex.o
HAL_FLASHEx_OBProgram                             build/stm32c0xx_hal_flash_ex.o
HAL_FLASH_EndOfOperationCallback                  build/stm32c0xx_hal_flash.o
HAL_FLASH_GetError                                build/stm32c0xx_hal_flash.o
HAL_FLASH_IRQHandler                              build/stm32c0xx_hal_flash.o
HAL_FLASH_Lock                                    build/stm32c0xx_hal_flash.o
HAL_FLASH_OB_Launch                               build/stm32c0xx_hal_flash.o
HAL_FLASH_OB_Lock                                 build/stm32c0xx_hal_flash.o
HAL_FLASH_OB_Unlock                               build/stm32c0xx_hal_flash.o
HAL_FLASH_OperationErrorCallback                  build/stm32c0xx_hal_flash.o
HAL_FLASH_Program                                 build/stm32c0xx_hal_flash.o
HAL_FLASH_Program_IT                              build/stm32c0xx_hal_flash.o
HAL_FLASH_Unlock                                  build/stm32c0xx_hal_flash.o
HAL_GPIO_DeInit                                   build/stm32c0xx_hal_gpio.o
                                                  build/stm32c0xx_nucleo.o
                                                  build/i2c.o
HAL_GPIO_EXTI_Falling_Callback                    build/stm32c0xx_hal_gpio.o
HAL_GPIO_EXTI_IRQHandler                          build/stm32c0xx_hal_gpio.o
HAL_GPIO_EXTI_Rising_Callback                     build/stm32c0xx_hal_gpio.o
HAL_GPIO_Init                                     build/stm32c0xx_hal_gpio.o
                                                  build/stm32c0xx_hal_rcc_ex.o
                                                  build/stm32c0xx_hal_rcc.o
                                                  build/stm32c0xx_nucleo.o
                                                  build/i2c.o
HAL_GPIO_LockPin                                  build/stm32c0xx_hal_gpio.o
HAL_GPIO_ReadPin                                  build/stm32c0xx_hal_gpio.o
                                                  build/stm32c0xx_nucleo.o
HAL_GPIO_TogglePin                                build/stm32c0xx_hal_gpio.o
                                                  build/stm32c0xx_nucleo.o
HAL_GPIO_WriteMultipleStatePin                    build/stm32c0xx_hal_gpio.o
HAL_GPIO_WritePin                                 build/stm32c0xx_hal_gpio.o
                                                  build/stm32c0xx_nucleo.o
HAL_GetDEVID                                      build/stm32c0xx_hal.o
HAL_GetHalVersion                                 build/stm32c0xx_hal.o
HAL_GetREVID                                      build/stm32c0xx_hal.o
HAL_GetTick                                       build/stm32c0xx_hal.o
                                                  build/stm32c0xx_hal_uart.o
                                                  build/stm32c0xx_hal_uart_ex.o
                                                  build/stm32c0xx_hal_i2c.o
                                                  build/stm32c0xx_hal_dma.o
                                                  build/stm32c0xx_hal_flash.o
                                                  build/stm32c0xx_hal_rcc_ex.o
                                                  build/stm32c0xx_hal_rcc.o
HAL_GetTickFreq                                   build/stm32c0xx_hal.o
HAL_GetTickPrio                                   build/stm32c0xx_hal.o
HAL_GetUIDw0                                      build/stm32c0xx_hal.o
HAL_GetUIDw1                                      build/stm32c0xx_hal.o
HAL_GetUIDw2                                      build/stm32c0xx_hal.o
HAL_HalfDuplex_EnableReceiver                     build/stm32c0xx_hal_uart.o
HAL_HalfDuplex_EnableTransmitter                  build/stm32c0xx_hal_uart.o
HAL_HalfDuplex_Init                               build/stm32c0xx_hal_uart.o
HAL_I2CEx_ConfigAnalogFilter                      build/stm32c0xx_hal_i2c_ex.o
                                                  build/i2c.o
HAL_I2CEx_ConfigDigitalFilter                     build/stm32c0xx_hal_i2c_ex.o
                                                  build/i2c.o
HAL_I2CEx_DisableFastModePlus                     build/stm32c0xx_hal_i2c_ex.o
HAL_I2CEx_DisableWakeUp                           build/stm32c0xx_hal_i2c_ex.o
HAL_I2CEx_EnableFastModePlus                      build/stm32c0xx_hal_i2c_ex.o
HAL_I2CEx_EnableWakeUp                            build/stm32c0xx_hal_i2c_ex.o
HAL_I2C_AbortCpltCallback                         build/stm32c0xx_hal_i2c.o
HAL_I2C_AddrCallback                              build/stm32c0xx_hal_i2c.o
HAL_I2C_DeInit                                    build/stm32c0xx_hal_i2c.o
HAL_I2C_DisableListen_IT                          build/stm32c0xx_hal_i2c.o
HAL_I2C_ER_IRQHandler                             build/stm32c0xx_hal_i2c.o
                                                  build/stm32c0xx_it.o
HAL_I2C_EV_IRQHandler                             build/stm32c0xx_hal_i2c.o
                                                  build/stm32c0xx_it.o
HAL_I2C_EnableListen_IT                           build/stm32c0xx_hal_i2c.o
HAL_I2C_ErrorCallback                             build/stm32c0xx_hal_i2c.o
HAL_I2C_GetError                                  build/stm32c0xx_hal_i2c.o
HAL_I2C_GetMode                                   build/stm32c0xx_hal_i2c.o
HAL_I2C_GetState                                  build/stm32c0xx_hal_i2c.o
HAL_I2C_Init                                      build/stm32c0xx_hal_i2c.o
                                                  build/i2c.o
HAL_I2C_IsDeviceReady                             build/stm32c0xx_hal_i2c.o
HAL_I2C_ListenCpltCallback                        build/stm32c0xx_hal_i2c.o
HAL_I2C_MasterRxCpltCallback                      build/stm32c0xx_hal_i2c.o
HAL_I2C_MasterTxCpltCallback                      build/stm32c0xx_hal_i2c.o
HAL_I2C_Master_Abort_IT                           build/stm32c0xx_hal_i2c.o
HAL_I2C_Master_Receive                            build/stm32c0xx_hal_i2c.o
HAL_I2C_Master_Receive_DMA                        build/stm32c0xx_hal_i2c.o
HAL_I2C_Master_Receive_IT                         build/stm32c0xx_hal_i2c.o
HAL_I2C_Master_Seq_Receive_DMA                    build/stm32c0xx_hal_i2c.o
HAL_I2C_Master_Seq_Receive_IT                     build/stm32c0xx_hal_i2c.o
HAL_I2C_Master_Seq_Transmit_DMA                   build/stm32c0xx_hal_i2c.o
HAL_I2C_Master_Seq_Transmit_IT                    build/stm32c0xx_hal_i2c.o
HAL_I2C_Master_Transmit                           build/stm32c0xx_hal_i2c.o
                                                  build/lcd.o
HAL_I2C_Master_Transmit_DMA                       build/stm32c0xx_hal_i2c.o
HAL_I2C_Master_Transmit_IT                        build/stm32c0xx_hal_i2c.o
HAL_I2C_MemRxCpltCallback                         build/stm32c0xx_hal_i2c.o
HAL_I2C_MemTxCpltCallback                         build/stm32c0xx_hal_i2c.o
HAL_I2C_Mem_Read                                  build/stm32c0xx_hal_i2c.o
HAL_I2C_Mem_Read_DMA                              build/stm32c0xx_hal_i2c.o
HAL_I2C_Mem_Read_IT                               build/stm32c0xx_hal_i2c.o
HAL_I2C_Mem_Write                                 build/stm32c0xx_hal_i2c.o
HAL_I2C_Mem_Write_DMA                             build/stm32c0xx_hal_i2c.o
HAL_I2C_Mem_Write_IT                              build/stm32c0xx_hal_i2c.o
HAL_I2C_MspDeInit                                 build/i2c.o
HAL_I2C_MspInit                                   build/i2c.o
HAL_I2C_SlaveRxCpltCallback                       build/stm32c0xx_hal_i2c.o
HAL_I2C_SlaveTxCpltCallback                       build/stm32c0xx_hal_i2c.o
HAL_I2C_Slave_Receive                             build/stm32c0xx_hal_i2c.o
HAL_I2C_Slave_Receive_DMA                         build/stm32c0xx_hal_i2c.o
HAL_I2C_Slave_Receive_IT                          build/stm32c0xx_hal_i2c.o
HAL_I2C_Slave_Seq_Receive_DMA                     build/stm32c0xx_hal_i2c.o
HAL_I2C_Slave_Seq_Receive_IT                      build/stm32c0xx_hal_i2c.o
HAL_I2C_Slave_Seq_Transmit_DMA                    build/stm32c0xx_hal_i2c.o
HAL_I2C_Slave_Seq_Transmit_IT                     build/stm32c0xx_hal_i2c.o
HAL_I2C_Slave_Transmit                            build/stm32c0xx_hal_i2c.o
HAL_I2C_Slave_Transmit_DMA                        build/stm32c0xx_hal_i2c.o
HAL_I2C_Slave_Transmit_IT                         build/stm32c0xx_hal_i2c.o
HAL_IncTick                                       build/stm32c0xx_hal.o
                                                  build/stm32c0xx_it.o
HAL_Init                                          build/stm32c0xx_hal.o
                                                  build/main.o
HAL_InitTick                                      build/stm32c0xx_hal.o
                                                  build/stm32c0xx_hal_rcc.o
HAL_LIN_Init                                      build/stm32c0xx_hal_uart.o
HAL_LIN_SendBreak                                 build/stm32c0xx_hal_uart.o
HAL_MPU_ConfigRegion                              build/stm32c0xx_hal_cortex.o
HAL_MPU_Disable                                   build/stm32c0xx_hal_cortex.o
HAL_MPU_DisableRegion                             build/stm32c0xx_hal_cortex.o
HAL_MPU_Enable                                    build/stm32c0xx_hal_cortex.o
HAL_MPU_EnableRegion                              build/stm32c0xx_hal_cortex.o
HAL_MspDeInit                                     build/stm32c0xx_hal.o
HAL_MspInit                                       build/stm32c0xx_hal_msp.o
HAL_MultiProcessorEx_AddressLength_Set            build/stm32c0xx_hal_uart_ex.o
HAL_MultiProcessor_DisableMuteMode                build/stm32c0xx_hal_uart.o
HAL_MultiProcessor_EnableMuteMode                 build/stm32c0xx_hal_uart.o
HAL_MultiProcessor_EnterMuteMode                  build/stm32c0xx_hal_uart.o
HAL_MultiProcessor_Init                           build/stm32c0xx_hal_uart.o
HAL_NVIC_ClearPendingIRQ                          build/stm32c0xx_hal_cortex.o
HAL_NVIC_DisableIRQ                               build/stm32c0xx_hal_cortex.o
                                                  build/stm32c0xx_nucleo.o
                                                  build/i2c.o
HAL_NVIC_EnableIRQ                                build/stm32c0xx_hal_cortex.o
                                                  build/stm32c0xx_nucleo.o
                                                  build/i2c.o
                                                  build/dma.o
HAL_NVIC_GetPendingIRQ                            build/stm32c0xx_hal_cortex.o
HAL_NVIC_GetPriority                              build/stm32c0xx_hal_cortex.o
HAL_NVIC_SetPendingIRQ                            build/stm32c0xx_hal_cortex.o
HAL_NVIC_SetPriority                              build/stm32c0xx_hal_cortex.o
                                                  build/stm32c0xx_hal.o
                                                  build/stm32c0xx_nucleo.o
                                                  build/i2c.o
                                                  build/dma.o
HAL_NVIC_SystemReset                              build/stm32c0xx_hal_cortex.o
HAL_PWREx_BKUPRead                                build/stm32c0xx_hal_pwr_ex.o
HAL_PWREx_BKUPWrite                               build/stm32c0xx_hal_pwr_ex.o
HAL_PWREx_DisableFlashPowerDown                   build/stm32c0xx_hal_pwr_ex.o
HAL_PWREx_DisableGPIOPullDown                     build/stm32c0xx_hal_pwr_ex.o
HAL_PWREx_DisableGPIOPullUp                       build/stm32c0xx_hal_pwr_ex.o
HAL_PWREx_DisableInternalWakeUpLine               build/stm32c0xx_hal_pwr_ex.o
HAL_PWREx_DisablePullUpPullDownConfig             build/stm32c0xx_hal_pwr_ex.o
HAL_PWREx_EnableFlashPowerDown                    build/stm32c0xx_hal_pwr_ex.o
HAL_PWREx_EnableGPIOPullDown                      build/stm32c0xx_hal_pwr_ex.o
HAL_PWREx_EnableGPIOPullUp                        build/stm32c0xx_hal_pwr_ex.o
HAL_PWREx_EnableInternalWakeUpLine                build/stm32c0xx_hal_pwr_ex.o
HAL_PWREx_EnablePullUpPullDownConfig              build/stm32c0xx_hal_pwr_ex.o
HAL_PWREx_EnterSHUTDOWNMode                       build/stm32c0xx_hal_pwr_ex.o
HAL_PWR_DeInit                                    build/stm32c0xx_hal_pwr.o
HAL_PWR_DisableSEVOnPend                          build/stm32c0xx_hal_pwr.o
HAL_PWR_DisableSleepOnExit                        build/stm32c0xx_hal_pwr.o
HAL_PWR_DisableWakeUpPin                          build/stm32c0xx_hal_pwr.o
HAL_PWR_EnableSEVOnPend                           build/stm32c0xx_hal_pwr.o
HAL_PWR_EnableSleepOnExit                         build/stm32c0xx_hal_pwr.o
HAL_PWR_EnableWakeUpPin                           build/stm32c0xx_hal_pwr.o
HAL_PWR_EnterSLEEPMode                            build/stm32c0xx_hal_pwr.o
HAL_PWR_EnterSTANDBYMode                          build/stm32c0xx_hal_pwr.o
HAL_PWR_EnterSTOPMode                             build/stm32c0xx_hal_pwr.o
HAL_RCCEx_DisableLSCO                             build/stm32c0xx_hal_rcc_ex.o
HAL_RCCEx_EnableLSCO                              build/stm32c0xx_hal_rcc_ex.o
HAL_RCCEx_GetPeriphCLKConfig                      build/stm32c0xx_hal_rcc_ex.o
HAL_RCCEx_GetPeriphCLKFreq                        build/stm32c0xx_hal_rcc_ex.o
HAL_RCCEx_PeriphCLKConfig                         build/stm32c0xx_hal_rcc_ex.o
                                                  build/i2c.o
HAL_RCC_CSSCallback                               build/stm32c0xx_hal_rcc.o
HAL_RCC_ClockConfig                               build/stm32c0xx_hal_rcc.o
                                                  build/main.o
HAL_RCC_DeInit                                    build/stm32c0xx_hal_rcc.o
HAL_RCC_DisableLSECSS                             build/stm32c0xx_hal_rcc.o
HAL_RCC_EnableCSS                                 build/stm32c0xx_hal_rcc.o
HAL_RCC_EnableLSECSS                              build/stm32c0xx_hal_rcc.o
HAL_RCC_GetClockConfig                            build/stm32c0xx_hal_rcc.o
HAL_RCC_GetHCLKFreq                               build/stm32c0xx_hal_rcc.o
HAL_RCC_GetOscConfig                              build/stm32c0xx_hal_rcc.o
HAL_RCC_GetPCLK1Freq                              build/stm32c0xx_hal_rcc.o
                                                  build/stm32c0xx_hal_uart.o
                                                  build/stm32c0xx_hal_rcc_ex.o
HAL_RCC_GetSysClockFreq                           build/stm32c0xx_hal_rcc.o
                                                  build/stm32c0xx_hal_uart.o
                                                  build/stm32c0xx_hal_rcc_ex.o
HAL_RCC_LSECSSCallback                            build/stm32c0xx_hal_rcc.o
HAL_RCC_MCOConfig                                 build/stm32c0xx_hal_rcc.o
HAL_RCC_NMI_IRQHandler                            build/stm32c0xx_hal_rcc.o
HAL_RCC_OscConfig                                 build/stm32c0xx_hal_rcc.o
                                                  build/main.o
HAL_RS485Ex_Init                                  build/stm32c0xx_hal_uart_ex.o
HAL_ResumeTick                                    build/stm32c0xx_hal.o
HAL_SYSCFG_DisableRemap                           build/stm32c0xx_hal.o
HAL_SYSCFG_EnableRemap                            build/stm32c0xx_hal.o
HAL_SYSCFG_GetPinBinding                          build/stm32c0xx_hal.o
HAL_SYSCFG_SetPinBinding                          build/stm32c0xx_hal.o
HAL_SYSTICK_CLKSourceConfig                       build/stm32c0xx_hal_cortex.o
HAL_SYSTICK_Callback                              build/stm32c0xx_hal_cortex.o
HAL_SYSTICK_Config                                build/stm32c0xx_hal_cortex.o
                                                  build/stm32c0xx_hal.o
HAL_SYSTICK_IRQHandler                            build/stm32c0xx_hal_cortex.o
HAL_SetTickFreq                                   build/stm32c0xx_hal.o
HAL_SuspendTick                                   build/stm32c0xx_hal.o
HAL_UARTEx_DisableFifoMode                        build/stm32c0xx_hal_uart_ex.o
HAL_UARTEx_DisableStopMode                        build/stm32c0xx_hal_uart_ex.o
HAL_UARTEx_EnableFifoMode                         build/stm32c0xx_hal_uart_ex.o
HAL_UARTEx_EnableStopMode                         build/stm32c0xx_hal_uart_ex.o
HAL_UARTEx_GetRxEventType                         build/stm32c0xx_hal_uart_ex.o
HAL_UARTEx_ReceiveToIdle                          build/stm32c0xx_hal_uart_ex.o
HAL_UARTEx_ReceiveToIdle_DMA                      build/stm32c0xx_hal_uart_ex.o
HAL_UARTEx_ReceiveToIdle_IT                       build/stm32c0xx_hal_uart_ex.o
HAL_UARTEx_RxEventCallback                        build/stm32c0xx_hal_uart.o
HAL_UARTEx_RxFifoFullCallback                     build/stm32c0xx_hal_uart_ex.o
                                                  build/stm32c0xx_hal_uart.o
HAL_UARTEx_SetRxFifoThreshold                     build/stm32c0xx_hal_uart_ex.o
HAL_UARTEx_SetTxFifoThreshold                     build/stm32c0xx_hal_uart_ex.o
HAL_UARTEx_StopModeWakeUpSourceConfig             build/stm32c0xx_hal_uart_ex.o
HAL_UARTEx_TxFifoEmptyCallback                    build/stm32c0xx_hal_uart_ex.o
                                                  build/stm32c0xx_hal_uart.o
HAL_UARTEx_WakeupCallback                         build/stm32c0xx_hal_uart_ex.o
                                                  build/stm32c0xx_hal_uart.o
HAL_UART_Abort                                    build/stm32c0xx_hal_uart.o
HAL_UART_AbortCpltCallback                        build/stm32c0xx_hal_uart.o
HAL_UART_AbortReceive                             build/stm32c0xx_hal_uart.o
HAL_UART_AbortReceiveCpltCallback                 build/stm32c0xx_hal_uart.o
HAL_UART_AbortReceive_IT                          build/stm32c0xx_hal_uart.o
HAL_UART_AbortTransmit                            build/stm32c0xx_hal_uart.o
HAL_UART_AbortTransmitCpltCallback                build/stm32c0xx_hal_uart.o
HAL_UART_AbortTransmit_IT                         build/stm32c0xx_hal_uart.o
HAL_UART_Abort_IT                                 build/stm32c0xx_hal_uart.o
HAL_UART_DMAPause                                 build/stm32c0xx_hal_uart.o
HAL_UART_DMAResume                                build/stm32c0xx_hal_uart.o
HAL_UART_DMAStop                                  build/stm32c0xx_hal_uart.o
HAL_UART_DeInit                                   build/stm32c0xx_hal_uart.o
                                                  build/stm32c0xx_nucleo.o
HAL_UART_DisableReceiverTimeout                   build/stm32c0xx_hal_uart.o
HAL_UART_EnableReceiverTimeout                    build/stm32c0xx_hal_uart.o
HAL_UART_ErrorCallback                            build/stm32c0xx_hal_uart.o
HAL_UART_GetError                                 build/stm32c0xx_hal_uart.o
HAL_UART_GetState                                 build/stm32c0xx_hal_uart.o
HAL_UART_IRQHandler                               build/stm32c0xx_hal_uart.o
HAL_UART_Init                                     build/stm32c0xx_hal_uart.o
                                                  build/stm32c0xx_nucleo.o
HAL_UART_MspDeInit                                build/stm32c0xx_hal_uart.o
HAL_UART_MspInit                                  build/stm32c0xx_hal_uart.o
                                                  build/stm32c0xx_hal_uart_ex.o
HAL_UART_Receive                                  build/stm32c0xx_hal_uart.o
HAL_UART_Receive_DMA                              build/stm32c0xx_hal_uart.o
HAL_UART_Receive_IT                               build/stm32c0xx_hal_uart.o
HAL_UART_ReceiverTimeout_Config                   build/stm32c0xx_hal_uart.o
HAL_UART_RxCpltCallback                           build/stm32c0xx_hal_uart.o
HAL_UART_RxHalfCpltCallback                       build/stm32c0xx_hal_uart.o
HAL_UART_Transmit                                 build/stm32c0xx_hal_uart.o
                                                  build/stm32c0xx_nucleo.o
HAL_UART_Transmit_DMA                             build/stm32c0xx_hal_uart.o
HAL_UART_Transmit_IT                              build/stm32c0xx_hal_uart.o
HAL_UART_TxCpltCallback                           build/stm32c0xx_hal_uart.o
HAL_UART_TxHalfCpltCallback                       build/stm32c0xx_hal_uart.o
HardFault_Handler                                 build/stm32c0xx_it.o
I2C1_IRQHandler                                   build/stm32c0xx_it.o
MX_DMA_Init                                       build/dma.o
                                                  build/main.o
MX_GPIO_Init                                      build/gpio.o
                                                  build/main.o
MX_I2C1_Init                                      build/i2c.o
                                                  build/main.o
MX_USART2_Init                                    build/stm32c0xx_nucleo.o
NMI_Handler                                       build/stm32c0xx_it.o
PendSV_Handler                                    build/stm32c0xx_it.o
RCC_IRQHandler                                    build/startup_stm32c031xx.o
RTC_IRQHandler                                    build/startup_stm32c031xx.o
Reset_Handler                                     build/startup_stm32c031xx.o
SPI1_IRQHandler                                   build/startup_stm32c031xx.o
SVC_Handler                                       build/stm32c0xx_it.o
SysTick_Handler                                   build/stm32c0xx_it.o
SystemClock_Config                                build/main.o
SystemCoreClock                                   build/system_stm32c0xx.o
                                                  build/stm32c0xx_hal_rcc.o
                                                  build/stm32c0xx_hal.o
SystemCoreClockUpdate                             build/system_stm32c0xx.o
SystemInit                                        build/system_stm32c0xx.o
                                                  build/startup_stm32c031xx.o
TIM14_IRQHandler                                  build/startup_stm32c031xx.o
TIM16_IRQHandler                                  build/startup_stm32c031xx.o
TIM17_IRQHandler                                  build/startup_stm32c031xx.o
TIM1_BRK_UP_TRG_COM_IRQHandler                    build/startup_stm32c031xx.o
TIM1_CC_IRQHandler                                build/startup_stm32c031xx.o
TIM3_IRQHandler                                   build/startup_stm32c031xx.o
UARTPrescTable                                    build/stm32c0xx_hal_uart.o
UART_AdvFeatureConfig                             build/stm32c0xx_hal_uart.o
                                                  build/stm32c0xx_hal_uart_ex.o
UART_CheckIdleState                               build/stm32c0xx_hal_uart.o
                                                  build/stm32c0xx_hal_uart_ex.o
UART_SetConfig                                    build/stm32c0xx_hal_uart.o
                                                  build/stm32c0xx_hal_uart_ex.o
UART_Start_Receive_DMA                            build/stm32c0xx_hal_uart.o
                                                  build/stm32c0xx_hal_uart_ex.o
UART_Start_Receive_IT                             build/stm32c0xx_hal_uart.o
                                                  build/stm32c0xx_hal_uart_ex.o
UART_WaitOnFlagUntilTimeout                       build/stm32c0xx_hal_uart.o
                                                  build/stm32c0xx_hal_uart_ex.o
USART1_IRQHandler                                 build/startup_stm32c031xx.o
USART2_IRQHandler                                 build/startup_stm32c031xx.o
WWDG_IRQHandler                                   build/startup_stm32c031xx.o
_Min_Stack_Size                                   build/sysmem.o
__aeabi_idiv                                      c:/program files (x86)/gnu arm embedded toolchain/10 2021.10/bin/../lib/gcc/arm-none-eabi/10.3.1/thumb/v6-m/nofp\libgcc.a(_divsi3.o)
                                                  build/stm32c0xx_hal_uart_ex.o
__aeabi_idiv0                                     c:/program files (x86)/gnu arm embedded toolchain/10 2021.10/bin/../lib/gcc/arm-none-eabi/10.3.1/thumb/v6-m/nofp\libgcc.a(_dvmd_tls.o)
                                                  c:/program files (x86)/gnu arm embedded toolchain/10 2021.10/bin/../lib/gcc/arm-none-eabi/10.3.1/thumb/v6-m/nofp\libgcc.a(_divsi3.o)
                                                  c:/program files (x86)/gnu arm embedded toolchain/10 2021.10/bin/../lib/gcc/arm-none-eabi/10.3.1/thumb/v6-m/nofp\libgcc.a(_udivsi3.o)
__aeabi_idivmod                                   c:/program files (x86)/gnu arm embedded toolchain/10 2021.10/bin/../lib/gcc/arm-none-eabi/10.3.1/thumb/v6-m/nofp\libgcc.a(_divsi3.o)
__aeabi_ldiv0                                     c:/program files (x86)/gnu arm embedded toolchain/10 2021.10/bin/../lib/gcc/arm-none-eabi/10.3.1/thumb/v6-m/nofp\libgcc.a(_dvmd_tls.o)
__aeabi_uidiv                                     c:/program files (x86)/gnu arm embedded toolchain/10 2021.10/bin/../lib/gcc/arm-none-eabi/10.3.1/thumb/v6-m/nofp\libgcc.a(_udivsi3.o)
                                                  build/stm32c0xx_hal_uart.o
                                                  build/stm32c0xx_hal_dma.o
                                                  build/stm32c0xx_hal_rcc_ex.o
                                                  build/stm32c0xx_hal.o
__aeabi_uidivmod                                  c:/program files (x86)/gnu arm embedded toolchain/10 2021.10/bin/../lib/gcc/arm-none-eabi/10.3.1/thumb/v6-m/nofp\libgcc.a(_udivsi3.o)
__bss_end__                                       c:/program files (x86)/gnu arm embedded toolchain/10 2021.10/bin/../lib/gcc/arm-none-eabi/10.3.1/../../../../arm-none-eabi/lib/thumb/v6-m/nofp/crt0.o
__bss_start__                                     c:/program files (x86)/gnu arm embedded toolchain/10 2021.10/bin/../lib/gcc/arm-none-eabi/10.3.1/../../../../arm-none-eabi/lib/thumb/v6-m/nofp/crt0.o
__call_exitprocs                                  c:/program files (x86)/gnu arm embedded toolchain/10 2021.10/bin/../lib/gcc/arm-none-eabi/10.3.1/../../../../arm-none-eabi/lib/thumb/v6-m/nofp\libc_nano.a(lib_a-exit.o)
__deregister_frame_info                           c:/program files (x86)/gnu arm embedded toolchain/10 2021.10/bin/../lib/gcc/arm-none-eabi/10.3.1/thumb/v6-m/nofp/crtbegin.o
__divsi3                                          c:/program files (x86)/gnu arm embedded toolchain/10 2021.10/bin/../lib/gcc/arm-none-eabi/10.3.1/thumb/v6-m/nofp\libgcc.a(_divsi3.o)
__dso_handle                                      c:/program files (x86)/gnu arm embedded toolchain/10 2021.10/bin/../lib/gcc/arm-none-eabi/10.3.1/thumb/v6-m/nofp/crtbegin.o
__env                                             build/syscalls.o
__errno                                           c:/program files (x86)/gnu arm embedded toolchain/10 2021.10/bin/../lib/gcc/arm-none-eabi/10.3.1/../../../../arm-none-eabi/lib/thumb/v6-m/nofp\libc_nano.a(lib_a-errno.o)
                                                  build/syscalls.o
                                                  build/sysmem.o
__init_array_end                                  c:/program files (x86)/gnu arm embedded toolchain/10 2021.10/bin/../lib/gcc/arm-none-eabi/10.3.1/../../../../arm-none-eabi/lib/thumb/v6-m/nofp\libc_nano.a(lib_a-init.o)
__init_array_start                                c:/program files (x86)/gnu arm embedded toolchain/10 2021.10/bin/../lib/gcc/arm-none-eabi/10.3.1/../../../../arm-none-eabi/lib/thumb/v6-m/nofp\libc_nano.a(lib_a-init.o)
__io_getchar                                      build/syscalls.o
__io_putchar                                      build/stm32c0xx_nucleo.o
                                                  build/syscalls.o
__libc_fini_array                                 c:/program files (x86)/gnu arm embedded toolchain/10 2021.10/bin/../lib/gcc/arm-none-eabi/10.3.1/../../../../arm-none-eabi/lib/thumb/v6-m/nofp/crt0.o
__libc_init_array                                 c:/program files (x86)/gnu arm embedded toolchain/10 2021.10/bin/../lib/gcc/arm-none-eabi/10.3.1/../../../../arm-none-eabi/lib/thumb/v6-m/nofp\libc_nano.a(lib_a-init.o)
                                                  build/startup_stm32c031xx.o
                                                  c:/program files (x86)/gnu arm embedded toolchain/10 2021.10/bin/../lib/gcc/arm-none-eabi/10.3.1/../../../../arm-none-eabi/lib/thumb/v6-m/nofp/crt0.o
__preinit_array_end                               c:/program files (x86)/gnu arm embedded toolchain/10 2021.10/bin/../lib/gcc/arm-none-eabi/10.3.1/../../../../arm-none-eabi/lib/thumb/v6-m/nofp\libc_nano.a(lib_a-init.o)
__preinit_array_start                             c:/program files (x86)/gnu arm embedded toolchain/10 2021.10/bin/../lib/gcc/arm-none-eabi/10.3.1/../../../../arm-none-eabi/lib/thumb/v6-m/nofp\libc_nano.a(lib_a-init.o)
__register_frame_info                             c:/program files (x86)/gnu arm embedded toolchain/10 2021.10/bin/../lib/gcc/arm-none-eabi/10.3.1/thumb/v6-m/nofp/crtbegin.o
__sf_fake_stderr                                  c:/program files (x86)/gnu arm embedded toolchain/10 2021.10/bin/../lib/gcc/arm-none-eabi/10.3.1/../../../../arm-none-eabi/lib/thumb/v6-m/nofp\libc_nano.a(lib_a-impure.o)
__sf_fake_stdin                                   c:/program files (x86)/gnu arm embedded toolchain/10 2021.10/bin/../lib/gcc/arm-none-eabi/10.3.1/../../../../arm-none-eabi/lib/thumb/v6-m/nofp\libc_nano.a(lib_a-impure.o)
__sf_fake_stdout                                  c:/program files (x86)/gnu arm embedded toolchain/10 2021.10/bin/../lib/gcc/arm-none-eabi/10.3.1/../../../../arm-none-eabi/lib/thumb/v6-m/nofp\libc_nano.a(lib_a-impure.o)
__stack                                           c:/program files (x86)/gnu arm embedded toolchain/10 2021.10/bin/../lib/gcc/arm-none-eabi/10.3.1/../../../../arm-none-eabi/lib/thumb/v6-m/nofp/crt0.o
__udivsi3                                         c:/program files (x86)/gnu arm embedded toolchain/10 2021.10/bin/../lib/gcc/arm-none-eabi/10.3.1/thumb/v6-m/nofp\libgcc.a(_udivsi3.o)
_close                                            build/syscalls.o
_ebss                                             build/startup_stm32c031xx.o
_edata                                            build/startup_stm32c031xx.o
_end                                              build/sysmem.o
_estack                                           build/startup_stm32c031xx.o
                                                  build/sysmem.o
_execve                                           build/syscalls.o
_exit                                             build/syscalls.o
                                                  c:/program files (x86)/gnu arm embedded toolchain/10 2021.10/bin/../lib/gcc/arm-none-eabi/10.3.1/../../../../arm-none-eabi/lib/thumb/v6-m/nofp\libc_nano.a(lib_a-exit.o)
_fini                                             c:/program files (x86)/gnu arm embedded toolchain/10 2021.10/bin/../lib/gcc/arm-none-eabi/10.3.1/thumb/v6-m/nofp/crti.o
_fork                                             build/syscalls.o
_fstat                                            build/syscalls.o
_getpid                                           build/syscalls.o
_global_impure_ptr                                c:/program files (x86)/gnu arm embedded toolchain/10 2021.10/bin/../lib/gcc/arm-none-eabi/10.3.1/../../../../arm-none-eabi/lib/thumb/v6-m/nofp\libc_nano.a(lib_a-impure.o)
                                                  c:/program files (x86)/gnu arm embedded toolchain/10 2021.10/bin/../lib/gcc/arm-none-eabi/10.3.1/../../../../arm-none-eabi/lib/thumb/v6-m/nofp\libc_nano.a(lib_a-exit.o)
_impure_ptr                                       c:/program files (x86)/gnu arm embedded toolchain/10 2021.10/bin/../lib/gcc/arm-none-eabi/10.3.1/../../../../arm-none-eabi/lib/thumb/v6-m/nofp\libc_nano.a(lib_a-impure.o)
                                                  c:/program files (x86)/gnu arm embedded toolchain/10 2021.10/bin/../lib/gcc/arm-none-eabi/10.3.1/../../../../arm-none-eabi/lib/thumb/v6-m/nofp\libc_nano.a(lib_a-errno.o)
_init                                             c:/program files (x86)/gnu arm embedded toolchain/10 2021.10/bin/../lib/gcc/arm-none-eabi/10.3.1/thumb/v6-m/nofp/crti.o
                                                  c:/program files (x86)/gnu arm embedded toolchain/10 2021.10/bin/../lib/gcc/arm-none-eabi/10.3.1/../../../../arm-none-eabi/lib/thumb/v6-m/nofp\libc_nano.a(lib_a-init.o)
_isatty                                           build/syscalls.o
_kill                                             build/syscalls.o
_link                                             build/syscalls.o
_lseek                                            build/syscalls.o
_mainCRTStartup                                   c:/program files (x86)/gnu arm embedded toolchain/10 2021.10/bin/../lib/gcc/arm-none-eabi/10.3.1/../../../../arm-none-eabi/lib/thumb/v6-m/nofp/crt0.o
_open                                             build/syscalls.o
_read                                             build/syscalls.o
_sbrk                                             build/sysmem.o
_sbss                                             build/startup_stm32c031xx.o
_sdata                                            build/startup_stm32c031xx.o
_sidata                                           build/startup_stm32c031xx.o
_stack_init                                       c:/program files (x86)/gnu arm embedded toolchain/10 2021.10/bin/../lib/gcc/arm-none-eabi/10.3.1/../../../../arm-none-eabi/lib/thumb/v6-m/nofp/crt0.o
_start                                            c:/program files (x86)/gnu arm embedded toolchain/10 2021.10/bin/../lib/gcc/arm-none-eabi/10.3.1/../../../../arm-none-eabi/lib/thumb/v6-m/nofp/crt0.o
_stat                                             build/syscalls.o
_times                                            build/syscalls.o
_unlink                                           build/syscalls.o
_wait                                             build/syscalls.o
_write                                            build/syscalls.o
atexit                                            c:/program files (x86)/gnu arm embedded toolchain/10 2021.10/bin/../lib/gcc/arm-none-eabi/10.3.1/../../../../arm-none-eabi/lib/thumb/v6-m/nofp/crt0.o
environ                                           build/syscalls.o
exit                                              c:/program files (x86)/gnu arm embedded toolchain/10 2021.10/bin/../lib/gcc/arm-none-eabi/10.3.1/../../../../arm-none-eabi/lib/thumb/v6-m/nofp\libc_nano.a(lib_a-exit.o)
                                                  c:/program files (x86)/gnu arm embedded toolchain/10 2021.10/bin/../lib/gcc/arm-none-eabi/10.3.1/../../../../arm-none-eabi/lib/thumb/v6-m/nofp/crt0.o
g_pfnVectors                                      build/startup_stm32c031xx.o
hardware_init_hook                                c:/program files (x86)/gnu arm embedded toolchain/10 2021.10/bin/../lib/gcc/arm-none-eabi/10.3.1/../../../../arm-none-eabi/lib/thumb/v6-m/nofp/crt0.o
hcom_uart                                         build/stm32c0xx_nucleo.o
hdma_i2c1_tx                                      build/i2c.o
                                                  build/stm32c0xx_it.o
hi2c1                                             build/i2c.o
                                                  build/stm32c0xx_it.o
                                                  build/main.o
hpb_exti                                          build/stm32c0xx_nucleo.o
initialise_monitor_handles                        build/syscalls.o
lcd_init                                          build/lcd.o
                                                  build/main.o
lcd_send_cmd                                      build/lcd.o
                                                  build/main.o
lcd_send_data                                     build/lcd.o
lcd_send_string                                   build/lcd.o
                                                  build/main.o
main                                              build/main.o
                                                  build/startup_stm32c031xx.o
                                                  c:/program files (x86)/gnu arm embedded toolchain/10 2021.10/bin/../lib/gcc/arm-none-eabi/10.3.1/../../../../arm-none-eabi/lib/thumb/v6-m/nofp/crt0.o
memset                                            c:/program files (x86)/gnu arm embedded toolchain/10 2021.10/bin/../lib/gcc/arm-none-eabi/10.3.1/../../../../arm-none-eabi/lib/thumb/v6-m/nofp\libc_nano.a(lib_a-memset.o)
                                                  build/i2c.o
                                                  build/main.o
                                                  c:/program files (x86)/gnu arm embedded toolchain/10 2021.10/bin/../lib/gcc/arm-none-eabi/10.3.1/../../../../arm-none-eabi/lib/thumb/v6-m/nofp/crt0.o
pFlash                                            build/stm32c0xx_hal_flash.o
                                                  build/stm32c0xx_hal_flash_ex.o
software_init_hook                                c:/program files (x86)/gnu arm embedded toolchain/10 2021.10/bin/../lib/gcc/arm-none-eabi/10.3.1/../../../../arm-none-eabi/lib/thumb/v6-m/nofp/crt0.o
uwTick                                            build/stm32c0xx_hal.o
uwTickFreq                                        build/stm32c0xx_hal.o
uwTickPrio                                        build/stm32c0xx_hal.o
                                                  build/stm32c0xx_hal_rcc.o
